Archive member included to satisfy reference by file (symbol)

d:/archivos de programa/stm32cubeide_1.9.0/stm32cubeide/plugins/com.st.stm32cube.ide.mcu.externaltools.gnu-tools-for-stm32.10.3-2021.10.win32_1.0.0.202111181127/tools/bin/../lib/gcc/arm-none-eabi/10.3.1/../../../../arm-none-eabi/lib/thumb/v7e-m+dp/hard\libc_nano.a(lib_a-errno.o)
                              ./Core/Src/syscalls.o (__errno)
d:/archivos de programa/stm32cubeide_1.9.0/stm32cubeide/plugins/com.st.stm32cube.ide.mcu.externaltools.gnu-tools-for-stm32.10.3-2021.10.win32_1.0.0.202111181127/tools/bin/../lib/gcc/arm-none-eabi/10.3.1/../../../../arm-none-eabi/lib/thumb/v7e-m+dp/hard\libc_nano.a(lib_a-exit.o)
                              d:/archivos de programa/stm32cubeide_1.9.0/stm32cubeide/plugins/com.st.stm32cube.ide.mcu.externaltools.gnu-tools-for-stm32.10.3-2021.10.win32_1.0.0.202111181127/tools/bin/../lib/gcc/arm-none-eabi/10.3.1/../../../../arm-none-eabi/lib/thumb/v7e-m+dp/hard/crt0.o (exit)
d:/archivos de programa/stm32cubeide_1.9.0/stm32cubeide/plugins/com.st.stm32cube.ide.mcu.externaltools.gnu-tools-for-stm32.10.3-2021.10.win32_1.0.0.202111181127/tools/bin/../lib/gcc/arm-none-eabi/10.3.1/../../../../arm-none-eabi/lib/thumb/v7e-m+dp/hard\libc_nano.a(lib_a-impure.o)
                              d:/archivos de programa/stm32cubeide_1.9.0/stm32cubeide/plugins/com.st.stm32cube.ide.mcu.externaltools.gnu-tools-for-stm32.10.3-2021.10.win32_1.0.0.202111181127/tools/bin/../lib/gcc/arm-none-eabi/10.3.1/../../../../arm-none-eabi/lib/thumb/v7e-m+dp/hard\libc_nano.a(lib_a-exit.o) (_global_impure_ptr)
d:/archivos de programa/stm32cubeide_1.9.0/stm32cubeide/plugins/com.st.stm32cube.ide.mcu.externaltools.gnu-tools-for-stm32.10.3-2021.10.win32_1.0.0.202111181127/tools/bin/../lib/gcc/arm-none-eabi/10.3.1/../../../../arm-none-eabi/lib/thumb/v7e-m+dp/hard\libc_nano.a(lib_a-init.o)
                              d:/archivos de programa/stm32cubeide_1.9.0/stm32cubeide/plugins/com.st.stm32cube.ide.mcu.externaltools.gnu-tools-for-stm32.10.3-2021.10.win32_1.0.0.202111181127/tools/bin/../lib/gcc/arm-none-eabi/10.3.1/../../../../arm-none-eabi/lib/thumb/v7e-m+dp/hard/crt0.o (__libc_init_array)
d:/archivos de programa/stm32cubeide_1.9.0/stm32cubeide/plugins/com.st.stm32cube.ide.mcu.externaltools.gnu-tools-for-stm32.10.3-2021.10.win32_1.0.0.202111181127/tools/bin/../lib/gcc/arm-none-eabi/10.3.1/../../../../arm-none-eabi/lib/thumb/v7e-m+dp/hard\libc_nano.a(lib_a-memcpy-stub.o)
                              ./Core/Src/operaciones.o (memcpy)
d:/archivos de programa/stm32cubeide_1.9.0/stm32cubeide/plugins/com.st.stm32cube.ide.mcu.externaltools.gnu-tools-for-stm32.10.3-2021.10.win32_1.0.0.202111181127/tools/bin/../lib/gcc/arm-none-eabi/10.3.1/../../../../arm-none-eabi/lib/thumb/v7e-m+dp/hard\libc_nano.a(lib_a-memset.o)
                              d:/archivos de programa/stm32cubeide_1.9.0/stm32cubeide/plugins/com.st.stm32cube.ide.mcu.externaltools.gnu-tools-for-stm32.10.3-2021.10.win32_1.0.0.202111181127/tools/bin/../lib/gcc/arm-none-eabi/10.3.1/../../../../arm-none-eabi/lib/thumb/v7e-m+dp/hard/crt0.o (memset)
d:/archivos de programa/stm32cubeide_1.9.0/stm32cubeide/plugins/com.st.stm32cube.ide.mcu.externaltools.gnu-tools-for-stm32.10.3-2021.10.win32_1.0.0.202111181127/tools/bin/../lib/gcc/arm-none-eabi/10.3.1/../../../../arm-none-eabi/lib/thumb/v7e-m+dp/hard\libc_nano.a(lib_a-strtod.o)
                              ./Core/Src/interpretaComando.o (strtod)
d:/archivos de programa/stm32cubeide_1.9.0/stm32cubeide/plugins/com.st.stm32cube.ide.mcu.externaltools.gnu-tools-for-stm32.10.3-2021.10.win32_1.0.0.202111181127/tools/bin/../lib/gcc/arm-none-eabi/10.3.1/../../../../arm-none-eabi/lib/thumb/v7e-m+dp/hard\libc_nano.a(lib_a-gdtoa-gethex.o)
                              d:/archivos de programa/stm32cubeide_1.9.0/stm32cubeide/plugins/com.st.stm32cube.ide.mcu.externaltools.gnu-tools-for-stm32.10.3-2021.10.win32_1.0.0.202111181127/tools/bin/../lib/gcc/arm-none-eabi/10.3.1/../../../../arm-none-eabi/lib/thumb/v7e-m+dp/hard\libc_nano.a(lib_a-strtod.o) (__gethex)
d:/archivos de programa/stm32cubeide_1.9.0/stm32cubeide/plugins/com.st.stm32cube.ide.mcu.externaltools.gnu-tools-for-stm32.10.3-2021.10.win32_1.0.0.202111181127/tools/bin/../lib/gcc/arm-none-eabi/10.3.1/../../../../arm-none-eabi/lib/thumb/v7e-m+dp/hard\libc_nano.a(lib_a-gdtoa-hexnan.o)
                              d:/archivos de programa/stm32cubeide_1.9.0/stm32cubeide/plugins/com.st.stm32cube.ide.mcu.externaltools.gnu-tools-for-stm32.10.3-2021.10.win32_1.0.0.202111181127/tools/bin/../lib/gcc/arm-none-eabi/10.3.1/../../../../arm-none-eabi/lib/thumb/v7e-m+dp/hard\libc_nano.a(lib_a-strtod.o) (__match)
d:/archivos de programa/stm32cubeide_1.9.0/stm32cubeide/plugins/com.st.stm32cube.ide.mcu.externaltools.gnu-tools-for-stm32.10.3-2021.10.win32_1.0.0.202111181127/tools/bin/../lib/gcc/arm-none-eabi/10.3.1/../../../../arm-none-eabi/lib/thumb/v7e-m+dp/hard\libc_nano.a(lib_a-lnumeric.o)
[...]
Memory Configuration

Name             Origin             Length             Attributes
DTCMRAM          0x0000000020000000 0x0000000000020000 xrw
ITCMRAM          0x0000000000000000 0x0000000000010000 xrw
RAM_D1           0x0000000024000000 0x0000000000080000 xrw
RAM_D2           0x0000000030000000 0x0000000000048000 xrw
RAM_D3           0x0000000038000000 0x0000000000010000 xrw
FLASH            0x0000000008000000 0x0000000000200000 xr
*default*        0x0000000000000000 0xffffffffffffffff

Linker script and memory map

LOAD d:/archivos de programa/stm32cubeide_1.9.0/stm32cubeide/plugins/com.st.stm32cube.ide.mcu.externaltools.gnu-tools-for-stm32.10.3-2021.10.win32_1.0.0.202111181127/tools/bin/../lib/gcc/arm-none-eabi/10.3.1/thumb/v7e-m+dp/hard/crti.o
LOAD d:/archivos de programa/stm32cubeide_1.9.0/stm32cubeide/plugins/com.st.stm32cube.ide.mcu.externaltools.gnu-tools-for-stm32.10.3-2021.10.win32_1.0.0.202111181127/tools/bin/../lib/gcc/arm-none-eabi/10.3.1/thumb/v7e-m+dp/hard/crtbegin.o
LOAD d:/archivos de programa/stm32cubeide_1.9.0/stm32cubeide/plugins/com.st.stm32cube.ide.mcu.externaltools.gnu-tools-for-stm32.10.3-2021.10.win32_1.0.0.202111181127/tools/bin/../lib/gcc/arm-none-eabi/10.3.1/../../../../arm-none-eabi/lib/thumb/v7e-m+dp/hard/crt0.o
LOAD ./Core/Src/cinematica.o
LOAD ./Core/Src/debug.o
LOAD ./Core/Src/gpio.o
LOAD ./Core/Src/homing.o
LOAD ./Core/Src/interpretaComando.o
LOAD ./Core/Src/main.o
LOAD ./Core/Src/motor.o
LOAD ./Core/Src/operaciones.o
LOAD ./Core/Src/stm32h7xx_hal_msp.o
LOAD ./Core/Src/stm32h7xx_it.o
LOAD ./Core/Src/syscalls.o
LOAD ./Core/Src/sysmem.o
LOAD ./Core/Src/system_stm32h7xx.o
LOAD ./Core/Src/tim.o
LOAD ./Core/Src/trayectoria.o
LOAD ./Core/Src/usart.o
LOAD ./Core/Startup/startup_stm32h743zitx.o
LOAD ./Drivers/STM32H7xx_HAL_Driver/Src/stm32h7xx_hal.o
LOAD ./Drivers/STM32H7xx_HAL_Driver/Src/stm32h7xx_hal_cortex.o
LOAD ./Drivers/STM32H7xx_HAL_Driver/Src/stm32h7xx_hal_dma.o
LOAD ./Drivers/STM32H7xx_HAL_Driver/Src/stm32h7xx_hal_dma_ex.o
LOAD ./Drivers/STM32H7xx_HAL_Driver/Src/stm32h7xx_hal_exti.o
LOAD ./Drivers/STM32H7xx_HAL_Driver/Src/stm32h7xx_hal_flash.o
LOAD ./Drivers/STM32H7xx_HAL_Driver/Src/stm32h7xx_hal_flash_ex.o
LOAD ./Drivers/STM32H7xx_HAL_Driver/Src/stm32h7xx_hal_gpio.o
LOAD ./Drivers/STM32H7xx_HAL_Driver/Src/stm32h7xx_hal_hsem.o
LOAD ./Drivers/STM32H7xx_HAL_Driver/Src/stm32h7xx_hal_i2c.o
LOAD ./Drivers/STM32H7xx_HAL_Driver/Src/stm32h7xx_hal_i2c_ex.o
LOAD ./Drivers/STM32H7xx_HAL_Driver/Src/stm32h7xx_hal_mdma.o
LOAD ./Drivers/STM32H7xx_HAL_Driver/Src/stm32h7xx_hal_pwr.o
LOAD ./Drivers/STM32H7xx_HAL_Driver/Src/stm32h7xx_hal_pwr_ex.o
LOAD ./Drivers/STM32H7xx_HAL_Driver/Src/stm32h7xx_hal_rcc.o
LOAD ./Drivers/STM32H7xx_HAL_Driver/Src/stm32h7xx_hal_rcc_ex.o
LOAD ./Drivers/STM32H7xx_HAL_Driver/Src/stm32h7xx_hal_tim.o
LOAD ./Drivers/STM32H7xx_HAL_Driver/Src/stm32h7xx_hal_tim_ex.o
LOAD ./Drivers/STM32H7xx_HAL_Driver/Src/stm32h7xx_hal_uart.o
LOAD ./Drivers/STM32H7xx_HAL_Driver/Src/stm32h7xx_hal_uart_ex.o
START GROUP
LOAD d:/archivos de programa/stm32cubeide_1.9.0/stm32cubeide/plugins/com.st.stm32cube.ide.mcu.externaltools.gnu-tools-for-stm32.10.3-2021.10.win32_1.0.0.202111181127/tools/bin/../lib/gcc/arm-none-eabi/10.3.1/../../../../arm-none-eabi/lib/thumb/v7e-m+dp/hard\libc_nano.a
LOAD d:/archivos de programa/stm32cubeide_1.9.0/stm32cubeide/plugins/com.st.stm32cube.ide.mcu.externaltools.gnu-tools-for-stm32.10.3-2021.10.win32_1.0.0.202111181127/tools/bin/../lib/gcc/arm-none-eabi/10.3.1/../../../../arm-none-eabi/lib/thumb/v7e-m+dp/hard\libm.a
END GROUP
START GROUP
LOAD d:/archivos de programa/stm32cubeide_1.9.0/stm32cubeide/plugins/com.st.stm32cube.ide.mcu.externaltools.gnu-tools-for-stm32.10.3-2021.10.win32_1.0.0.202111181127/tools/bin/../lib/gcc/arm-none-eabi/10.3.1/thumb/v7e-m+dp/hard\libgcc.a
LOAD d:/archivos de programa/stm32cubeide_1.9.0/stm32cubeide/plugins/com.st.stm32cube.ide.mcu.externaltools.gnu-tools-for-stm32.10.3-2021.10.win32_1.0.0.202111181127/tools/bin/../lib/gcc/arm-none-eabi/10.3.1/../../../../arm-none-eabi/lib/thumb/v7e-m+dp/hard\libc_nano.a
END GROUP
START GROUP
LOAD d:/archivos de programa/stm32cubeide_1.9.0/stm32cubeide/plugins/com.st.stm32cube.ide.mcu.externaltools.gnu-tools-for-stm32.10.3-2021.10.win32_1.0.0.202111181127/tools/bin/../lib/gcc/arm-none-eabi/10.3.1/thumb/v7e-m+dp/hard\libgcc.a
LOAD d:/archivos de programa/stm32cubeide_1.9.0/stm32cubeide/plugins/com.st.stm32cube.ide.mcu.externaltools.gnu-tools-for-stm32.10.3-2021.10.win32_1.0.0.202111181127/tools/bin/../lib/gcc/arm-none-eabi/10.3.1/../../../../arm-none-eabi/lib/thumb/v7e-m+dp/hard\libc_nano.a
LOAD d:/archivos de programa/stm32cubeide_1.9.0/stm32cubeide/plugins/com.st.stm32cube.ide.mcu.externaltools.gnu-tools-for-stm32.10.3-2021.10.win32_1.0.0.202111181127/tools/bin/../lib/gcc/arm-none-eabi/10.3.1/../../../../arm-none-eabi/lib/thumb/v7e-m+dp/hard\libnosys.a
END GROUP
START GROUP
LOAD d:/archivos de programa/stm32cubeide_1.9.0/stm32cubeide/plugins/com.st.stm32cube.ide.mcu.externaltools.gnu-tools-for-stm32.10.3-2021.10.win32_1.0.0.202111181127/tools/bin/../lib/gcc/arm-none-eabi/10.3.1/thumb/v7e-m+dp/hard\libgcc.a
LOAD d:/archivos de programa/stm32cubeide_1.9.0/stm32cubeide/plugins/com.st.stm32cube.ide.mcu.externaltools.gnu-tools-for-stm32.10.3-2021.10.win32_1.0.0.202111181127/tools/bin/../lib/gcc/arm-none-eabi/10.3.1/../../../../arm-none-eabi/lib/thumb/v7e-m+dp/hard\libc_nano.a
LOAD d:/archivos de programa/stm32cubeide_1.9.0/stm32cubeide/plugins/com.st.stm32cube.ide.mcu.externaltools.gnu-tools-for-stm32.10.3-2021.10.win32_1.0.0.202111181127/tools/bin/../lib/gcc/arm-none-eabi/10.3.1/../../../../arm-none-eabi/lib/thumb/v7e-m+dp/hard\libnosys.a
END GROUP
LOAD d:/archivos de programa/stm32cubeide_1.9.0/stm32cubeide/plugins/com.st.stm32cube.ide.mcu.externaltools.gnu-tools-for-stm32.10.3-2021.10.win32_1.0.0.202111181127/tools/bin/../lib/gcc/arm-none-eabi/10.3.1/thumb/v7e-m+dp/hard/crtend.o
LOAD d:/archivos de programa/stm32cubeide_1.9.0/stm32cubeide/plugins/com.st.stm32cube.ide.mcu.externaltools.gnu-tools-for-stm32.10.3-2021.10.win32_1.0.0.202111181127/tools/bin/../lib/gcc/arm-none-eabi/10.3.1/thumb/v7e-m+dp/hard/crtn.o
                0x0000000024080000                _estack = (ORIGIN (RAM_D1) + LENGTH (RAM_D1))
                0x0000000000000200                _Min_Heap_Size = 0x200
                0x0000000000000400                _Min_Stack_Size = 0x400

.isr_vector     0x0000000008000000      0x298
                0x0000000008000000                . = ALIGN (0x4)
 *(.isr_vector)
 .isr_vector    0x0000000008000000      0x298 ./Core/Startup/startup_stm32h743zitx.o
                0x0000000008000000                g_pfnVectors
                0x0000000008000298                . = ALIGN (0x4)

.text           0x00000000080002a0    0x122bc
                0x00000000080002a0                . = ALIGN (0x4)
 *(.text)
 .text          0x00000000080002a0       0x40 d:/archivos de programa/stm32cubeide_1.9.0/stm32cubeide/plugins/com.st.stm32cube.ide.mcu.externaltools.gnu-tools-for-stm32.10.3-2021.10.win32_1.0.0.202111181127/tools/bin/../lib/gcc/arm-none-eabi/10.3.1/thumb/v7e-m+dp/hard/crtbegin.o
 .text          0x00000000080002e0       0x10 d:/archivos de programa/stm32cubeide_1.9.0/stm32cubeide/plugins/com.st.stm32cube.ide.mcu.externaltools.gnu-tools-for-stm32.10.3-2021.10.win32_1.0.0.202111181127/tools/bin/../lib/gcc/arm-none-eabi/10.3.1/../../../../arm-none-eabi/lib/thumb/v7e-m+dp/hard\libc_nano.a(lib_a-strlen.o)
                0x00000000080002e0                strlen
 .text          0x00000000080002f0       0xa0 d:/archivos de programa/stm32cubeide_1.9.0/stm32cubeide/plugins/com.st.stm32cube.ide.mcu.externaltools.gnu-tools-for-stm32.10.3-2021.10.win32_1.0.0.202111181127/tools/bin/../lib/gcc/arm-none-eabi/10.3.1/../../../../arm-none-eabi/lib/thumb/v7e-m+dp/hard\libc_nano.a(lib_a-memchr.o)
                0x00000000080002f0                memchr
 .text          0x0000000008000390      0x378 d:/archivos de programa/stm32cubeide_1.9.0/stm32cubeide/plugins/com.st.stm32cube.ide.mcu.externaltools.gnu-tools-for-stm32.10.3-2021.10.win32_1.0.0.202111181127/tools/bin/../lib/gcc/arm-none-eabi/10.3.1/thumb/v7e-m+dp/hard\libgcc.a(_arm_addsubdf3.o)
                0x0000000008000390                __aeabi_drsub
                0x0000000008000398                __aeabi_dsub
                0x0000000008000398                __subdf3
                0x000000000800039c                __aeabi_dadd
                0x000000000800039c                __adddf3
                0x0000000008000614                __floatunsidf
                0x0000000008000614                __aeabi_ui2d
                0x0000000008000634                __floatsidf
                0x0000000008000634                __aeabi_i2d
                0x0000000008000658                __aeabi_f2d
                0x0000000008000658                __extendsfdf2
                0x000000000800069c                __floatundidf
                0x000000000800069c                __aeabi_ul2d
                0x00000000080006ac                __floatdidf
                0x00000000080006ac                __aeabi_l2d
 .text          0x0000000008000708       0x30 d:/archivos de programa/stm32cubeide_1.9.0/stm32cubeide/plugins/com.st.stm32cube.ide.mcu.externaltools.gnu-tools-for-stm32.10.3-2021.10.win32_1.0.0.202111181127/tools/bin/../lib/gcc/arm-none-eabi/10.3.1/thumb/v7e-m+dp/hard\libgcc.a(_aeabi_uldivmod.o)
                0x0000000008000708                __aeabi_uldivmod
 .text          0x0000000008000738       0x30 d:/archivos de programa/stm32cubeide_1.9.0/stm32cubeide/plugins/com.st.stm32cube.ide.mcu.externaltools.gnu-tools-for-stm32.10.3-2021.10.win32_1.0.0.202111181127/tools/bin/../lib/gcc/arm-none-eabi/10.3.1/thumb/v7e-m+dp/hard\libgcc.a(_fixdfdi.o)
                0x0000000008000738                __fixdfdi
                0x0000000008000738                __aeabi_d2lz
 .text          0x0000000008000768       0x40 d:/archivos de programa/stm32cubeide_1.9.0/stm32cubeide/plugins/com.st.stm32cube.ide.mcu.externaltools.gnu-tools-for-stm32.10.3-2021.10.win32_1.0.0.202111181127/tools/bin/../lib/gcc/arm-none-eabi/10.3.1/thumb/v7e-m+dp/hard\libgcc.a(_fixunsdfdi.o)
                0x0000000008000768                __fixunsdfdi
                0x0000000008000768                __aeabi_d2ulz
 .text          0x00000000080007a8      0x2d0 d:/archivos de programa/stm32cubeide_1.9.0/stm32cubeide/plugins/com.st.stm32cube.ide.mcu.externaltools.gnu-tools-for-stm32.10.3-2021.10.win32_1.0.0.202111181127/tools/bin/../lib/gcc/arm-none-eabi/10.3.1/thumb/v7e-m+dp/hard\libgcc.a(_udivmoddi4.o)
                0x00000000080007a8                __udivmoddi4
 .text          0x0000000008000a78        0x4 d:/archivos de programa/stm32cubeide_1.9.0/stm32cubeide/plugins/com.st.stm32cube.ide.mcu.externaltools.gnu-tools-for-stm32.10.3-2021.10.win32_1.0.0.202111181127/tools/bin/../lib/gcc/arm-none-eabi/10.3.1/thumb/v7e-m+dp/hard\libgcc.a(_dvmd_tls.o)
                0x0000000008000a78                __aeabi_idiv0
                0x0000000008000a78                __aeabi_ldiv0
 *(.text*)
 *fill*         0x0000000008000a7c        0x4 
 .text.cinematicaInversa
                0x0000000008000a80      0xf14 ./Core/Src/cinematica.o
                0x0000000008000a80                cinematicaInversa
 .text.MX_GPIO_Init
                0x0000000008001994      0x1f8 ./Core/Src/gpio.o
                0x0000000008001994                MX_GPIO_Init
 *fill*         0x0000000008001b8c        0x4 
 .text.homingAprox
                0x0000000008001b90      0x3dc ./Core/Src/homing.o
                0x0000000008001b90                homingAprox
 *fill*         0x0000000008001f6c        0x4 
 .text.homingArm1
                0x0000000008001f70      0x214 ./Core/Src/homing.o
                0x0000000008001f70                homingArm1
 *fill*         0x0000000008002184        0x4 
 .text.homingArm2
                0x0000000008002188      0x214 ./Core/Src/homing.o
                0x0000000008002188                homingArm2
 *fill*         0x000000000800239c        0x4 
 .text.homingArm3
                0x00000000080023a0      0x214 ./Core/Src/homing.o
                0x00000000080023a0                homingArm3
 *fill*         0x00000000080025b4        0x4 
 .text.interpretaComando
                0x00000000080025b8      0x818 ./Core/Src/interpretaComando.o
                0x00000000080025b8                interpretaComando
 .text.main     0x0000000008002dd0      0x2e8 ./Core/Src/main.o
                0x0000000008002dd0                main
 .text.SystemClock_Config
                0x00000000080030b8       0xfc ./Core/Src/main.o
                0x00000000080030b8                SystemClock_Config
 .text.HAL_GPIO_EXTI_Callback
                0x00000000080031b4       0x2c ./Core/Src/main.o
                0x00000000080031b4                HAL_GPIO_EXTI_Callback
 .text.HAL_UART_RxCpltCallback
                0x00000000080031e0       0xe8 ./Core/Src/main.o
                0x00000000080031e0                HAL_UART_RxCpltCallback
 .text.HAL_UART_TxCpltCallback
                0x00000000080032c8       0x16 ./Core/Src/main.o
                0x00000000080032c8                HAL_UART_TxCpltCallback
 *fill*         0x00000000080032de        0x2 
 .text.HAL_TIM_IC_CaptureCallback
                0x00000000080032e0       0xf4 ./Core/Src/main.o
                0x00000000080032e0                HAL_TIM_IC_CaptureCallback
 *fill*         0x00000000080033d4        0x4 
 .text.HAL_TIM_PeriodElapsedCallback
                0x00000000080033d8      0x2a8 ./Core/Src/main.o
                0x00000000080033d8                HAL_TIM_PeriodElapsedCallback
 .text.Error_Handler
                0x0000000008003680        0xe ./Core/Src/main.o
                0x0000000008003680                Error_Handler
 *fill*         0x000000000800368e        0x2 
 .text.configStepMotor1
                0x0000000008003690      0x174 ./Core/Src/motor.o
                0x0000000008003690                configStepMotor1
 *fill*         0x0000000008003804        0x4 
 .text.configStepMotor2
                0x0000000008003808      0x174 ./Core/Src/motor.o
                0x0000000008003808                configStepMotor2
 *fill*         0x000000000800397c        0x4 
 .text.configStepMotor3
                0x0000000008003980      0x174 ./Core/Src/motor.o
                0x0000000008003980                configStepMotor3
 .text.transpuesta
                0x0000000008003af4       0x78 ./Core/Src/operaciones.o
                0x0000000008003af4                transpuesta
 .text.productDot
                0x0000000008003b6c       0x66 ./Core/Src/operaciones.o
                0x0000000008003b6c                productDot
 .text.determinante
                0x0000000008003bd2       0x40 ./Core/Src/operaciones.o
                0x0000000008003bd2                determinante
 .text.adjunta  0x0000000008003c12      0x1ba ./Core/Src/operaciones.o
                0x0000000008003c12                adjunta
 .text.inversa  0x0000000008003dcc       0xdc ./Core/Src/operaciones.o
                0x0000000008003dcc                inversa
 .text.productMatriz
                0x0000000008003ea8       0xc8 ./Core/Src/operaciones.o
                0x0000000008003ea8                productMatriz
 .text.HAL_MspInit
                0x0000000008003f70       0x48 ./Core/Src/stm32h7xx_hal_msp.o
                0x0000000008003f70                HAL_MspInit
 .text.NMI_Handler
                0x0000000008003fb8        0xe ./Core/Src/stm32h7xx_it.o
                0x0000000008003fb8                NMI_Handler
 .text.HardFault_Handler
                0x0000000008003fc6        0x6 ./Core/Src/stm32h7xx_it.o
                0x0000000008003fc6                HardFault_Handler
 .text.MemManage_Handler
                0x0000000008003fcc        0x6 ./Core/Src/stm32h7xx_it.o
                0x0000000008003fcc                MemManage_Handler
 .text.BusFault_Handler
                0x0000000008003fd2        0x6 ./Core/Src/stm32h7xx_it.o
                0x0000000008003fd2                BusFault_Handler
 .text.UsageFault_Handler
                0x0000000008003fd8        0x6 ./Core/Src/stm32h7xx_it.o
                0x0000000008003fd8                UsageFault_Handler
 .text.SVC_Handler
                0x0000000008003fde        0xe ./Core/Src/stm32h7xx_it.o
                0x0000000008003fde                SVC_Handler
 .text.DebugMon_Handler
                0x0000000008003fec        0xe ./Core/Src/stm32h7xx_it.o
                0x0000000008003fec                DebugMon_Handler
 .text.PendSV_Handler
                0x0000000008003ffa        0xe ./Core/Src/stm32h7xx_it.o
                0x0000000008003ffa                PendSV_Handler
 .text.SysTick_Handler
                0x0000000008004008        0xc ./Core/Src/stm32h7xx_it.o
                0x0000000008004008                SysTick_Handler
 .text.EXTI0_IRQHandler
                0x0000000008004014        0xe ./Core/Src/stm32h7xx_it.o
                0x0000000008004014                EXTI0_IRQHandler
 .text.EXTI1_IRQHandler
                0x0000000008004022        0xe ./Core/Src/stm32h7xx_it.o
                0x0000000008004022                EXTI1_IRQHandler
 .text.EXTI2_IRQHandler
                0x0000000008004030        0xe ./Core/Src/stm32h7xx_it.o
                0x0000000008004030                EXTI2_IRQHandler
 .text.EXTI3_IRQHandler
                0x000000000800403e        0xe ./Core/Src/stm32h7xx_it.o
                0x000000000800403e                EXTI3_IRQHandler
 .text.EXTI4_IRQHandler
                0x000000000800404c        0xe ./Core/Src/stm32h7xx_it.o
                0x000000000800404c                EXTI4_IRQHandler
 .text.EXTI9_5_IRQHandler
                0x000000000800405a        0xe ./Core/Src/stm32h7xx_it.o
                0x000000000800405a                EXTI9_5_IRQHandler
 .text.TIM2_IRQHandler
                0x0000000008004068       0x14 ./Core/Src/stm32h7xx_it.o
                0x0000000008004068                TIM2_IRQHandler
 .text.TIM3_IRQHandler
                0x000000000800407c       0x14 ./Core/Src/stm32h7xx_it.o
                0x000000000800407c                TIM3_IRQHandler
 .text.TIM4_IRQHandler
                0x0000000008004090       0x14 ./Core/Src/stm32h7xx_it.o
                0x0000000008004090                TIM4_IRQHandler
 .text.USART3_IRQHandler
                0x00000000080040a4       0x14 ./Core/Src/stm32h7xx_it.o
                0x00000000080040a4                USART3_IRQHandler
 .text.EXTI15_10_IRQHandler
                0x00000000080040b8       0x10 ./Core/Src/stm32h7xx_it.o
                0x00000000080040b8                EXTI15_10_IRQHandler
 .text.FPU_IRQHandler
                0x00000000080040c8        0xe ./Core/Src/stm32h7xx_it.o
                0x00000000080040c8                FPU_IRQHandler
 *fill*         0x00000000080040d6        0x2 
 .text.TIM15_IRQHandler
                0x00000000080040d8       0x14 ./Core/Src/stm32h7xx_it.o
                0x00000000080040d8                TIM15_IRQHandler
 .text._getpid  0x00000000080040ec       0x10 ./Core/Src/syscalls.o
                0x00000000080040ec                _getpid
 .text._kill    0x00000000080040fc       0x20 ./Core/Src/syscalls.o
                0x00000000080040fc                _kill
 .text._exit    0x000000000800411c       0x14 ./Core/Src/syscalls.o
                0x000000000800411c                _exit
 .text._read    0x0000000008004130       0x3a ./Core/Src/syscalls.o
                0x0000000008004130                _read
 .text._write   0x000000000800416a       0x38 ./Core/Src/syscalls.o
                0x000000000800416a                _write
 .text._close   0x00000000080041a2       0x18 ./Core/Src/syscalls.o
                0x00000000080041a2                _close
 .text._fstat   0x00000000080041ba       0x20 ./Core/Src/syscalls.o
                0x00000000080041ba                _fstat
 .text._isatty  0x00000000080041da       0x16 ./Core/Src/syscalls.o
                0x00000000080041da                _isatty
 .text._lseek   0x00000000080041f0       0x1a ./Core/Src/syscalls.o
                0x00000000080041f0                _lseek
 *fill*         0x000000000800420a        0x2 
 .text._sbrk    0x000000000800420c       0x58 ./Core/Src/sysmem.o
                0x000000000800420c                _sbrk
 .text.SystemInit
                0x0000000008004264       0xc4 ./Core/Src/system_stm32h7xx.o
                0x0000000008004264                SystemInit
 .text.MX_TIM2_Init
                0x0000000008004328       0xe0 ./Core/Src/tim.o
                0x0000000008004328                MX_TIM2_Init
 .text.MX_TIM3_Init
                0x0000000008004408       0xe4 ./Core/Src/tim.o
                0x0000000008004408                MX_TIM3_Init
 .text.MX_TIM4_Init
                0x00000000080044ec       0xe4 ./Core/Src/tim.o
                0x00000000080044ec                MX_TIM4_Init
 .text.MX_TIM5_Init
                0x00000000080045d0       0xa0 ./Core/Src/tim.o
                0x00000000080045d0                MX_TIM5_Init
 .text.MX_TIM12_Init
                0x0000000008004670       0xc8 ./Core/Src/tim.o
                0x0000000008004670                MX_TIM12_Init
 .text.MX_TIM13_Init
                0x0000000008004738       0xa0 ./Core/Src/tim.o
                0x0000000008004738                MX_TIM13_Init
 .text.MX_TIM14_Init
                0x00000000080047d8       0xa0 ./Core/Src/tim.o
                0x00000000080047d8                MX_TIM14_Init
 .text.MX_TIM15_Init
                0x0000000008004878       0xa4 ./Core/Src/tim.o
                0x0000000008004878                MX_TIM15_Init
 .text.HAL_TIM_Base_MspInit
                0x000000000800491c      0x294 ./Core/Src/tim.o
                0x000000000800491c                HAL_TIM_Base_MspInit
 .text.HAL_TIM_MspPostInit
                0x0000000008004bb0      0x11c ./Core/Src/tim.o
                0x0000000008004bb0                HAL_TIM_MspPostInit
 *fill*         0x0000000008004ccc        0x4 
 .text.inicializarTrayectoria
                0x0000000008004cd0      0xb4c ./Core/Src/trayectoria.o
                0x0000000008004cd0                inicializarTrayectoria
 .text.obtenerVelCurva
                0x000000000800581c      0x728 ./Core/Src/trayectoria.o
                0x000000000800581c                obtenerVelCurva
 *fill*         0x0000000008005f44        0x4 
 .text.jacobianoInverso
                0x0000000008005f48      0x650 ./Core/Src/trayectoria.o
                0x0000000008005f48                jacobianoInverso
 .text.SetPerfilTimers
                0x0000000008006598      0x510 ./Core/Src/trayectoria.o
                0x0000000008006598                SetPerfilTimers
 .text.MX_USART1_UART_Init
                0x0000000008006aa8       0x98 ./Core/Src/usart.o
                0x0000000008006aa8                MX_USART1_UART_Init
 .text.MX_USART2_UART_Init
                0x0000000008006b40       0x98 ./Core/Src/usart.o
                0x0000000008006b40                MX_USART2_UART_Init
 .text.MX_USART3_UART_Init
                0x0000000008006bd8       0x98 ./Core/Src/usart.o
                0x0000000008006bd8                MX_USART3_UART_Init
 .text.HAL_UART_MspInit
                0x0000000008006c70      0x258 ./Core/Src/usart.o
                0x0000000008006c70                HAL_UART_MspInit
 .text.Reset_Handler
                0x0000000008006ec8       0x50 ./Core/Startup/startup_stm32h743zitx.o
                0x0000000008006ec8                Reset_Handler
 .text.Default_Handler
                0x0000000008006f18        0x2 ./Core/Startup/startup_stm32h743zitx.o
                0x0000000008006f18                RTC_Alarm_IRQHandler
                0x0000000008006f18                TIM8_CC_IRQHandler
                0x0000000008006f18                HRTIM1_Master_IRQHandler
                0x0000000008006f18                UART8_IRQHandler
                0x0000000008006f18                SPI4_IRQHandler
                0x0000000008006f18                TIM1_CC_IRQHandler
                0x0000000008006f18                BDMA_Channel6_IRQHandler
                0x0000000008006f18                DMA2_Stream5_IRQHandler
                0x0000000008006f18                HRTIM1_FLT_IRQHandler
                0x0000000008006f18                JPEG_IRQHandler
                0x0000000008006f18                DMA1_Stream5_IRQHandler
                0x0000000008006f18                BDMA_Channel1_IRQHandler
                0x0000000008006f18                HRTIM1_TIMD_IRQHandler
                0x0000000008006f18                TAMP_STAMP_IRQHandler
                0x0000000008006f18                LPTIM4_IRQHandler
                0x0000000008006f18                TIM8_TRG_COM_TIM14_IRQHandler
                0x0000000008006f18                LPTIM2_IRQHandler
                0x0000000008006f18                DFSDM1_FLT1_IRQHandler
                0x0000000008006f18                DMAMUX2_OVR_IRQHandler
                0x0000000008006f18                TIM8_UP_TIM13_IRQHandler
                0x0000000008006f18                I2C3_ER_IRQHandler
                0x0000000008006f18                DFSDM1_FLT2_IRQHandler
                0x0000000008006f18                MDMA_IRQHandler
                0x0000000008006f18                LPTIM3_IRQHandler
                0x0000000008006f18                HSEM1_IRQHandler
                0x0000000008006f18                I2C2_EV_IRQHandler
                0x0000000008006f18                DMA1_Stream2_IRQHandler
                0x0000000008006f18                OTG_HS_WKUP_IRQHandler
                0x0000000008006f18                FDCAN1_IT1_IRQHandler
                0x0000000008006f18                LTDC_ER_IRQHandler
                0x0000000008006f18                DMA2_Stream2_IRQHandler
                0x0000000008006f18                HRTIM1_TIME_IRQHandler
                0x0000000008006f18                SPI1_IRQHandler
                0x0000000008006f18                TIM6_DAC_IRQHandler
                0x0000000008006f18                DCMI_IRQHandler
                0x0000000008006f18                HRTIM1_TIMC_IRQHandler
                0x0000000008006f18                DMA2_Stream3_IRQHandler
                0x0000000008006f18                SAI2_IRQHandler
                0x0000000008006f18                DFSDM1_FLT3_IRQHandler
                0x0000000008006f18                USART6_IRQHandler
                0x0000000008006f18                TIM17_IRQHandler
                0x0000000008006f18                BDMA_Channel7_IRQHandler
                0x0000000008006f18                LPTIM5_IRQHandler
                0x0000000008006f18                UART5_IRQHandler
                0x0000000008006f18                ADC3_IRQHandler
                0x0000000008006f18                DMA2_Stream0_IRQHandler
                0x0000000008006f18                BDMA_Channel2_IRQHandler
                0x0000000008006f18                QUADSPI_IRQHandler
                0x0000000008006f18                I2C1_EV_IRQHandler
                0x0000000008006f18                DMA1_Stream6_IRQHandler
                0x0000000008006f18                DMAMUX1_OVR_IRQHandler
                0x0000000008006f18                DMA1_Stream1_IRQHandler
                0x0000000008006f18                TIM16_IRQHandler
                0x0000000008006f18                UART4_IRQHandler
                0x0000000008006f18                BDMA_Channel5_IRQHandler
                0x0000000008006f18                RCC_IRQHandler
                0x0000000008006f18                TIM8_BRK_TIM12_IRQHandler
                0x0000000008006f18                TIM1_TRG_COM_IRQHandler
                0x0000000008006f18                Default_Handler
                0x0000000008006f18                ECC_IRQHandler
                0x0000000008006f18                CEC_IRQHandler
                0x0000000008006f18                BDMA_Channel0_IRQHandler
                0x0000000008006f18                ADC_IRQHandler
                0x0000000008006f18                DMA1_Stream7_IRQHandler
                0x0000000008006f18                HRTIM1_TIMA_IRQHandler
                0x0000000008006f18                SPI5_IRQHandler
                0x0000000008006f18                TIM7_IRQHandler
                0x0000000008006f18                SDMMC1_IRQHandler
                0x0000000008006f18                TIM5_IRQHandler
                0x0000000008006f18                DMA2_Stream7_IRQHandler
                0x0000000008006f18                PVD_AVD_IRQHandler
                0x0000000008006f18                I2C3_EV_IRQHandler
                0x0000000008006f18                RTC_WKUP_IRQHandler
                0x0000000008006f18                LTDC_IRQHandler
                0x0000000008006f18                SAI3_IRQHandler
                0x0000000008006f18                ETH_WKUP_IRQHandler
                0x0000000008006f18                SPDIF_RX_IRQHandler
                0x0000000008006f18                SPI2_IRQHandler
                0x0000000008006f18                OTG_HS_EP1_IN_IRQHandler
                0x0000000008006f18                DMA1_Stream0_IRQHandler
                0x0000000008006f18                CRS_IRQHandler
                0x0000000008006f18                RNG_IRQHandler
                0x0000000008006f18                HRTIM1_TIMB_IRQHandler
                0x0000000008006f18                FDCAN2_IT1_IRQHandler
                0x0000000008006f18                ETH_IRQHandler
                0x0000000008006f18                TIM1_UP_IRQHandler
                0x0000000008006f18                BDMA_Channel4_IRQHandler
                0x0000000008006f18                OTG_HS_EP1_OUT_IRQHandler
                0x0000000008006f18                WWDG_IRQHandler
                0x0000000008006f18                SPI6_IRQHandler
                0x0000000008006f18                MDIOS_IRQHandler
                0x0000000008006f18                I2C4_EV_IRQHandler
                0x0000000008006f18                FDCAN2_IT0_IRQHandler
                0x0000000008006f18                LPUART1_IRQHandler
                0x0000000008006f18                FDCAN1_IT0_IRQHandler
                0x0000000008006f18                OTG_FS_WKUP_IRQHandler
                0x0000000008006f18                OTG_HS_IRQHandler
                0x0000000008006f18                DMA2D_IRQHandler
                0x0000000008006f18                TIM1_BRK_IRQHandler
                0x0000000008006f18                SDMMC2_IRQHandler
                0x0000000008006f18                OTG_FS_EP1_OUT_IRQHandler
                0x0000000008006f18                BDMA_Channel3_IRQHandler
                0x0000000008006f18                UART7_IRQHandler
                0x0000000008006f18                MDIOS_WKUP_IRQHandler
                0x0000000008006f18                USART2_IRQHandler
                0x0000000008006f18                DFSDM1_FLT0_IRQHandler
                0x0000000008006f18                SAI4_IRQHandler
                0x0000000008006f18                I2C2_ER_IRQHandler
                0x0000000008006f18                DMA2_Stream1_IRQHandler
                0x0000000008006f18                FLASH_IRQHandler
                0x0000000008006f18                DMA2_Stream4_IRQHandler
                0x0000000008006f18                USART1_IRQHandler
                0x0000000008006f18                OTG_FS_IRQHandler
                0x0000000008006f18                SPI3_IRQHandler
                0x0000000008006f18                WAKEUP_PIN_IRQHandler
                0x0000000008006f18                DMA1_Stream4_IRQHandler
                0x0000000008006f18                OTG_FS_EP1_IN_IRQHandler
                0x0000000008006f18                I2C1_ER_IRQHandler
                0x0000000008006f18                FMC_IRQHandler
                0x0000000008006f18                FDCAN_CAL_IRQHandler
                0x0000000008006f18                SWPMI1_IRQHandler
                0x0000000008006f18                COMP1_IRQHandler
                0x0000000008006f18                LPTIM1_IRQHandler
                0x0000000008006f18                I2C4_ER_IRQHandler
                0x0000000008006f18                DMA2_Stream6_IRQHandler
                0x0000000008006f18                SAI1_IRQHandler
                0x0000000008006f18                DMA1_Stream3_IRQHandler
 *fill*         0x0000000008006f1a        0x2 
 .text.HAL_Init
                0x0000000008006f1c       0x78 ./Drivers/STM32H7xx_HAL_Driver/Src/stm32h7xx_hal.o
                0x0000000008006f1c                HAL_Init
 .text.HAL_InitTick
                0x0000000008006f94       0x6c ./Drivers/STM32H7xx_HAL_Driver/Src/stm32h7xx_hal.o
                0x0000000008006f94                HAL_InitTick
 .text.HAL_IncTick
                0x0000000008007000       0x28 ./Drivers/STM32H7xx_HAL_Driver/Src/stm32h7xx_hal.o
                0x0000000008007000                HAL_IncTick
 .text.HAL_GetTick
                0x0000000008007028       0x18 ./Drivers/STM32H7xx_HAL_Driver/Src/stm32h7xx_hal.o
                0x0000000008007028                HAL_GetTick
 .text.HAL_Delay
                0x0000000008007040       0x48 ./Drivers/STM32H7xx_HAL_Driver/Src/stm32h7xx_hal.o
                0x0000000008007040                HAL_Delay
 .text.HAL_GetREVID
                0x0000000008007088       0x18 ./Drivers/STM32H7xx_HAL_Driver/Src/stm32h7xx_hal.o
                0x0000000008007088                HAL_GetREVID
 .text.__NVIC_SetPriorityGrouping
                0x00000000080070a0       0x48 ./Drivers/STM32H7xx_HAL_Driver/Src/stm32h7xx_hal_cortex.o
 .text.__NVIC_GetPriorityGrouping
                0x00000000080070e8       0x1c ./Drivers/STM32H7xx_HAL_Driver/Src/stm32h7xx_hal_cortex.o
 .text.__NVIC_EnableIRQ
                0x0000000008007104       0x3c ./Drivers/STM32H7xx_HAL_Driver/Src/stm32h7xx_hal_cortex.o
 .text.__NVIC_DisableIRQ
                0x0000000008007140       0x48 ./Drivers/STM32H7xx_HAL_Driver/Src/stm32h7xx_hal_cortex.o
 .text.__NVIC_SetPriority
                0x0000000008007188       0x54 ./Drivers/STM32H7xx_HAL_Driver/Src/stm32h7xx_hal_cortex.o
 .text.NVIC_EncodePriority
                0x00000000080071dc       0x66 ./Drivers/STM32H7xx_HAL_Driver/Src/stm32h7xx_hal_cortex.o
 *fill*         0x0000000008007242        0x2 
 .text.SysTick_Config
                0x0000000008007244       0x44 ./Drivers/STM32H7xx_HAL_Driver/Src/stm32h7xx_hal_cortex.o
 .text.HAL_NVIC_SetPriorityGrouping
                0x0000000008007288       0x16 ./Drivers/STM32H7xx_HAL_Driver/Src/stm32h7xx_hal_cortex.o
                0x0000000008007288                HAL_NVIC_SetPriorityGrouping
 .text.HAL_NVIC_SetPriority
                0x000000000800729e       0x34 ./Drivers/STM32H7xx_HAL_Driver/Src/stm32h7xx_hal_cortex.o
                0x000000000800729e                HAL_NVIC_SetPriority
 .text.HAL_NVIC_EnableIRQ
                0x00000000080072d2       0x1c ./Drivers/STM32H7xx_HAL_Driver/Src/stm32h7xx_hal_cortex.o
                0x00000000080072d2                HAL_NVIC_EnableIRQ
 .text.HAL_NVIC_DisableIRQ
                0x00000000080072ee       0x1c ./Drivers/STM32H7xx_HAL_Driver/Src/stm32h7xx_hal_cortex.o
                0x00000000080072ee                HAL_NVIC_DisableIRQ
 .text.HAL_SYSTICK_Config
                0x000000000800730a       0x18 ./Drivers/STM32H7xx_HAL_Driver/Src/stm32h7xx_hal_cortex.o
                0x000000000800730a                HAL_SYSTICK_Config
 *fill*         0x0000000008007322        0x2 
 .text.HAL_DMA_Abort
                0x0000000008007324      0x63c ./Drivers/STM32H7xx_HAL_Driver/Src/stm32h7xx_hal_dma.o
                0x0000000008007324                HAL_DMA_Abort
 .text.HAL_DMA_Abort_IT
                0x0000000008007960      0x48c ./Drivers/STM32H7xx_HAL_Driver/Src/stm32h7xx_hal_dma.o
                0x0000000008007960                HAL_DMA_Abort_IT
 .text.HAL_GPIO_Init
                0x0000000008007dec      0x360 ./Drivers/STM32H7xx_HAL_Driver/Src/stm32h7xx_hal_gpio.o
                0x0000000008007dec                HAL_GPIO_Init
 .text.HAL_GPIO_ReadPin
                0x000000000800814c       0x30 ./Drivers/STM32H7xx_HAL_Driver/Src/stm32h7xx_hal_gpio.o
                0x000000000800814c                HAL_GPIO_ReadPin
 .text.HAL_GPIO_WritePin
                0x000000000800817c       0x32 ./Drivers/STM32H7xx_HAL_Driver/Src/stm32h7xx_hal_gpio.o
                0x000000000800817c                HAL_GPIO_WritePin
 .text.HAL_GPIO_EXTI_IRQHandler
                0x00000000080081ae       0x34 ./Drivers/STM32H7xx_HAL_Driver/Src/stm32h7xx_hal_gpio.o
                0x00000000080081ae                HAL_GPIO_EXTI_IRQHandler
 *fill*         0x00000000080081e2        0x2 
 .text.HAL_PWREx_ConfigSupply
                0x00000000080081e4       0x74 ./Drivers/STM32H7xx_HAL_Driver/Src/stm32h7xx_hal_pwr_ex.o
                0x00000000080081e4                HAL_PWREx_ConfigSupply
 .text.HAL_RCC_OscConfig
                0x0000000008008258      0x85c ./Drivers/STM32H7xx_HAL_Driver/Src/stm32h7xx_hal_rcc.o
                0x0000000008008258                HAL_RCC_OscConfig
 .text.HAL_RCC_ClockConfig
                0x0000000008008ab4      0x36c ./Drivers/STM32H7xx_HAL_Driver/Src/stm32h7xx_hal_rcc.o
                0x0000000008008ab4                HAL_RCC_ClockConfig
 .text.HAL_RCC_GetSysClockFreq
                0x0000000008008e20      0x2f4 ./Drivers/STM32H7xx_HAL_Driver/Src/stm32h7xx_hal_rcc.o
                0x0000000008008e20                HAL_RCC_GetSysClockFreq
 .text.HAL_RCC_GetHCLKFreq
                0x0000000008009114       0x60 ./Drivers/STM32H7xx_HAL_Driver/Src/stm32h7xx_hal_rcc.o
                0x0000000008009114                HAL_RCC_GetHCLKFreq
 .text.HAL_RCC_GetPCLK1Freq
                0x0000000008009174       0x2c ./Drivers/STM32H7xx_HAL_Driver/Src/stm32h7xx_hal_rcc.o
                0x0000000008009174                HAL_RCC_GetPCLK1Freq
 .text.HAL_RCC_GetPCLK2Freq
                0x00000000080091a0       0x2c ./Drivers/STM32H7xx_HAL_Driver/Src/stm32h7xx_hal_rcc.o
                0x00000000080091a0                HAL_RCC_GetPCLK2Freq
 .text.HAL_RCCEx_PeriphCLKConfig
                0x00000000080091cc      0xe8c ./Drivers/STM32H7xx_HAL_Driver/Src/stm32h7xx_hal_rcc_ex.o
                0x00000000080091cc                HAL_RCCEx_PeriphCLKConfig
 .text.HAL_RCCEx_GetD3PCLK1Freq
                0x000000000800a058       0x2c ./Drivers/STM32H7xx_HAL_Driver/Src/stm32h7xx_hal_rcc_ex.o
                0x000000000800a058                HAL_RCCEx_GetD3PCLK1Freq
 .text.HAL_RCCEx_GetPLL2ClockFreq
                0x000000000800a084      0x2a8 ./Drivers/STM32H7xx_HAL_Driver/Src/stm32h7xx_hal_rcc_ex.o
                0x000000000800a084                HAL_RCCEx_GetPLL2ClockFreq
 .text.HAL_RCCEx_GetPLL3ClockFreq
                0x000000000800a32c      0x2a8 ./Drivers/STM32H7xx_HAL_Driver/Src/stm32h7xx_hal_rcc_ex.o
                0x000000000800a32c                HAL_RCCEx_GetPLL3ClockFreq
 .text.RCCEx_PLL2_Config
                0x000000000800a5d4      0x164 ./Drivers/STM32H7xx_HAL_Driver/Src/stm32h7xx_hal_rcc_ex.o
 .text.RCCEx_PLL3_Config
                0x000000000800a738      0x164 ./Drivers/STM32H7xx_HAL_Driver/Src/stm32h7xx_hal_rcc_ex.o
 .text.HAL_TIM_Base_Init
                0x000000000800a89c       0xae ./Drivers/STM32H7xx_HAL_Driver/Src/stm32h7xx_hal_tim.o
                0x000000000800a89c                HAL_TIM_Base_Init
 *fill*         0x000000000800a94a        0x2 
 .text.HAL_TIM_Base_Start
                0x000000000800a94c       0xe0 ./Drivers/STM32H7xx_HAL_Driver/Src/stm32h7xx_hal_tim.o
                0x000000000800a94c                HAL_TIM_Base_Start
 .text.HAL_TIM_Base_Stop
                0x000000000800aa2c       0x4e ./Drivers/STM32H7xx_HAL_Driver/Src/stm32h7xx_hal_tim.o
                0x000000000800aa2c                HAL_TIM_Base_Stop
 *fill*         0x000000000800aa7a        0x2 
 .text.HAL_TIM_Base_Start_IT
                0x000000000800aa7c       0xf0 ./Drivers/STM32H7xx_HAL_Driver/Src/stm32h7xx_hal_tim.o
                0x000000000800aa7c                HAL_TIM_Base_Start_IT
 .text.HAL_TIM_Base_Stop_IT
                0x000000000800ab6c       0x5e ./Drivers/STM32H7xx_HAL_Driver/Src/stm32h7xx_hal_tim.o
                0x000000000800ab6c                HAL_TIM_Base_Stop_IT
 .text.HAL_TIM_PWM_Init
                0x000000000800abca       0xae ./Drivers/STM32H7xx_HAL_Driver/Src/stm32h7xx_hal_tim.o
                0x000000000800abca                HAL_TIM_PWM_Init
 .text.HAL_TIM_PWM_MspInit
                0x000000000800ac78       0x14 ./Drivers/STM32H7xx_HAL_Driver/Src/stm32h7xx_hal_tim.o
                0x000000000800ac78                HAL_TIM_PWM_MspInit
 .text.HAL_TIM_PWM_Start
                0x000000000800ac8c      0x21c ./Drivers/STM32H7xx_HAL_Driver/Src/stm32h7xx_hal_tim.o
                0x000000000800ac8c                HAL_TIM_PWM_Start
 .text.HAL_TIM_PWM_Stop
                0x000000000800aea8      0x12c ./Drivers/STM32H7xx_HAL_Driver/Src/stm32h7xx_hal_tim.o
                0x000000000800aea8                HAL_TIM_PWM_Stop
 .text.HAL_TIM_IC_Init
                0x000000000800afd4       0xae ./Drivers/STM32H7xx_HAL_Driver/Src/stm32h7xx_hal_tim.o
                0x000000000800afd4                HAL_TIM_IC_Init
 .text.HAL_TIM_IC_MspInit
                0x000000000800b082       0x14 ./Drivers/STM32H7xx_HAL_Driver/Src/stm32h7xx_hal_tim.o
                0x000000000800b082                HAL_TIM_IC_MspInit
 *fill*         0x000000000800b096        0x2 
 .text.HAL_TIM_IC_Start_IT
                0x000000000800b098      0x2a0 ./Drivers/STM32H7xx_HAL_Driver/Src/stm32h7xx_hal_tim.o
                0x000000000800b098                HAL_TIM_IC_Start_IT
 .text.HAL_TIM_IC_Stop_IT
                0x000000000800b338      0x17c ./Drivers/STM32H7xx_HAL_Driver/Src/stm32h7xx_hal_tim.o
                0x000000000800b338                HAL_TIM_IC_Stop_IT
 .text.HAL_TIM_IRQHandler
                0x000000000800b4b4      0x23e ./Drivers/STM32H7xx_HAL_Driver/Src/stm32h7xx_hal_tim.o
                0x000000000800b4b4                HAL_TIM_IRQHandler
 .text.HAL_TIM_IC_ConfigChannel
                0x000000000800b6f2      0x138 ./Drivers/STM32H7xx_HAL_Driver/Src/stm32h7xx_hal_tim.o
                0x000000000800b6f2                HAL_TIM_IC_ConfigChannel
 *fill*         0x000000000800b82a        0x2 
 .text.HAL_TIM_PWM_ConfigChannel
                0x000000000800b82c      0x228 ./Drivers/STM32H7xx_HAL_Driver/Src/stm32h7xx_hal_tim.o
                0x000000000800b82c                HAL_TIM_PWM_ConfigChannel
 .text.HAL_TIM_ConfigClockSource
                0x000000000800ba54      0x1f0 ./Drivers/STM32H7xx_HAL_Driver/Src/stm32h7xx_hal_tim.o
                0x000000000800ba54                HAL_TIM_ConfigClockSource
 .text.HAL_TIM_OC_DelayElapsedCallback
                0x000000000800bc44       0x14 ./Drivers/STM32H7xx_HAL_Driver/Src/stm32h7xx_hal_tim.o
                0x000000000800bc44                HAL_TIM_OC_DelayElapsedCallback
 .text.HAL_TIM_PWM_PulseFinishedCallback
                0x000000000800bc58       0x14 ./Drivers/STM32H7xx_HAL_Driver/Src/stm32h7xx_hal_tim.o
                0x000000000800bc58                HAL_TIM_PWM_PulseFinishedCallback
 .text.HAL_TIM_TriggerCallback
                0x000000000800bc6c       0x14 ./Drivers/STM32H7xx_HAL_Driver/Src/stm32h7xx_hal_tim.o
                0x000000000800bc6c                HAL_TIM_TriggerCallback
 .text.TIM_Base_SetConfig
                0x000000000800bc80      0x134 ./Drivers/STM32H7xx_HAL_Driver/Src/stm32h7xx_hal_tim.o
                0x000000000800bc80                TIM_Base_SetConfig
 .text.TIM_OC1_SetConfig
                0x000000000800bdb4      0x120 ./Drivers/STM32H7xx_HAL_Driver/Src/stm32h7xx_hal_tim.o
 .text.TIM_OC2_SetConfig
                0x000000000800bed4      0x114 ./Drivers/STM32H7xx_HAL_Driver/Src/stm32h7xx_hal_tim.o
                0x000000000800bed4                TIM_OC2_SetConfig
 .text.TIM_OC3_SetConfig
                0x000000000800bfe8      0x110 ./Drivers/STM32H7xx_HAL_Driver/Src/stm32h7xx_hal_tim.o
 .text.TIM_OC4_SetConfig
                0x000000000800c0f8       0xd4 ./Drivers/STM32H7xx_HAL_Driver/Src/stm32h7xx_hal_tim.o
 .text.TIM_OC5_SetConfig
                0x000000000800c1cc       0xc8 ./Drivers/STM32H7xx_HAL_Driver/Src/stm32h7xx_hal_tim.o
 .text.TIM_OC6_SetConfig
                0x000000000800c294       0xcc ./Drivers/STM32H7xx_HAL_Driver/Src/stm32h7xx_hal_tim.o
 .text.TIM_TI1_SetConfig
                0x000000000800c360       0xe8 ./Drivers/STM32H7xx_HAL_Driver/Src/stm32h7xx_hal_tim.o
                0x000000000800c360                TIM_TI1_SetConfig
 .text.TIM_TI1_ConfigInputStage
                0x000000000800c448       0x5e ./Drivers/STM32H7xx_HAL_Driver/Src/stm32h7xx_hal_tim.o
 .text.TIM_TI2_SetConfig
                0x000000000800c4a6       0x7a ./Drivers/STM32H7xx_HAL_Driver/Src/stm32h7xx_hal_tim.o
 .text.TIM_TI2_ConfigInputStage
                0x000000000800c520       0x60 ./Drivers/STM32H7xx_HAL_Driver/Src/stm32h7xx_hal_tim.o
 .text.TIM_TI3_SetConfig
                0x000000000800c580       0x78 ./Drivers/STM32H7xx_HAL_Driver/Src/stm32h7xx_hal_tim.o
 .text.TIM_TI4_SetConfig
                0x000000000800c5f8       0x7a ./Drivers/STM32H7xx_HAL_Driver/Src/stm32h7xx_hal_tim.o
 *fill*         0x000000000800c672        0x2 
 .text.TIM_ITRx_SetConfig
                0x000000000800c674       0x3c ./Drivers/STM32H7xx_HAL_Driver/Src/stm32h7xx_hal_tim.o
 .text.TIM_ETR_SetConfig
                0x000000000800c6b0       0x40 ./Drivers/STM32H7xx_HAL_Driver/Src/stm32h7xx_hal_tim.o
                0x000000000800c6b0                TIM_ETR_SetConfig
 .text.TIM_CCxChannelCmd
                0x000000000800c6f0       0x4a ./Drivers/STM32H7xx_HAL_Driver/Src/stm32h7xx_hal_tim.o
                0x000000000800c6f0                TIM_CCxChannelCmd
 *fill*         0x000000000800c73a        0x2 
 .text.HAL_TIMEx_MasterConfigSynchronization
                0x000000000800c73c      0x11c ./Drivers/STM32H7xx_HAL_Driver/Src/stm32h7xx_hal_tim_ex.o
                0x000000000800c73c                HAL_TIMEx_MasterConfigSynchronization
 .text.HAL_TIMEx_CommutCallback
                0x000000000800c858       0x14 ./Drivers/STM32H7xx_HAL_Driver/Src/stm32h7xx_hal_tim_ex.o
                0x000000000800c858                HAL_TIMEx_CommutCallback
 .text.HAL_TIMEx_BreakCallback
                0x000000000800c86c       0x14 ./Drivers/STM32H7xx_HAL_Driver/Src/stm32h7xx_hal_tim_ex.o
                0x000000000800c86c                HAL_TIMEx_BreakCallback
 .text.HAL_TIMEx_Break2Callback
                0x000000000800c880       0x14 ./Drivers/STM32H7xx_HAL_Driver/Src/stm32h7xx_hal_tim_ex.o
                0x000000000800c880                HAL_TIMEx_Break2Callback
 .text.HAL_UART_Init
                0x000000000800c894       0xa0 ./Drivers/STM32H7xx_HAL_Driver/Src/stm32h7xx_hal_uart.o
                0x000000000800c894                HAL_UART_Init
 .text.HAL_UART_Transmit
                0x000000000800c934      0x12c ./Drivers/STM32H7xx_HAL_Driver/Src/stm32h7xx_hal_uart.o
                0x000000000800c934                HAL_UART_Transmit
 .text.HAL_UART_Receive_IT
                0x000000000800ca60       0xac ./Drivers/STM32H7xx_HAL_Driver/Src/stm32h7xx_hal_uart.o
                0x000000000800ca60                HAL_UART_Receive_IT
 .text.HAL_UART_IRQHandler
                0x000000000800cb0c      0x73c ./Drivers/STM32H7xx_HAL_Driver/Src/stm32h7xx_hal_uart.o
                0x000000000800cb0c                HAL_UART_IRQHandler
 .text.HAL_UART_ErrorCallback
                0x000000000800d248       0x14 ./Drivers/STM32H7xx_HAL_Driver/Src/stm32h7xx_hal_uart.o
                0x000000000800d248                HAL_UART_ErrorCallback
 .text.HAL_UARTEx_RxEventCallback
                0x000000000800d25c       0x18 ./Drivers/STM32H7xx_HAL_Driver/Src/stm32h7xx_hal_uart.o
                0x000000000800d25c                HAL_UARTEx_RxEventCallback
 .text.UART_SetConfig
                0x000000000800d274      0xad0 ./Drivers/STM32H7xx_HAL_Driver/Src/stm32h7xx_hal_uart.o
                0x000000000800d274                UART_SetConfig
 .text.UART_AdvFeatureConfig
                0x000000000800dd44      0x144 ./Drivers/STM32H7xx_HAL_Driver/Src/stm32h7xx_hal_uart.o
                0x000000000800dd44                UART_AdvFeatureConfig
 .text.UART_CheckIdleState
                0x000000000800de88       0x96 ./Drivers/STM32H7xx_HAL_Driver/Src/stm32h7xx_hal_uart.o
                0x000000000800de88                UART_CheckIdleState
 .text.UART_WaitOnFlagUntilTimeout
                0x000000000800df1e      0x190 ./Drivers/STM32H7xx_HAL_Driver/Src/stm32h7xx_hal_uart.o
                0x000000000800df1e                UART_WaitOnFlagUntilTimeout
 *fill*         0x000000000800e0ae        0x2 
 .text.UART_Start_Receive_IT
                0x000000000800e0b0      0x254 ./Drivers/STM32H7xx_HAL_Driver/Src/stm32h7xx_hal_uart.o
                0x000000000800e0b0                UART_Start_Receive_IT
 .text.UART_EndRxTransfer
                0x000000000800e304       0xcc ./Drivers/STM32H7xx_HAL_Driver/Src/stm32h7xx_hal_uart.o
 .text.UART_DMAAbortOnError
                0x000000000800e3d0       0x2c ./Drivers/STM32H7xx_HAL_Driver/Src/stm32h7xx_hal_uart.o
 .text.UART_EndTransmit_IT
                0x000000000800e3fc       0x56 ./Drivers/STM32H7xx_HAL_Driver/Src/stm32h7xx_hal_uart.o
 .text.UART_RxISR_8BIT
                0x000000000800e452      0x160 ./Drivers/STM32H7xx_HAL_Driver/Src/stm32h7xx_hal_uart.o
 .text.UART_RxISR_16BIT
                0x000000000800e5b2      0x160 ./Drivers/STM32H7xx_HAL_Driver/Src/stm32h7xx_hal_uart.o
 *fill*         0x000000000800e712        0x2 
 .text.UART_RxISR_8BIT_FIFOEN
                0x000000000800e714      0x2f8 ./Drivers/STM32H7xx_HAL_Driver/Src/stm32h7xx_hal_uart.o
 .text.UART_RxISR_16BIT_FIFOEN
                0x000000000800ea0c      0x300 ./Drivers/STM32H7xx_HAL_Driver/Src/stm32h7xx_hal_uart.o
 .text.HAL_UARTEx_WakeupCallback
                0x000000000800ed0c       0x14 ./Drivers/STM32H7xx_HAL_Driver/Src/stm32h7xx_hal_uart_ex.o
                0x000000000800ed0c                HAL_UARTEx_WakeupCallback
 .text.HAL_UARTEx_RxFifoFullCallback
                0x000000000800ed20       0x14 ./Drivers/STM32H7xx_HAL_Driver/Src/stm32h7xx_hal_uart_ex.o
                0x000000000800ed20                HAL_UARTEx_RxFifoFullCallback
 .text.HAL_UARTEx_TxFifoEmptyCallback
                0x000000000800ed34       0x14 ./Drivers/STM32H7xx_HAL_Driver/Src/stm32h7xx_hal_uart_ex.o
                0x000000000800ed34                HAL_UARTEx_TxFifoEmptyCallback
 .text.HAL_UARTEx_DisableFifoMode
                0x000000000800ed48       0x72 ./Drivers/STM32H7xx_HAL_Driver/Src/stm32h7xx_hal_uart_ex.o
                0x000000000800ed48                HAL_UARTEx_DisableFifoMode
 .text.HAL_UARTEx_SetTxFifoThreshold
                0x000000000800edba       0x7c ./Drivers/STM32H7xx_HAL_Driver/Src/stm32h7xx_hal_uart_ex.o
                0x000000000800edba                HAL_UARTEx_SetTxFifoThreshold
 .text.HAL_UARTEx_SetRxFifoThreshold
                0x000000000800ee36       0x7c ./Drivers/STM32H7xx_HAL_Driver/Src/stm32h7xx_hal_uart_ex.o
                0x000000000800ee36                HAL_UARTEx_SetRxFifoThreshold
 *fill*         0x000000000800eeb2        0x2 
 .text.UARTEx_SetNbDataToProcess
                0x000000000800eeb4       0x9c ./Drivers/STM32H7xx_HAL_Driver/Src/stm32h7xx_hal_uart_ex.o
 .text.__errno  0x000000000800ef50        0xc d:/archivos de programa/stm32cubeide_1.9.0/stm32cubeide/plugins/com.st.stm32cube.ide.mcu.externaltools.gnu-tools-for-stm32.10.3-2021.10.win32_1.0.0.202111181127/tools/bin/../lib/gcc/arm-none-eabi/10.3.1/../../../../arm-none-eabi/lib/thumb/v7e-m+dp/hard\libc_nano.a(lib_a-errno.o)
                0x000000000800ef50                __errno
 .text.__libc_init_array
                0x000000000800ef5c       0x48 d:/archivos de programa/stm32cubeide_1.9.0/stm32cubeide/plugins/com.st.stm32cube.ide.mcu.externaltools.gnu-tools-for-stm32.10.3-2021.10.win32_1.0.0.202111181127/tools/bin/../lib/gcc/arm-none-eabi/10.3.1/../../../../arm-none-eabi/lib/thumb/v7e-m+dp/hard\libc_nano.a(lib_a-init.o)
                0x000000000800ef5c                __libc_init_array
 .text.memcpy   0x000000000800efa4       0x1c d:/archivos de programa/stm32cubeide_1.9.0/stm32cubeide/plugins/com.st.stm32cube.ide.mcu.externaltools.gnu-tools-for-stm32.10.3-2021.10.win32_1.0.0.202111181127/tools/bin/../lib/gcc/arm-none-eabi/10.3.1/../../../../arm-none-eabi/lib/thumb/v7e-m+dp/hard\libc_nano.a(lib_a-memcpy-stub.o)
                0x000000000800efa4                memcpy
 .text.memset   0x000000000800efc0       0x10 d:/archivos de programa/stm32cubeide_1.9.0/stm32cubeide/plugins/com.st.stm32cube.ide.mcu.externaltools.gnu-tools-for-stm32.10.3-2021.10.win32_1.0.0.202111181127/tools/bin/../lib/gcc/arm-none-eabi/10.3.1/../../../../arm-none-eabi/lib/thumb/v7e-m+dp/hard\libc_nano.a(lib_a-memset.o)
                0x000000000800efc0                memset
 .text.sulp     0x000000000800efd0       0x34 d:/archivos de programa/stm32cubeide_1.9.0/stm32cubeide/plugins/com.st.stm32cube.ide.mcu.externaltools.gnu-tools-for-stm32.10.3-2021.10.win32_1.0.0.202111181127/tools/bin/../lib/gcc/arm-none-eabi/10.3.1/../../../../arm-none-eabi/lib/thumb/v7e-m+dp/hard\libc_nano.a(lib_a-strtod.o)
 *fill*         0x000000000800f004        0x4 
 .text._strtod_l
                0x000000000800f008      0xb6c d:/archivos de programa/stm32cubeide_1.9.0/stm32cubeide/plugins/com.st.stm32cube.ide.mcu.externaltools.gnu-tools-for-stm32.10.3-2021.10.win32_1.0.0.202111181127/tools/bin/../lib/gcc/arm-none-eabi/10.3.1/../../../../arm-none-eabi/lib/thumb/v7e-m+dp/hard\libc_nano.a(lib_a-strtod.o)
                0x000000000800f008                _strtod_l
 .text.strtod   0x000000000800fb74       0x18 d:/archivos de programa/stm32cubeide_1.9.0/stm32cubeide/plugins/com.st.stm32cube.ide.mcu.externaltools.gnu-tools-for-stm32.10.3-2021.10.win32_1.0.0.202111181127/tools/bin/../lib/gcc/arm-none-eabi/10.3.1/../../../../arm-none-eabi/lib/thumb/v7e-m+dp/hard\libc_nano.a(lib_a-strtod.o)
                0x000000000800fb74                strtod
 .text.rshift   0x000000000800fb8c       0xa4 d:/archivos de programa/stm32cubeide_1.9.0/stm32cubeide/plugins/com.st.stm32cube.ide.mcu.externaltools.gnu-tools-for-stm32.10.3-2021.10.win32_1.0.0.202111181127/tools/bin/../lib/gcc/arm-none-eabi/10.3.1/../../../../arm-none-eabi/lib/thumb/v7e-m+dp/hard\libc_nano.a(lib_a-gdtoa-gethex.o)
 .text.__hexdig_fun
                0x000000000800fc30       0x2a d:/archivos de programa/stm32cubeide_1.9.0/stm32cubeide/plugins/com.st.stm32cube.ide.mcu.externaltools.gnu-tools-for-stm32.10.3-2021.10.win32_1.0.0.202111181127/tools/bin/../lib/gcc/arm-none-eabi/10.3.1/../../../../arm-none-eabi/lib/thumb/v7e-m+dp/hard\libc_nano.a(lib_a-gdtoa-gethex.o)
                0x000000000800fc30                __hexdig_fun
 *fill*         0x000000000800fc5a        0x2 
 .text.__gethex
                0x000000000800fc5c      0x48c d:/archivos de programa/stm32cubeide_1.9.0/stm32cubeide/plugins/com.st.stm32cube.ide.mcu.externaltools.gnu-tools-for-stm32.10.3-2021.10.win32_1.0.0.202111181127/tools/bin/../lib/gcc/arm-none-eabi/10.3.1/../../../../arm-none-eabi/lib/thumb/v7e-m+dp/hard\libc_nano.a(lib_a-gdtoa-gethex.o)
                0x000000000800fc5c                __gethex
 .text.L_shift  0x00000000080100e8       0x24 d:/archivos de programa/stm32cubeide_1.9.0/stm32cubeide/plugins/com.st.stm32cube.ide.mcu.externaltools.gnu-tools-for-stm32.10.3-2021.10.win32_1.0.0.202111181127/tools/bin/../lib/gcc/arm-none-eabi/10.3.1/../../../../arm-none-eabi/lib/thumb/v7e-m+dp/hard\libc_nano.a(lib_a-gdtoa-hexnan.o)
 .text.__match  0x000000000801010c       0x28 d:/archivos de programa/stm32cubeide_1.9.0/stm32cubeide/plugins/com.st.stm32cube.ide.mcu.externaltools.gnu-tools-for-stm32.10.3-2021.10.win32_1.0.0.202111181127/tools/bin/../lib/gcc/arm-none-eabi/10.3.1/../../../../arm-none-eabi/lib/thumb/v7e-m+dp/hard\libc_nano.a(lib_a-gdtoa-hexnan.o)
                0x000000000801010c                __match
 .text.__hexnan
                0x0000000008010134      0x138 d:/archivos de programa/stm32cubeide_1.9.0/stm32cubeide/plugins/com.st.stm32cube.ide.mcu.externaltools.gnu-tools-for-stm32.10.3-2021.10.win32_1.0.0.202111181127/tools/bin/../lib/gcc/arm-none-eabi/10.3.1/../../../../arm-none-eabi/lib/thumb/v7e-m+dp/hard\libc_nano.a(lib_a-gdtoa-hexnan.o)
                0x0000000008010134                __hexnan
 .text.__ascii_mbtowc
                0x000000000801026c       0x24 d:/archivos de programa/stm32cubeide_1.9.0/stm32cubeide/plugins/com.st.stm32cube.ide.mcu.externaltools.gnu-tools-for-stm32.10.3-2021.10.win32_1.0.0.202111181127/tools/bin/../lib/gcc/arm-none-eabi/10.3.1/../../../../arm-none-eabi/lib/thumb/v7e-m+dp/hard\libc_nano.a(lib_a-mbtowc_r.o)
                0x000000000801026c                __ascii_mbtowc
 .text._Balloc  0x0000000008010290       0x80 d:/archivos de programa/stm32cubeide_1.9.0/stm32cubeide/plugins/com.st.stm32cube.ide.mcu.externaltools.gnu-tools-for-stm32.10.3-2021.10.win32_1.0.0.202111181127/tools/bin/../lib/gcc/arm-none-eabi/10.3.1/../../../../arm-none-eabi/lib/thumb/v7e-m+dp/hard\libc_nano.a(lib_a-mprec.o)
                0x0000000008010290                _Balloc
 .text._Bfree   0x0000000008010310       0x44 d:/archivos de programa/stm32cubeide_1.9.0/stm32cubeide/plugins/com.st.stm32cube.ide.mcu.externaltools.gnu-tools-for-stm32.10.3-2021.10.win32_1.0.0.202111181127/tools/bin/../lib/gcc/arm-none-eabi/10.3.1/../../../../arm-none-eabi/lib/thumb/v7e-m+dp/hard\libc_nano.a(lib_a-mprec.o)
                0x0000000008010310                _Bfree
 .text.__multadd
                0x0000000008010354       0x8c d:/archivos de programa/stm32cubeide_1.9.0/stm32cubeide/plugins/com.st.stm32cube.ide.mcu.externaltools.gnu-tools-for-stm32.10.3-2021.10.win32_1.0.0.202111181127/tools/bin/../lib/gcc/arm-none-eabi/10.3.1/../../../../arm-none-eabi/lib/thumb/v7e-m+dp/hard\libc_nano.a(lib_a-mprec.o)
                0x0000000008010354                __multadd
 .text.__s2b    0x00000000080103e0       0x94 d:/archivos de programa/stm32cubeide_1.9.0/stm32cubeide/plugins/com.st.stm32cube.ide.mcu.externaltools.gnu-tools-for-stm32.10.3-2021.10.win32_1.0.0.202111181127/tools/bin/../lib/gcc/arm-none-eabi/10.3.1/../../../../arm-none-eabi/lib/thumb/v7e-m+dp/hard\libc_nano.a(lib_a-mprec.o)
                0x00000000080103e0                __s2b
 .text.__hi0bits
                0x0000000008010474       0x40 d:/archivos de programa/stm32cubeide_1.9.0/stm32cubeide/plugins/com.st.stm32cube.ide.mcu.externaltools.gnu-tools-for-stm32.10.3-2021.10.win32_1.0.0.202111181127/tools/bin/../lib/gcc/arm-none-eabi/10.3.1/../../../../arm-none-eabi/lib/thumb/v7e-m+dp/hard\libc_nano.a(lib_a-mprec.o)
                0x0000000008010474                __hi0bits
 .text.__lo0bits
                0x00000000080104b4       0x5e d:/archivos de programa/stm32cubeide_1.9.0/stm32cubeide/plugins/com.st.stm32cube.ide.mcu.externaltools.gnu-tools-for-stm32.10.3-2021.10.win32_1.0.0.202111181127/tools/bin/../lib/gcc/arm-none-eabi/10.3.1/../../../../arm-none-eabi/lib/thumb/v7e-m+dp/hard\libc_nano.a(lib_a-mprec.o)
                0x00000000080104b4                __lo0bits
 *fill*         0x0000000008010512        0x2 
 .text.__i2b    0x0000000008010514       0x2c d:/archivos de programa/stm32cubeide_1.9.0/stm32cubeide/plugins/com.st.stm32cube.ide.mcu.externaltools.gnu-tools-for-stm32.10.3-2021.10.win32_1.0.0.202111181127/tools/bin/../lib/gcc/arm-none-eabi/10.3.1/../../../../arm-none-eabi/lib/thumb/v7e-m+dp/hard\libc_nano.a(lib_a-mprec.o)
                0x0000000008010514                __i2b
 .text.__multiply
                0x0000000008010540      0x154 d:/archivos de programa/stm32cubeide_1.9.0/stm32cubeide/plugins/com.st.stm32cube.ide.mcu.externaltools.gnu-tools-for-stm32.10.3-2021.10.win32_1.0.0.202111181127/tools/bin/../lib/gcc/arm-none-eabi/10.3.1/../../../../arm-none-eabi/lib/thumb/v7e-m+dp/hard\libc_nano.a(lib_a-mprec.o)
                0x0000000008010540                __multiply
 .text.__pow5mult
                0x0000000008010694       0xb4 d:/archivos de programa/stm32cubeide_1.9.0/stm32cubeide/plugins/com.st.stm32cube.ide.mcu.externaltools.gnu-tools-for-stm32.10.3-2021.10.win32_1.0.0.202111181127/tools/bin/../lib/gcc/arm-none-eabi/10.3.1/../../../../arm-none-eabi/lib/thumb/v7e-m+dp/hard\libc_nano.a(lib_a-mprec.o)
                0x0000000008010694                __pow5mult
 .text.__lshift
                0x0000000008010748       0xe0 d:/archivos de programa/stm32cubeide_1.9.0/stm32cubeide/plugins/com.st.stm32cube.ide.mcu.externaltools.gnu-tools-for-stm32.10.3-2021.10.win32_1.0.0.202111181127/tools/bin/../lib/gcc/arm-none-eabi/10.3.1/../../../../arm-none-eabi/lib/thumb/v7e-m+dp/hard\libc_nano.a(lib_a-mprec.o)
                0x0000000008010748                __lshift
 .text.__mcmp   0x0000000008010828       0x38 d:/archivos de programa/stm32cubeide_1.9.0/stm32cubeide/plugins/com.st.stm32cube.ide.mcu.externaltools.gnu-tools-for-stm32.10.3-2021.10.win32_1.0.0.202111181127/tools/bin/../lib/gcc/arm-none-eabi/10.3.1/../../../../arm-none-eabi/lib/thumb/v7e-m+dp/hard\libc_nano.a(lib_a-mprec.o)
                0x0000000008010828                __mcmp
 .text.__mdiff  0x0000000008010860      0x114 d:/archivos de programa/stm32cubeide_1.9.0/stm32cubeide/plugins/com.st.stm32cube.ide.mcu.externaltools.gnu-tools-for-stm32.10.3-2021.10.win32_1.0.0.202111181127/tools/bin/../lib/gcc/arm-none-eabi/10.3.1/../../../../arm-none-eabi/lib/thumb/v7e-m+dp/hard\libc_nano.a(lib_a-mprec.o)
                0x0000000008010860                __mdiff
 .text.__ulp    0x0000000008010974       0x58 d:/archivos de programa/stm32cubeide_1.9.0/stm32cubeide/plugins/com.st.stm32cube.ide.mcu.externaltools.gnu-tools-for-stm32.10.3-2021.10.win32_1.0.0.202111181127/tools/bin/../lib/gcc/arm-none-eabi/10.3.1/../../../../arm-none-eabi/lib/thumb/v7e-m+dp/hard\libc_nano.a(lib_a-mprec.o)
                0x0000000008010974                __ulp
 .text.__b2d    0x00000000080109cc       0xa0 d:/archivos de programa/stm32cubeide_1.9.0/stm32cubeide/plugins/com.st.stm32cube.ide.mcu.externaltools.gnu-tools-for-stm32.10.3-2021.10.win32_1.0.0.202111181127/tools/bin/../lib/gcc/arm-none-eabi/10.3.1/../../../../arm-none-eabi/lib/thumb/v7e-m+dp/hard\libc_nano.a(lib_a-mprec.o)
                0x00000000080109cc                __b2d
 .text.__d2b    0x0000000008010a6c       0xb8 d:/archivos de programa/stm32cubeide_1.9.0/stm32cubeide/plugins/com.st.stm32cube.ide.mcu.externaltools.gnu-tools-for-stm32.10.3-2021.10.win32_1.0.0.202111181127/tools/bin/../lib/gcc/arm-none-eabi/10.3.1/../../../../arm-none-eabi/lib/thumb/v7e-m+dp/hard\libc_nano.a(lib_a-mprec.o)
                0x0000000008010a6c                __d2b
 .text.__ratio  0x0000000008010b24       0x60 d:/archivos de programa/stm32cubeide_1.9.0/stm32cubeide/plugins/com.st.stm32cube.ide.mcu.externaltools.gnu-tools-for-stm32.10.3-2021.10.win32_1.0.0.202111181127/tools/bin/../lib/gcc/arm-none-eabi/10.3.1/../../../../arm-none-eabi/lib/thumb/v7e-m+dp/hard\libc_nano.a(lib_a-mprec.o)
                0x0000000008010b24                __ratio
 .text.__copybits
                0x0000000008010b84       0x46 d:/archivos de programa/stm32cubeide_1.9.0/stm32cubeide/plugins/com.st.stm32cube.ide.mcu.externaltools.gnu-tools-for-stm32.10.3-2021.10.win32_1.0.0.202111181127/tools/bin/../lib/gcc/arm-none-eabi/10.3.1/../../../../arm-none-eabi/lib/thumb/v7e-m+dp/hard\libc_nano.a(lib_a-mprec.o)
                0x0000000008010b84                __copybits
 .text.__any_on
                0x0000000008010bca       0x42 d:/archivos de programa/stm32cubeide_1.9.0/stm32cubeide/plugins/com.st.stm32cube.ide.mcu.externaltools.gnu-tools-for-stm32.10.3-2021.10.win32_1.0.0.202111181127/tools/bin/../lib/gcc/arm-none-eabi/10.3.1/../../../../arm-none-eabi/lib/thumb/v7e-m+dp/hard\libc_nano.a(lib_a-mprec.o)
                0x0000000008010bca                __any_on
 .text._calloc_r
                0x0000000008010c0c       0x2c d:/archivos de programa/stm32cubeide_1.9.0/stm32cubeide/plugins/com.st.stm32cube.ide.mcu.externaltools.gnu-tools-for-stm32.10.3-2021.10.win32_1.0.0.202111181127/tools/bin/../lib/gcc/arm-none-eabi/10.3.1/../../../../arm-none-eabi/lib/thumb/v7e-m+dp/hard\libc_nano.a(lib_a-nano-callocr.o)
                0x0000000008010c0c                _calloc_r
 .text.sbrk_aligned
                0x0000000008010c38       0x40 d:/archivos de programa/stm32cubeide_1.9.0/stm32cubeide/plugins/com.st.stm32cube.ide.mcu.externaltools.gnu-tools-for-stm32.10.3-2021.10.win32_1.0.0.202111181127/tools/bin/../lib/gcc/arm-none-eabi/10.3.1/../../../../arm-none-eabi/lib/thumb/v7e-m+dp/hard\libc_nano.a(lib_a-nano-mallocr.o)
 .text._malloc_r
                0x0000000008010c78       0xe8 d:/archivos de programa/stm32cubeide_1.9.0/stm32cubeide/plugins/com.st.stm32cube.ide.mcu.externaltools.gnu-tools-for-stm32.10.3-2021.10.win32_1.0.0.202111181127/tools/bin/../lib/gcc/arm-none-eabi/10.3.1/../../../../arm-none-eabi/lib/thumb/v7e-m+dp/hard\libc_nano.a(lib_a-nano-mallocr.o)
                0x0000000008010c78                _malloc_r
 .text.nan      0x0000000008010d60       0x10 d:/archivos de programa/stm32cubeide_1.9.0/stm32cubeide/plugins/com.st.stm32cube.ide.mcu.externaltools.gnu-tools-for-stm32.10.3-2021.10.win32_1.0.0.202111181127/tools/bin/../lib/gcc/arm-none-eabi/10.3.1/../../../../arm-none-eabi/lib/thumb/v7e-m+dp/hard\libc_nano.a(lib_a-s_nan.o)
                0x0000000008010d60                nan
 .text._sbrk_r  0x0000000008010d70       0x20 d:/archivos de programa/stm32cubeide_1.9.0/stm32cubeide/plugins/com.st.stm32cube.ide.mcu.externaltools.gnu-tools-for-stm32.10.3-2021.10.win32_1.0.0.202111181127/tools/bin/../lib/gcc/arm-none-eabi/10.3.1/../../../../arm-none-eabi/lib/thumb/v7e-m+dp/hard\libc_nano.a(lib_a-sbrkr.o)
                0x0000000008010d70                _sbrk_r
 .text.strncmp  0x0000000008010d90       0x28 d:/archivos de programa/stm32cubeide_1.9.0/stm32cubeide/plugins/com.st.stm32cube.ide.mcu.externaltools.gnu-tools-for-stm32.10.3-2021.10.win32_1.0.0.202111181127/tools/bin/../lib/gcc/arm-none-eabi/10.3.1/../../../../arm-none-eabi/lib/thumb/v7e-m+dp/hard\libc_nano.a(lib_a-strncmp.o)
                0x0000000008010d90                strncmp
 .text.__ascii_wctomb
                0x0000000008010db8       0x1a d:/archivos de programa/stm32cubeide_1.9.0/stm32cubeide/plugins/com.st.stm32cube.ide.mcu.externaltools.gnu-tools-for-stm32.10.3-2021.10.win32_1.0.0.202111181127/tools/bin/../lib/gcc/arm-none-eabi/10.3.1/../../../../arm-none-eabi/lib/thumb/v7e-m+dp/hard\libc_nano.a(lib_a-wctomb_r.o)
                0x0000000008010db8                __ascii_wctomb
 *fill*         0x0000000008010dd2        0x2 
 .text.__assert_func
                0x0000000008010dd4       0x3c d:/archivos de programa/stm32cubeide_1.9.0/stm32cubeide/plugins/com.st.stm32cube.ide.mcu.externaltools.gnu-tools-for-stm32.10.3-2021.10.win32_1.0.0.202111181127/tools/bin/../lib/gcc/arm-none-eabi/10.3.1/../../../../arm-none-eabi/lib/thumb/v7e-m+dp/hard\libc_nano.a(lib_a-assert.o)
                0x0000000008010dd4                __assert_func
 .text.fprintf  0x0000000008010e10       0x24 d:/archivos de programa/stm32cubeide_1.9.0/stm32cubeide/plugins/com.st.stm32cube.ide.mcu.externaltools.gnu-tools-for-stm32.10.3-2021.10.win32_1.0.0.202111181127/tools/bin/../lib/gcc/arm-none-eabi/10.3.1/../../../../arm-none-eabi/lib/thumb/v7e-m+dp/hard\libc_nano.a(lib_a-fprintf.o)
                0x0000000008010e10                fiprintf
                0x0000000008010e10                fprintf
 .text.malloc   0x0000000008010e34       0x10 d:/archivos de programa/stm32cubeide_1.9.0/stm32cubeide/plugins/com.st.stm32cube.ide.mcu.externaltools.gnu-tools-for-stm32.10.3-2021.10.win32_1.0.0.202111181127/tools/bin/../lib/gcc/arm-none-eabi/10.3.1/../../../../arm-none-eabi/lib/thumb/v7e-m+dp/hard\libc_nano.a(lib_a-malloc.o)
                0x0000000008010e34                malloc
 .text.__malloc_lock
                0x0000000008010e44        0xc d:/archivos de programa/stm32cubeide_1.9.0/stm32cubeide/plugins/com.st.stm32cube.ide.mcu.externaltools.gnu-tools-for-stm32.10.3-2021.10.win32_1.0.0.202111181127/tools/bin/../lib/gcc/arm-none-eabi/10.3.1/../../../../arm-none-eabi/lib/thumb/v7e-m+dp/hard\libc_nano.a(lib_a-mlock.o)
                0x0000000008010e44                __malloc_lock
 .text.__malloc_unlock
                0x0000000008010e50        0xc d:/archivos de programa/stm32cubeide_1.9.0/stm32cubeide/plugins/com.st.stm32cube.ide.mcu.externaltools.gnu-tools-for-stm32.10.3-2021.10.win32_1.0.0.202111181127/tools/bin/../lib/gcc/arm-none-eabi/10.3.1/../../../../arm-none-eabi/lib/thumb/v7e-m+dp/hard\libc_nano.a(lib_a-mlock.o)
                0x0000000008010e50                __malloc_unlock
 .text._free_r  0x0000000008010e5c       0x98 d:/archivos de programa/stm32cubeide_1.9.0/stm32cubeide/plugins/com.st.stm32cube.ide.mcu.externaltools.gnu-tools-for-stm32.10.3-2021.10.win32_1.0.0.202111181127/tools/bin/../lib/gcc/arm-none-eabi/10.3.1/../../../../arm-none-eabi/lib/thumb/v7e-m+dp/hard\libc_nano.a(lib_a-nano-freer.o)
                0x0000000008010e5c                _free_r
 .text.__sfputc_r
                0x0000000008010ef4       0x2e d:/archivos de programa/stm32cubeide_1.9.0/stm32cubeide/plugins/com.st.stm32cube.ide.mcu.externaltools.gnu-tools-for-stm32.10.3-2021.10.win32_1.0.0.202111181127/tools/bin/../lib/gcc/arm-none-eabi/10.3.1/../../../../arm-none-eabi/lib/thumb/v7e-m+dp/hard\libc_nano.a(lib_a-nano-vfprintf.o)
 .text.__sfputs_r
                0x0000000008010f22       0x24 d:/archivos de programa/stm32cubeide_1.9.0/stm32cubeide/plugins/com.st.stm32cube.ide.mcu.externaltools.gnu-tools-for-stm32.10.3-2021.10.win32_1.0.0.202111181127/tools/bin/../lib/gcc/arm-none-eabi/10.3.1/../../../../arm-none-eabi/lib/thumb/v7e-m+dp/hard\libc_nano.a(lib_a-nano-vfprintf.o)
                0x0000000008010f22                __sfputs_r
 *fill*         0x0000000008010f46        0x2 
 .text._vfprintf_r
                0x0000000008010f48      0x260 d:/archivos de programa/stm32cubeide_1.9.0/stm32cubeide/plugins/com.st.stm32cube.ide.mcu.externaltools.gnu-tools-for-stm32.10.3-2021.10.win32_1.0.0.202111181127/tools/bin/../lib/gcc/arm-none-eabi/10.3.1/../../../../arm-none-eabi/lib/thumb/v7e-m+dp/hard\libc_nano.a(lib_a-nano-vfprintf.o)
                0x0000000008010f48                _vfprintf_r
                0x0000000008010f48                _vfiprintf_r
 .text._printf_common
                0x00000000080111a8       0xda d:/archivos de programa/stm32cubeide_1.9.0/stm32cubeide/plugins/com.st.stm32cube.ide.mcu.externaltools.gnu-tools-for-stm32.10.3-2021.10.win32_1.0.0.202111181127/tools/bin/../lib/gcc/arm-none-eabi/10.3.1/../../../../arm-none-eabi/lib/thumb/v7e-m+dp/hard\libc_nano.a(lib_a-nano-vfprintf_i.o)
                0x00000000080111a8                _printf_common
 *fill*         0x0000000008011282        0x2 
 .text._printf_i
                0x0000000008011284      0x24c d:/archivos de programa/stm32cubeide_1.9.0/stm32cubeide/plugins/com.st.stm32cube.ide.mcu.externaltools.gnu-tools-for-stm32.10.3-2021.10.win32_1.0.0.202111181127/tools/bin/../lib/gcc/arm-none-eabi/10.3.1/../../../../arm-none-eabi/lib/thumb/v7e-m+dp/hard\libc_nano.a(lib_a-nano-vfprintf_i.o)
                0x0000000008011284                _printf_i
 .text.__swbuf_r
                0x00000000080114d0       0xa4 d:/archivos de programa/stm32cubeide_1.9.0/stm32cubeide/plugins/com.st.stm32cube.ide.mcu.externaltools.gnu-tools-for-stm32.10.3-2021.10.win32_1.0.0.202111181127/tools/bin/../lib/gcc/arm-none-eabi/10.3.1/../../../../arm-none-eabi/lib/thumb/v7e-m+dp/hard\libc_nano.a(lib_a-wbuf.o)
                0x00000000080114d0                __swbuf_r
 .text.__swsetup_r
                0x0000000008011574       0xdc d:/archivos de programa/stm32cubeide_1.9.0/stm32cubeide/plugins/com.st.stm32cube.ide.mcu.externaltools.gnu-tools-for-stm32.10.3-2021.10.win32_1.0.0.202111181127/tools/bin/../lib/gcc/arm-none-eabi/10.3.1/../../../../arm-none-eabi/lib/thumb/v7e-m+dp/hard\libc_nano.a(lib_a-wsetup.o)
                0x0000000008011574                __swsetup_r
 .text.abort    0x0000000008011650        0xe d:/archivos de programa/stm32cubeide_1.9.0/stm32cubeide/plugins/com.st.stm32cube.ide.mcu.externaltools.gnu-tools-for-stm32.10.3-2021.10.win32_1.0.0.202111181127/tools/bin/../lib/gcc/arm-none-eabi/10.3.1/../../../../arm-none-eabi/lib/thumb/v7e-m+dp/hard\libc_nano.a(lib_a-abort.o)
                0x0000000008011650                abort
 *fill*         0x000000000801165e        0x2 
 .text.__sflush_r
                0x0000000008011660      0x10c d:/archivos de programa/stm32cubeide_1.9.0/stm32cubeide/plugins/com.st.stm32cube.ide.mcu.externaltools.gnu-tools-for-stm32.10.3-2021.10.win32_1.0.0.202111181127/tools/bin/../lib/gcc/arm-none-eabi/10.3.1/../../../../arm-none-eabi/lib/thumb/v7e-m+dp/hard\libc_nano.a(lib_a-fflush.o)
                0x0000000008011660                __sflush_r
 .text._fflush_r
                0x000000000801176c       0x78 d:/archivos de programa/stm32cubeide_1.9.0/stm32cubeide/plugins/com.st.stm32cube.ide.mcu.externaltools.gnu-tools-for-stm32.10.3-2021.10.win32_1.0.0.202111181127/tools/bin/../lib/gcc/arm-none-eabi/10.3.1/../../../../arm-none-eabi/lib/thumb/v7e-m+dp/hard\libc_nano.a(lib_a-fflush.o)
                0x000000000801176c                _fflush_r
 .text.std      0x00000000080117e4       0x48 d:/archivos de programa/stm32cubeide_1.9.0/stm32cubeide/plugins/com.st.stm32cube.ide.mcu.externaltools.gnu-tools-for-stm32.10.3-2021.10.win32_1.0.0.202111181127/tools/bin/../lib/gcc/arm-none-eabi/10.3.1/../../../../arm-none-eabi/lib/thumb/v7e-m+dp/hard\libc_nano.a(lib_a-findfp.o)
 .text._cleanup_r
                0x000000000801182c        0xc d:/archivos de programa/stm32cubeide_1.9.0/stm32cubeide/plugins/com.st.stm32cube.ide.mcu.externaltools.gnu-tools-for-stm32.10.3-2021.10.win32_1.0.0.202111181127/tools/bin/../lib/gcc/arm-none-eabi/10.3.1/../../../../arm-none-eabi/lib/thumb/v7e-m+dp/hard\libc_nano.a(lib_a-findfp.o)
                0x000000000801182c                _cleanup_r
 .text.__sfmoreglue
                0x0000000008011838       0x2c d:/archivos de programa/stm32cubeide_1.9.0/stm32cubeide/plugins/com.st.stm32cube.ide.mcu.externaltools.gnu-tools-for-stm32.10.3-2021.10.win32_1.0.0.202111181127/tools/bin/../lib/gcc/arm-none-eabi/10.3.1/../../../../arm-none-eabi/lib/thumb/v7e-m+dp/hard\libc_nano.a(lib_a-findfp.o)
                0x0000000008011838                __sfmoreglue
 .text.__sfp_lock_acquire
                0x0000000008011864        0xc d:/archivos de programa/stm32cubeide_1.9.0/stm32cubeide/plugins/com.st.stm32cube.ide.mcu.externaltools.gnu-tools-for-stm32.10.3-2021.10.win32_1.0.0.202111181127/tools/bin/../lib/gcc/arm-none-eabi/10.3.1/../../../../arm-none-eabi/lib/thumb/v7e-m+dp/hard\libc_nano.a(lib_a-findfp.o)
                0x0000000008011864                __sfp_lock_acquire
 .text.__sfp_lock_release
                0x0000000008011870        0xc d:/archivos de programa/stm32cubeide_1.9.0/stm32cubeide/plugins/com.st.stm32cube.ide.mcu.externaltools.gnu-tools-for-stm32.10.3-2021.10.win32_1.0.0.202111181127/tools/bin/../lib/gcc/arm-none-eabi/10.3.1/../../../../arm-none-eabi/lib/thumb/v7e-m+dp/hard\libc_nano.a(lib_a-findfp.o)
                0x0000000008011870                __sfp_lock_release
 .text.__sinit_lock_acquire
                0x000000000801187c        0xc d:/archivos de programa/stm32cubeide_1.9.0/stm32cubeide/plugins/com.st.stm32cube.ide.mcu.externaltools.gnu-tools-for-stm32.10.3-2021.10.win32_1.0.0.202111181127/tools/bin/../lib/gcc/arm-none-eabi/10.3.1/../../../../arm-none-eabi/lib/thumb/v7e-m+dp/hard\libc_nano.a(lib_a-findfp.o)
                0x000000000801187c                __sinit_lock_acquire
 .text.__sinit_lock_release
                0x0000000008011888        0xc d:/archivos de programa/stm32cubeide_1.9.0/stm32cubeide/plugins/com.st.stm32cube.ide.mcu.externaltools.gnu-tools-for-stm32.10.3-2021.10.win32_1.0.0.202111181127/tools/bin/../lib/gcc/arm-none-eabi/10.3.1/../../../../arm-none-eabi/lib/thumb/v7e-m+dp/hard\libc_nano.a(lib_a-findfp.o)
                0x0000000008011888                __sinit_lock_release
 .text.__sinit  0x0000000008011894       0x70 d:/archivos de programa/stm32cubeide_1.9.0/stm32cubeide/plugins/com.st.stm32cube.ide.mcu.externaltools.gnu-tools-for-stm32.10.3-2021.10.win32_1.0.0.202111181127/tools/bin/../lib/gcc/arm-none-eabi/10.3.1/../../../../arm-none-eabi/lib/thumb/v7e-m+dp/hard\libc_nano.a(lib_a-findfp.o)
                0x0000000008011894                __sinit
 .text.__sfp    0x0000000008011904       0x8c d:/archivos de programa/stm32cubeide_1.9.0/stm32cubeide/plugins/com.st.stm32cube.ide.mcu.externaltools.gnu-tools-for-stm32.10.3-2021.10.win32_1.0.0.202111181127/tools/bin/../lib/gcc/arm-none-eabi/10.3.1/../../../../arm-none-eabi/lib/thumb/v7e-m+dp/hard\libc_nano.a(lib_a-findfp.o)
                0x0000000008011904                __sfp
 .text._fwalk_reent
                0x0000000008011990       0x3e d:/archivos de programa/stm32cubeide_1.9.0/stm32cubeide/plugins/com.st.stm32cube.ide.mcu.externaltools.gnu-tools-for-stm32.10.3-2021.10.win32_1.0.0.202111181127/tools/bin/../lib/gcc/arm-none-eabi/10.3.1/../../../../arm-none-eabi/lib/thumb/v7e-m+dp/hard\libc_nano.a(lib_a-fwalk.o)
                0x0000000008011990                _fwalk_reent
 .text.__retarget_lock_init_recursive
                0x00000000080119ce        0x2 d:/archivos de programa/stm32cubeide_1.9.0/stm32cubeide/plugins/com.st.stm32cube.ide.mcu.externaltools.gnu-tools-for-stm32.10.3-2021.10.win32_1.0.0.202111181127/tools/bin/../lib/gcc/arm-none-eabi/10.3.1/../../../../arm-none-eabi/lib/thumb/v7e-m+dp/hard\libc_nano.a(lib_a-lock.o)
                0x00000000080119ce                __retarget_lock_init_recursive
 .text.__retarget_lock_acquire_recursive
                0x00000000080119d0        0x2 d:/archivos de programa/stm32cubeide_1.9.0/stm32cubeide/plugins/com.st.stm32cube.ide.mcu.externaltools.gnu-tools-for-stm32.10.3-2021.10.win32_1.0.0.202111181127/tools/bin/../lib/gcc/arm-none-eabi/10.3.1/../../../../arm-none-eabi/lib/thumb/v7e-m+dp/hard\libc_nano.a(lib_a-lock.o)
                0x00000000080119d0                __retarget_lock_acquire_recursive
 .text.__retarget_lock_release_recursive
                0x00000000080119d2        0x2 d:/archivos de programa/stm32cubeide_1.9.0/stm32cubeide/plugins/com.st.stm32cube.ide.mcu.externaltools.gnu-tools-for-stm32.10.3-2021.10.win32_1.0.0.202111181127/tools/bin/../lib/gcc/arm-none-eabi/10.3.1/../../../../arm-none-eabi/lib/thumb/v7e-m+dp/hard\libc_nano.a(lib_a-lock.o)
                0x00000000080119d2                __retarget_lock_release_recursive
 .text.__swhatbuf_r
                0x00000000080119d4       0x4a d:/archivos de programa/stm32cubeide_1.9.0/stm32cubeide/plugins/com.st.stm32cube.ide.mcu.externaltools.gnu-tools-for-stm32.10.3-2021.10.win32_1.0.0.202111181127/tools/bin/../lib/gcc/arm-none-eabi/10.3.1/../../../../arm-none-eabi/lib/thumb/v7e-m+dp/hard\libc_nano.a(lib_a-makebuf.o)
                0x00000000080119d4                __swhatbuf_r
 *fill*         0x0000000008011a1e        0x2 
 .text.__smakebuf_r
                0x0000000008011a20       0x80 d:/archivos de programa/stm32cubeide_1.9.0/stm32cubeide/plugins/com.st.stm32cube.ide.mcu.externaltools.gnu-tools-for-stm32.10.3-2021.10.win32_1.0.0.202111181127/tools/bin/../lib/gcc/arm-none-eabi/10.3.1/../../../../arm-none-eabi/lib/thumb/v7e-m+dp/hard\libc_nano.a(lib_a-makebuf.o)
                0x0000000008011a20                __smakebuf_r
 .text._raise_r
                0x0000000008011aa0       0x50 d:/archivos de programa/stm32cubeide_1.9.0/stm32cubeide/plugins/com.st.stm32cube.ide.mcu.externaltools.gnu-tools-for-stm32.10.3-2021.10.win32_1.0.0.202111181127/tools/bin/../lib/gcc/arm-none-eabi/10.3.1/../../../../arm-none-eabi/lib/thumb/v7e-m+dp/hard\libc_nano.a(lib_a-signal.o)
                0x0000000008011aa0                _raise_r
 .text.raise    0x0000000008011af0       0x10 d:/archivos de programa/stm32cubeide_1.9.0/stm32cubeide/plugins/com.st.stm32cube.ide.mcu.externaltools.gnu-tools-for-stm32.10.3-2021.10.win32_1.0.0.202111181127/tools/bin/../lib/gcc/arm-none-eabi/10.3.1/../../../../arm-none-eabi/lib/thumb/v7e-m+dp/hard\libc_nano.a(lib_a-signal.o)
                0x0000000008011af0                raise
 .text._kill_r  0x0000000008011b00       0x24 d:/archivos de programa/stm32cubeide_1.9.0/stm32cubeide/plugins/com.st.stm32cube.ide.mcu.externaltools.gnu-tools-for-stm32.10.3-2021.10.win32_1.0.0.202111181127/tools/bin/../lib/gcc/arm-none-eabi/10.3.1/../../../../arm-none-eabi/lib/thumb/v7e-m+dp/hard\libc_nano.a(lib_a-signalr.o)
                0x0000000008011b00                _kill_r
 .text._getpid_r
                0x0000000008011b24        0x4 d:/archivos de programa/stm32cubeide_1.9.0/stm32cubeide/plugins/com.st.stm32cube.ide.mcu.externaltools.gnu-tools-for-stm32.10.3-2021.10.win32_1.0.0.202111181127/tools/bin/../lib/gcc/arm-none-eabi/10.3.1/../../../../arm-none-eabi/lib/thumb/v7e-m+dp/hard\libc_nano.a(lib_a-signalr.o)
                0x0000000008011b24                _getpid_r
 .text.__sread  0x0000000008011b28       0x22 d:/archivos de programa/stm32cubeide_1.9.0/stm32cubeide/plugins/com.st.stm32cube.ide.mcu.externaltools.gnu-tools-for-stm32.10.3-2021.10.win32_1.0.0.202111181127/tools/bin/../lib/gcc/arm-none-eabi/10.3.1/../../../../arm-none-eabi/lib/thumb/v7e-m+dp/hard\libc_nano.a(lib_a-stdio.o)
                0x0000000008011b28                __sread
 .text.__swrite
                0x0000000008011b4a       0x38 d:/archivos de programa/stm32cubeide_1.9.0/stm32cubeide/plugins/com.st.stm32cube.ide.mcu.externaltools.gnu-tools-for-stm32.10.3-2021.10.win32_1.0.0.202111181127/tools/bin/../lib/gcc/arm-none-eabi/10.3.1/../../../../arm-none-eabi/lib/thumb/v7e-m+dp/hard\libc_nano.a(lib_a-stdio.o)
                0x0000000008011b4a                __swrite
 .text.__sseek  0x0000000008011b82       0x24 d:/archivos de programa/stm32cubeide_1.9.0/stm32cubeide/plugins/com.st.stm32cube.ide.mcu.externaltools.gnu-tools-for-stm32.10.3-2021.10.win32_1.0.0.202111181127/tools/bin/../lib/gcc/arm-none-eabi/10.3.1/../../../../arm-none-eabi/lib/thumb/v7e-m+dp/hard\libc_nano.a(lib_a-stdio.o)
                0x0000000008011b82                __sseek
 .text.__sclose
                0x0000000008011ba6        0x8 d:/archivos de programa/stm32cubeide_1.9.0/stm32cubeide/plugins/com.st.stm32cube.ide.mcu.externaltools.gnu-tools-for-stm32.10.3-2021.10.win32_1.0.0.202111181127/tools/bin/../lib/gcc/arm-none-eabi/10.3.1/../../../../arm-none-eabi/lib/thumb/v7e-m+dp/hard\libc_nano.a(lib_a-stdio.o)
                0x0000000008011ba6                __sclose
 *fill*         0x0000000008011bae        0x2 
 .text._write_r
                0x0000000008011bb0       0x24 d:/archivos de programa/stm32cubeide_1.9.0/stm32cubeide/plugins/com.st.stm32cube.ide.mcu.externaltools.gnu-tools-for-stm32.10.3-2021.10.win32_1.0.0.202111181127/tools/bin/../lib/gcc/arm-none-eabi/10.3.1/../../../../arm-none-eabi/lib/thumb/v7e-m+dp/hard\libc_nano.a(lib_a-writer.o)
                0x0000000008011bb0                _write_r
 .text._close_r
                0x0000000008011bd4       0x20 d:/archivos de programa/stm32cubeide_1.9.0/stm32cubeide/plugins/com.st.stm32cube.ide.mcu.externaltools.gnu-tools-for-stm32.10.3-2021.10.win32_1.0.0.202111181127/tools/bin/../lib/gcc/arm-none-eabi/10.3.1/../../../../arm-none-eabi/lib/thumb/v7e-m+dp/hard\libc_nano.a(lib_a-closer.o)
                0x0000000008011bd4                _close_r
 .text._fstat_r
                0x0000000008011bf4       0x24 d:/archivos de programa/stm32cubeide_1.9.0/stm32cubeide/plugins/com.st.stm32cube.ide.mcu.externaltools.gnu-tools-for-stm32.10.3-2021.10.win32_1.0.0.202111181127/tools/bin/../lib/gcc/arm-none-eabi/10.3.1/../../../../arm-none-eabi/lib/thumb/v7e-m+dp/hard\libc_nano.a(lib_a-fstatr.o)
                0x0000000008011bf4                _fstat_r
 .text._isatty_r
                0x0000000008011c18       0x20 d:/archivos de programa/stm32cubeide_1.9.0/stm32cubeide/plugins/com.st.stm32cube.ide.mcu.externaltools.gnu-tools-for-stm32.10.3-2021.10.win32_1.0.0.202111181127/tools/bin/../lib/gcc/arm-none-eabi/10.3.1/../../../../arm-none-eabi/lib/thumb/v7e-m+dp/hard\libc_nano.a(lib_a-isattyr.o)
                0x0000000008011c18                _isatty_r
 .text._lseek_r
                0x0000000008011c38       0x24 d:/archivos de programa/stm32cubeide_1.9.0/stm32cubeide/plugins/com.st.stm32cube.ide.mcu.externaltools.gnu-tools-for-stm32.10.3-2021.10.win32_1.0.0.202111181127/tools/bin/../lib/gcc/arm-none-eabi/10.3.1/../../../../arm-none-eabi/lib/thumb/v7e-m+dp/hard\libc_nano.a(lib_a-lseekr.o)
                0x0000000008011c38                _lseek_r
 .text._read_r  0x0000000008011c5c       0x24 d:/archivos de programa/stm32cubeide_1.9.0/stm32cubeide/plugins/com.st.stm32cube.ide.mcu.externaltools.gnu-tools-for-stm32.10.3-2021.10.win32_1.0.0.202111181127/tools/bin/../lib/gcc/arm-none-eabi/10.3.1/../../../../arm-none-eabi/lib/thumb/v7e-m+dp/hard\libc_nano.a(lib_a-readr.o)
                0x0000000008011c5c                _read_r
 .text.checkint
                0x0000000008011c80       0x68 d:/archivos de programa/stm32cubeide_1.9.0/stm32cubeide/plugins/com.st.stm32cube.ide.mcu.externaltools.gnu-tools-for-stm32.10.3-2021.10.win32_1.0.0.202111181127/tools/bin/../lib/gcc/arm-none-eabi/10.3.1/../../../../arm-none-eabi/lib/thumb/v7e-m+dp/hard\libm.a(lib_a-pow.o)
 .text.pow      0x0000000008011ce8      0x4a4 d:/archivos de programa/stm32cubeide_1.9.0/stm32cubeide/plugins/com.st.stm32cube.ide.mcu.externaltools.gnu-tools-for-stm32.10.3-2021.10.win32_1.0.0.202111181127/tools/bin/../lib/gcc/arm-none-eabi/10.3.1/../../../../arm-none-eabi/lib/thumb/v7e-m+dp/hard\libm.a(lib_a-pow.o)
                0x0000000008011ce8                pow
 .text.asin     0x000000000801218c       0x58 d:/archivos de programa/stm32cubeide_1.9.0/stm32cubeide/plugins/com.st.stm32cube.ide.mcu.externaltools.gnu-tools-for-stm32.10.3-2021.10.win32_1.0.0.202111181127/tools/bin/../lib/gcc/arm-none-eabi/10.3.1/../../../../arm-none-eabi/lib/thumb/v7e-m+dp/hard\libm.a(lib_a-w_asin.o)
                0x000000000801218c                asin
 *fill*         0x00000000080121e4        0x4 
 .text.sqrt     0x00000000080121e8       0x40 d:/archivos de programa/stm32cubeide_1.9.0/stm32cubeide/plugins/com.st.stm32cube.ide.mcu.externaltools.gnu-tools-for-stm32.10.3-2021.10.win32_1.0.0.202111181127/tools/bin/../lib/gcc/arm-none-eabi/10.3.1/../../../../arm-none-eabi/lib/thumb/v7e-m+dp/hard\libm.a(lib_a-w_sqrt.o)
                0x00000000080121e8                sqrt
 .text.__ieee754_asin
                0x0000000008012228      0x21c d:/archivos de programa/stm32cubeide_1.9.0/stm32cubeide/plugins/com.st.stm32cube.ide.mcu.externaltools.gnu-tools-for-stm32.10.3-2021.10.win32_1.0.0.202111181127/tools/bin/../lib/gcc/arm-none-eabi/10.3.1/../../../../arm-none-eabi/lib/thumb/v7e-m+dp/hard\libm.a(lib_a-e_asin.o)
                0x0000000008012228                __ieee754_asin
 .text.__ieee754_sqrt
                0x0000000008012444        0x6 d:/archivos de programa/stm32cubeide_1.9.0/stm32cubeide/plugins/com.st.stm32cube.ide.mcu.externaltools.gnu-tools-for-stm32.10.3-2021.10.win32_1.0.0.202111181127/tools/bin/../lib/gcc/arm-none-eabi/10.3.1/../../../../arm-none-eabi/lib/thumb/v7e-m+dp/hard\libm.a(lib_a-e_sqrt.o)
                0x0000000008012444                __ieee754_sqrt
 .text.with_errno
                0x000000000801244a       0x16 d:/archivos de programa/stm32cubeide_1.9.0/stm32cubeide/plugins/com.st.stm32cube.ide.mcu.externaltools.gnu-tools-for-stm32.10.3-2021.10.win32_1.0.0.202111181127/tools/bin/../lib/gcc/arm-none-eabi/10.3.1/../../../../arm-none-eabi/lib/thumb/v7e-m+dp/hard\libm.a(lib_a-math_err.o)
 .text.xflow    0x0000000008012460       0x22 d:/archivos de programa/stm32cubeide_1.9.0/stm32cubeide/plugins/com.st.stm32cube.ide.mcu.externaltools.gnu-tools-for-stm32.10.3-2021.10.win32_1.0.0.202111181127/tools/bin/../lib/gcc/arm-none-eabi/10.3.1/../../../../arm-none-eabi/lib/thumb/v7e-m+dp/hard\libm.a(lib_a-math_err.o)
 *fill*         0x0000000008012482        0x6 
 .text.__math_uflow
                0x0000000008012488       0x10 d:/archivos de programa/stm32cubeide_1.9.0/stm32cubeide/plugins/com.st.stm32cube.ide.mcu.externaltools.gnu-tools-for-stm32.10.3-2021.10.win32_1.0.0.202111181127/tools/bin/../lib/gcc/arm-none-eabi/10.3.1/../../../../arm-none-eabi/lib/thumb/v7e-m+dp/hard\libm.a(lib_a-math_err.o)
                0x0000000008012488                __math_uflow
 .text.__math_oflow
                0x0000000008012498       0x10 d:/archivos de programa/stm32cubeide_1.9.0/stm32cubeide/plugins/com.st.stm32cube.ide.mcu.externaltools.gnu-tools-for-stm32.10.3-2021.10.win32_1.0.0.202111181127/tools/bin/../lib/gcc/arm-none-eabi/10.3.1/../../../../arm-none-eabi/lib/thumb/v7e-m+dp/hard\libm.a(lib_a-math_err.o)
                0x0000000008012498                __math_oflow
 .text.__math_divzero
                0x00000000080124a8       0x30 d:/archivos de programa/stm32cubeide_1.9.0/stm32cubeide/plugins/com.st.stm32cube.ide.mcu.externaltools.gnu-tools-for-stm32.10.3-2021.10.win32_1.0.0.202111181127/tools/bin/../lib/gcc/arm-none-eabi/10.3.1/../../../../arm-none-eabi/lib/thumb/v7e-m+dp/hard\libm.a(lib_a-math_err.o)
                0x00000000080124a8                __math_divzero
 .text.__math_invalid
                0x00000000080124d8       0x1e d:/archivos de programa/stm32cubeide_1.9.0/stm32cubeide/plugins/com.st.stm32cube.ide.mcu.externaltools.gnu-tools-for-stm32.10.3-2021.10.win32_1.0.0.202111181127/tools/bin/../lib/gcc/arm-none-eabi/10.3.1/../../../../arm-none-eabi/lib/thumb/v7e-m+dp/hard\libm.a(lib_a-math_err.o)
                0x00000000080124d8                __math_invalid
 .text.__math_check_uflow
                0x00000000080124f6       0x12 d:/archivos de programa/stm32cubeide_1.9.0/stm32cubeide/plugins/com.st.stm32cube.ide.mcu.externaltools.gnu-tools-for-stm32.10.3-2021.10.win32_1.0.0.202111181127/tools/bin/../lib/gcc/arm-none-eabi/10.3.1/../../../../arm-none-eabi/lib/thumb/v7e-m+dp/hard\libm.a(lib_a-math_err.o)
                0x00000000080124f6                __math_check_uflow
 .text.__math_check_oflow
                0x0000000008012508       0x28 d:/archivos de programa/stm32cubeide_1.9.0/stm32cubeide/plugins/com.st.stm32cube.ide.mcu.externaltools.gnu-tools-for-stm32.10.3-2021.10.win32_1.0.0.202111181127/tools/bin/../lib/gcc/arm-none-eabi/10.3.1/../../../../arm-none-eabi/lib/thumb/v7e-m+dp/hard\libm.a(lib_a-math_err.o)
                0x0000000008012508                __math_check_oflow
 .text.fabs     0x0000000008012530       0x12 d:/archivos de programa/stm32cubeide_1.9.0/stm32cubeide/plugins/com.st.stm32cube.ide.mcu.externaltools.gnu-tools-for-stm32.10.3-2021.10.win32_1.0.0.202111181127/tools/bin/../lib/gcc/arm-none-eabi/10.3.1/../../../../arm-none-eabi/lib/thumb/v7e-m+dp/hard\libm.a(lib_a-s_fabs.o)
                0x0000000008012530                fabs
 *(.glue_7)
 .glue_7        0x0000000008012542        0x0 linker stubs
 *(.glue_7t)
 .glue_7t       0x0000000008012542        0x0 linker stubs
 *(.eh_frame)
 *fill*         0x0000000008012542        0x2 
 .eh_frame      0x0000000008012544        0x0 d:/archivos de programa/stm32cubeide_1.9.0/stm32cubeide/plugins/com.st.stm32cube.ide.mcu.externaltools.gnu-tools-for-stm32.10.3-2021.10.win32_1.0.0.202111181127/tools/bin/../lib/gcc/arm-none-eabi/10.3.1/thumb/v7e-m+dp/hard/crtbegin.o
 *(.init)
 .init          0x0000000008012544        0x4 d:/archivos de programa/stm32cubeide_1.9.0/stm32cubeide/plugins/com.st.stm32cube.ide.mcu.externaltools.gnu-tools-for-stm32.10.3-2021.10.win32_1.0.0.202111181127/tools/bin/../lib/gcc/arm-none-eabi/10.3.1/thumb/v7e-m+dp/hard/crti.o
                0x0000000008012544                _init
 .init          0x0000000008012548        0x8 d:/archivos de programa/stm32cubeide_1.9.0/stm32cubeide/plugins/com.st.stm32cube.ide.mcu.externaltools.gnu-tools-for-stm32.10.3-2021.10.win32_1.0.0.202111181127/tools/bin/../lib/gcc/arm-none-eabi/10.3.1/thumb/v7e-m+dp/hard/crtn.o
 *(.fini)
 .fini          0x0000000008012550        0x4 d:/archivos de programa/stm32cubeide_1.9.0/stm32cubeide/plugins/com.st.stm32cube.ide.mcu.externaltools.gnu-tools-for-stm32.10.3-2021.10.win32_1.0.0.202111181127/tools/bin/../lib/gcc/arm-none-eabi/10.3.1/thumb/v7e-m+dp/hard/crti.o
                0x0000000008012550                _fini
 .fini          0x0000000008012554        0x8 d:/archivos de programa/stm32cubeide_1.9.0/stm32cubeide/plugins/com.st.stm32cube.ide.mcu.externaltools.gnu-tools-for-stm32.10.3-2021.10.win32_1.0.0.202111181127/tools/bin/../lib/gcc/arm-none-eabi/10.3.1/thumb/v7e-m+dp/hard/crtn.o
                0x000000000801255c                . = ALIGN (0x4)
                0x000000000801255c                _etext = .

.vfp11_veneer   0x000000000801255c        0x0
 .vfp11_veneer  0x000000000801255c        0x0 linker stubs

.v4_bx          0x000000000801255c        0x0
 .v4_bx         0x000000000801255c        0x0 linker stubs

.iplt           0x000000000801255c        0x0
 .iplt          0x000000000801255c        0x0 d:/archivos de programa/stm32cubeide_1.9.0/stm32cubeide/plugins/com.st.stm32cube.ide.mcu.externaltools.gnu-tools-for-stm32.10.3-2021.10.win32_1.0.0.202111181127/tools/bin/../lib/gcc/arm-none-eabi/10.3.1/thumb/v7e-m+dp/hard/crtbegin.o

.rodata         0x0000000008012560     0x1e58
                0x0000000008012560                . = ALIGN (0x4)
 *(.rodata)
 .rodata        0x0000000008012560       0x85 ./Core/Src/homing.o
 *fill*         0x00000000080125e5        0x3 
 .rodata        0x00000000080125e8       0x9b ./Core/Src/interpretaComando.o
 *fill*         0x0000000008012683        0x1 
 .rodata        0x0000000008012684       0x12 ./Core/Src/main.o
 *(.rodata*)
 *fill*         0x0000000008012696        0x2 
 .rodata.D1CorePrescTable
                0x0000000008012698       0x10 ./Core/Src/system_stm32h7xx.o
                0x0000000008012698                D1CorePrescTable
 .rodata.UARTPrescTable
                0x00000000080126a8       0x18 ./Drivers/STM32H7xx_HAL_Driver/Src/stm32h7xx_hal_uart.o
                0x00000000080126a8                UARTPrescTable
 .rodata.numerator.1
                0x00000000080126c0        0x8 ./Drivers/STM32H7xx_HAL_Driver/Src/stm32h7xx_hal_uart_ex.o
 .rodata.denominator.0
                0x00000000080126c8        0x8 ./Drivers/STM32H7xx_HAL_Driver/Src/stm32h7xx_hal_uart_ex.o