Archive member included to satisfy reference by file (symbol)

d:/archivos de programa/stm32cubeide_1.9.0/stm32cubeide/plugins/com.st.stm32cube.ide.mcu.externaltools.gnu-tools-for-stm32.10.3-2021.10.win32_1.0.200.202301161003/tools/bin/../lib/gcc/arm-none-eabi/10.3.1/../../../../arm-none-eabi/lib/thumb/v7e-m+dp/hard\libc_nano.a(lib_a-errno.o)
                              ./Core/Src/syscalls.o (__errno)
d:/archivos de programa/stm32cubeide_1.9.0/stm32cubeide/plugins/com.st.stm32cube.ide.mcu.externaltools.gnu-tools-for-stm32.10.3-2021.10.win32_1.0.200.202301161003/tools/bin/../lib/gcc/arm-none-eabi/10.3.1/../../../../arm-none-eabi/lib/thumb/v7e-m+dp/hard\libc_nano.a(lib_a-exit.o)
                              d:/archivos de programa/stm32cubeide_1.9.0/stm32cubeide/plugins/com.st.stm32cube.ide.mcu.externaltools.gnu-tools-for-stm32.10.3-2021.10.win32_1.0.200.202301161003/tools/bin/../lib/gcc/arm-none-eabi/10.3.1/../../../../arm-none-eabi/lib/thumb/v7e-m+dp/hard/crt0.o (exit)
d:/archivos de programa/stm32cubeide_1.9.0/stm32cubeide/plugins/com.st.stm32cube.ide.mcu.externaltools.gnu-tools-for-stm32.10.3-2021.10.win32_1.0.200.202301161003/tools/bin/../lib/gcc/arm-none-eabi/10.3.1/../../../../arm-none-eabi/lib/thumb/v7e-m+dp/hard\libc_nano.a(lib_a-fclose.o)
                              ./Core/Src/statesMachine.o (fclose)
d:/archivos de programa/stm32cubeide_1.9.0/stm32cubeide/plugins/com.st.stm32cube.ide.mcu.externaltools.gnu-tools-for-stm32.10.3-2021.10.win32_1.0.200.202301161003/tools/bin/../lib/gcc/arm-none-eabi/10.3.1/../../../../arm-none-eabi/lib/thumb/v7e-m+dp/hard\libc_nano.a(lib_a-fflush.o)
                              d:/archivos de programa/stm32cubeide_1.9.0/stm32cubeide/plugins/com.st.stm32cube.ide.mcu.externaltools.gnu-tools-for-stm32.10.3-2021.10.win32_1.0.200.202301161003/tools/bin/../lib/gcc/arm-none-eabi/10.3.1/../../../../arm-none-eabi/lib/thumb/v7e-m+dp/hard\libc_nano.a(lib_a-fclose.o) (__sflush_r)
d:/archivos de programa/stm32cubeide_1.9.0/stm32cubeide/plugins/com.st.stm32cube.ide.mcu.externaltools.gnu-tools-for-stm32.10.3-2021.10.win32_1.0.200.202301161003/tools/bin/../lib/gcc/arm-none-eabi/10.3.1/../../../../arm-none-eabi/lib/thumb/v7e-m+dp/hard\libc_nano.a(lib_a-fgets.o)
                              ./Core/Src/statesMachine.o (fgets)
d:/archivos de programa/stm32cubeide_1.9.0/stm32cubeide/plugins/com.st.stm32cube.ide.mcu.externaltools.gnu-tools-for-stm32.10.3-2021.10.win32_1.0.200.202301161003/tools/bin/../lib/gcc/arm-none-eabi/10.3.1/../../../../arm-none-eabi/lib/thumb/v7e-m+dp/hard\libc_nano.a(lib_a-findfp.o)
                              d:/archivos de programa/stm32cubeide_1.9.0/stm32cubeide/plugins/com.st.stm32cube.ide.mcu.externaltools.gnu-tools-for-stm32.10.3-2021.10.win32_1.0.200.202301161003/tools/bin/../lib/gcc/arm-none-eabi/10.3.1/../../../../arm-none-eabi/lib/thumb/v7e-m+dp/hard\libc_nano.a(lib_a-fclose.o) (__sfp_lock_acquire)
d:/archivos de programa/stm32cubeide_1.9.0/stm32cubeide/plugins/com.st.stm32cube.ide.mcu.externaltools.gnu-tools-for-stm32.10.3-2021.10.win32_1.0.200.202301161003/tools/bin/../lib/gcc/arm-none-eabi/10.3.1/../../../../arm-none-eabi/lib/thumb/v7e-m+dp/hard\libc_nano.a(lib_a-fopen.o)
                              ./Core/Src/statesMachine.o (fopen)
d:/archivos de programa/stm32cubeide_1.9.0/stm32cubeide/plugins/com.st.stm32cube.ide.mcu.externaltools.gnu-tools-for-stm32.10.3-2021.10.win32_1.0.200.202301161003/tools/bin/../lib/gcc/arm-none-eabi/10.3.1/../../../../arm-none-eabi/lib/thumb/v7e-m+dp/hard\libc_nano.a(lib_a-fseek.o)
                              d:/archivos de programa/stm32cubeide_1.9.0/stm32cubeide/plugins/com.st.stm32cube.ide.mcu.externaltools.gnu-tools-for-stm32.10.3-2021.10.win32_1.0.200.202301161003/tools/bin/../lib/gcc/arm-none-eabi/10.3.1/../../../../arm-none-eabi/lib/thumb/v7e-m+dp/hard\libc_nano.a(lib_a-fopen.o) (_fseek_r)
d:/archivos de programa/stm32cubeide_1.9.0/stm32cubeide/plugins/com.st.stm32cube.ide.mcu.externaltools.gnu-tools-for-stm32.10.3-2021.10.win32_1.0.200.202301161003/tools/bin/../lib/gcc/arm-none-eabi/10.3.1/../../../../arm-none-eabi/lib/thumb/v7e-m+dp/hard\libc_nano.a(lib_a-fseeko.o)
                              d:/archivos de programa/stm32cubeide_1.9.0/stm32cubeide/plugins/com.st.stm32cube.ide.mcu.externaltools.gnu-tools-for-stm32.10.3-2021.10.win32_1.0.200.202301161003/tools/bin/../lib/gcc/arm-none-eabi/10.3.1/../../../../arm-none-eabi/lib/thumb/v7e-m+dp/hard\libc_nano.a(lib_a-fseek.o) (_fseeko_r)
d:/archivos de programa/stm32cubeide_1.9.0/stm32cubeide/plugins/com.st.stm32cube.ide.mcu.externaltools.gnu-tools-for-stm32.10.3-2021.10.win32_1.0.200.202301161003/tools/bin/../lib/gcc/arm-none-eabi/10.3.1/../../../../arm-none-eabi/lib/thumb/v7e-m+dp/hard\libc_nano.a(lib_a-fwalk.o)
[...]
Memory Configuration

Name             Origin             Length             Attributes
DTCMRAM          0x0000000020000000 0x0000000000020000 xrw
ITCMRAM          0x0000000000000000 0x0000000000010000 xrw
RAM_D1           0x0000000024000000 0x0000000000080000 xrw
RAM_D2           0x0000000030000000 0x0000000000048000 xrw
RAM_D3           0x0000000038000000 0x0000000000010000 xrw
FLASH            0x0000000008000000 0x0000000000200000 xr
*default*        0x0000000000000000 0xffffffffffffffff

Linker script and memory map

LOAD d:/archivos de programa/stm32cubeide_1.9.0/stm32cubeide/plugins/com.st.stm32cube.ide.mcu.externaltools.gnu-tools-for-stm32.10.3-2021.10.win32_1.0.200.202301161003/tools/bin/../lib/gcc/arm-none-eabi/10.3.1/thumb/v7e-m+dp/hard/crti.o
LOAD d:/archivos de programa/stm32cubeide_1.9.0/stm32cubeide/plugins/com.st.stm32cube.ide.mcu.externaltools.gnu-tools-for-stm32.10.3-2021.10.win32_1.0.200.202301161003/tools/bin/../lib/gcc/arm-none-eabi/10.3.1/thumb/v7e-m+dp/hard/crtbegin.o
LOAD d:/archivos de programa/stm32cubeide_1.9.0/stm32cubeide/plugins/com.st.stm32cube.ide.mcu.externaltools.gnu-tools-for-stm32.10.3-2021.10.win32_1.0.200.202301161003/tools/bin/../lib/gcc/arm-none-eabi/10.3.1/../../../../arm-none-eabi/lib/thumb/v7e-m+dp/hard/crt0.o
LOAD ./Core/Src/GlobalFunc.o
LOAD ./Core/Src/debug.o
LOAD ./Core/Src/gpio.o
LOAD ./Core/Src/homing.o
LOAD ./Core/Src/interpretaComando.o
LOAD ./Core/Src/inverseJacobian.o
LOAD ./Core/Src/kinematic.o
LOAD ./Core/Src/main.o
LOAD ./Core/Src/motor.o
LOAD ./Core/Src/statesMachine.o
LOAD ./Core/Src/stm32h7xx_hal_msp.o
LOAD ./Core/Src/stm32h7xx_it.o
LOAD ./Core/Src/syscalls.o
LOAD ./Core/Src/sysmem.o
LOAD ./Core/Src/system_stm32h7xx.o
LOAD ./Core/Src/tim.o
LOAD ./Core/Src/trajectory.o
LOAD ./Core/Src/usart.o
LOAD ./Core/Startup/startup_stm32h743zitx.o
LOAD ./Drivers/STM32H7xx_HAL_Driver/Src/stm32h7xx_hal.o
LOAD ./Drivers/STM32H7xx_HAL_Driver/Src/stm32h7xx_hal_cortex.o
LOAD ./Drivers/STM32H7xx_HAL_Driver/Src/stm32h7xx_hal_dma.o
LOAD ./Drivers/STM32H7xx_HAL_Driver/Src/stm32h7xx_hal_dma_ex.o
LOAD ./Drivers/STM32H7xx_HAL_Driver/Src/stm32h7xx_hal_exti.o
LOAD ./Drivers/STM32H7xx_HAL_Driver/Src/stm32h7xx_hal_flash.o
LOAD ./Drivers/STM32H7xx_HAL_Driver/Src/stm32h7xx_hal_flash_ex.o
LOAD ./Drivers/STM32H7xx_HAL_Driver/Src/stm32h7xx_hal_gpio.o
LOAD ./Drivers/STM32H7xx_HAL_Driver/Src/stm32h7xx_hal_hsem.o
LOAD ./Drivers/STM32H7xx_HAL_Driver/Src/stm32h7xx_hal_i2c.o
LOAD ./Drivers/STM32H7xx_HAL_Driver/Src/stm32h7xx_hal_i2c_ex.o
LOAD ./Drivers/STM32H7xx_HAL_Driver/Src/stm32h7xx_hal_mdma.o
LOAD ./Drivers/STM32H7xx_HAL_Driver/Src/stm32h7xx_hal_pwr.o
LOAD ./Drivers/STM32H7xx_HAL_Driver/Src/stm32h7xx_hal_pwr_ex.o
LOAD ./Drivers/STM32H7xx_HAL_Driver/Src/stm32h7xx_hal_rcc.o
LOAD ./Drivers/STM32H7xx_HAL_Driver/Src/stm32h7xx_hal_rcc_ex.o
LOAD ./Drivers/STM32H7xx_HAL_Driver/Src/stm32h7xx_hal_tim.o
LOAD ./Drivers/STM32H7xx_HAL_Driver/Src/stm32h7xx_hal_tim_ex.o
LOAD ./Drivers/STM32H7xx_HAL_Driver/Src/stm32h7xx_hal_uart.o
LOAD ./Drivers/STM32H7xx_HAL_Driver/Src/stm32h7xx_hal_uart_ex.o
START GROUP
LOAD d:/archivos de programa/stm32cubeide_1.9.0/stm32cubeide/plugins/com.st.stm32cube.ide.mcu.externaltools.gnu-tools-for-stm32.10.3-2021.10.win32_1.0.200.202301161003/tools/bin/../lib/gcc/arm-none-eabi/10.3.1/../../../../arm-none-eabi/lib/thumb/v7e-m+dp/hard\libc_nano.a
LOAD d:/archivos de programa/stm32cubeide_1.9.0/stm32cubeide/plugins/com.st.stm32cube.ide.mcu.externaltools.gnu-tools-for-stm32.10.3-2021.10.win32_1.0.200.202301161003/tools/bin/../lib/gcc/arm-none-eabi/10.3.1/../../../../arm-none-eabi/lib/thumb/v7e-m+dp/hard\libm.a
END GROUP
START GROUP
LOAD d:/archivos de programa/stm32cubeide_1.9.0/stm32cubeide/plugins/com.st.stm32cube.ide.mcu.externaltools.gnu-tools-for-stm32.10.3-2021.10.win32_1.0.200.202301161003/tools/bin/../lib/gcc/arm-none-eabi/10.3.1/thumb/v7e-m+dp/hard\libgcc.a
LOAD d:/archivos de programa/stm32cubeide_1.9.0/stm32cubeide/plugins/com.st.stm32cube.ide.mcu.externaltools.gnu-tools-for-stm32.10.3-2021.10.win32_1.0.200.202301161003/tools/bin/../lib/gcc/arm-none-eabi/10.3.1/../../../../arm-none-eabi/lib/thumb/v7e-m+dp/hard\libc_nano.a
END GROUP
START GROUP
LOAD d:/archivos de programa/stm32cubeide_1.9.0/stm32cubeide/plugins/com.st.stm32cube.ide.mcu.externaltools.gnu-tools-for-stm32.10.3-2021.10.win32_1.0.200.202301161003/tools/bin/../lib/gcc/arm-none-eabi/10.3.1/thumb/v7e-m+dp/hard\libgcc.a
LOAD d:/archivos de programa/stm32cubeide_1.9.0/stm32cubeide/plugins/com.st.stm32cube.ide.mcu.externaltools.gnu-tools-for-stm32.10.3-2021.10.win32_1.0.200.202301161003/tools/bin/../lib/gcc/arm-none-eabi/10.3.1/../../../../arm-none-eabi/lib/thumb/v7e-m+dp/hard\libc_nano.a
LOAD d:/archivos de programa/stm32cubeide_1.9.0/stm32cubeide/plugins/com.st.stm32cube.ide.mcu.externaltools.gnu-tools-for-stm32.10.3-2021.10.win32_1.0.200.202301161003/tools/bin/../lib/gcc/arm-none-eabi/10.3.1/../../../../arm-none-eabi/lib/thumb/v7e-m+dp/hard\libnosys.a
END GROUP
START GROUP
LOAD d:/archivos de programa/stm32cubeide_1.9.0/stm32cubeide/plugins/com.st.stm32cube.ide.mcu.externaltools.gnu-tools-for-stm32.10.3-2021.10.win32_1.0.200.202301161003/tools/bin/../lib/gcc/arm-none-eabi/10.3.1/thumb/v7e-m+dp/hard\libgcc.a
LOAD d:/archivos de programa/stm32cubeide_1.9.0/stm32cubeide/plugins/com.st.stm32cube.ide.mcu.externaltools.gnu-tools-for-stm32.10.3-2021.10.win32_1.0.200.202301161003/tools/bin/../lib/gcc/arm-none-eabi/10.3.1/../../../../arm-none-eabi/lib/thumb/v7e-m+dp/hard\libc_nano.a
LOAD d:/archivos de programa/stm32cubeide_1.9.0/stm32cubeide/plugins/com.st.stm32cube.ide.mcu.externaltools.gnu-tools-for-stm32.10.3-2021.10.win32_1.0.200.202301161003/tools/bin/../lib/gcc/arm-none-eabi/10.3.1/../../../../arm-none-eabi/lib/thumb/v7e-m+dp/hard\libnosys.a
END GROUP
LOAD d:/archivos de programa/stm32cubeide_1.9.0/stm32cubeide/plugins/com.st.stm32cube.ide.mcu.externaltools.gnu-tools-for-stm32.10.3-2021.10.win32_1.0.200.202301161003/tools/bin/../lib/gcc/arm-none-eabi/10.3.1/thumb/v7e-m+dp/hard/crtend.o
LOAD d:/archivos de programa/stm32cubeide_1.9.0/stm32cubeide/plugins/com.st.stm32cube.ide.mcu.externaltools.gnu-tools-for-stm32.10.3-2021.10.win32_1.0.200.202301161003/tools/bin/../lib/gcc/arm-none-eabi/10.3.1/thumb/v7e-m+dp/hard/crtn.o
                0x0000000024080000                _estack = (ORIGIN (RAM_D1) + LENGTH (RAM_D1))
                0x0000000000000200                _Min_Heap_Size = 0x200
                0x0000000000000400                _Min_Stack_Size = 0x400

.isr_vector     0x0000000008000000      0x298
                0x0000000008000000                . = ALIGN (0x4)
 *(.isr_vector)
 .isr_vector    0x0000000008000000      0x298 ./Core/Startup/startup_stm32h743zitx.o
                0x0000000008000000                g_pfnVectors
                0x0000000008000298                . = ALIGN (0x4)

.text           0x00000000080002a0    0x11ebc
                0x00000000080002a0                . = ALIGN (0x4)
 *(.text)
 .text          0x00000000080002a0       0x40 d:/archivos de programa/stm32cubeide_1.9.0/stm32cubeide/plugins/com.st.stm32cube.ide.mcu.externaltools.gnu-tools-for-stm32.10.3-2021.10.win32_1.0.200.202301161003/tools/bin/../lib/gcc/arm-none-eabi/10.3.1/thumb/v7e-m+dp/hard/crtbegin.o
 .text          0x00000000080002e0       0xa0 d:/archivos de programa/stm32cubeide_1.9.0/stm32cubeide/plugins/com.st.stm32cube.ide.mcu.externaltools.gnu-tools-for-stm32.10.3-2021.10.win32_1.0.200.202301161003/tools/bin/../lib/gcc/arm-none-eabi/10.3.1/../../../../arm-none-eabi/lib/thumb/v7e-m+dp/hard\libc_nano.a(lib_a-memchr.o)
                0x00000000080002e0                memchr
 .text          0x0000000008000380       0x10 d:/archivos de programa/stm32cubeide_1.9.0/stm32cubeide/plugins/com.st.stm32cube.ide.mcu.externaltools.gnu-tools-for-stm32.10.3-2021.10.win32_1.0.200.202301161003/tools/bin/../lib/gcc/arm-none-eabi/10.3.1/../../../../arm-none-eabi/lib/thumb/v7e-m+dp/hard\libc_nano.a(lib_a-strlen.o)
                0x0000000008000380                strlen
 .text          0x0000000008000390      0x378 d:/archivos de programa/stm32cubeide_1.9.0/stm32cubeide/plugins/com.st.stm32cube.ide.mcu.externaltools.gnu-tools-for-stm32.10.3-2021.10.win32_1.0.200.202301161003/tools/bin/../lib/gcc/arm-none-eabi/10.3.1/thumb/v7e-m+dp/hard\libgcc.a(_arm_addsubdf3.o)
                0x0000000008000390                __aeabi_drsub
                0x0000000008000398                __aeabi_dsub
                0x0000000008000398                __subdf3
                0x000000000800039c                __aeabi_dadd
                0x000000000800039c                __adddf3
                0x0000000008000614                __floatunsidf
                0x0000000008000614                __aeabi_ui2d
                0x0000000008000634                __floatsidf
                0x0000000008000634                __aeabi_i2d
                0x0000000008000658                __aeabi_f2d
                0x0000000008000658                __extendsfdf2
                0x000000000800069c                __floatundidf
                0x000000000800069c                __aeabi_ul2d
                0x00000000080006ac                __floatdidf
                0x00000000080006ac                __aeabi_l2d
 .text          0x0000000008000708       0x30 d:/archivos de programa/stm32cubeide_1.9.0/stm32cubeide/plugins/com.st.stm32cube.ide.mcu.externaltools.gnu-tools-for-stm32.10.3-2021.10.win32_1.0.200.202301161003/tools/bin/../lib/gcc/arm-none-eabi/10.3.1/thumb/v7e-m+dp/hard\libgcc.a(_aeabi_uldivmod.o)
                0x0000000008000708                __aeabi_uldivmod
 .text          0x0000000008000738       0x30 d:/archivos de programa/stm32cubeide_1.9.0/stm32cubeide/plugins/com.st.stm32cube.ide.mcu.externaltools.gnu-tools-for-stm32.10.3-2021.10.win32_1.0.200.202301161003/tools/bin/../lib/gcc/arm-none-eabi/10.3.1/thumb/v7e-m+dp/hard\libgcc.a(_fixdfdi.o)
                0x0000000008000738                __fixdfdi
                0x0000000008000738                __aeabi_d2lz
 .text          0x0000000008000768       0x40 d:/archivos de programa/stm32cubeide_1.9.0/stm32cubeide/plugins/com.st.stm32cube.ide.mcu.externaltools.gnu-tools-for-stm32.10.3-2021.10.win32_1.0.200.202301161003/tools/bin/../lib/gcc/arm-none-eabi/10.3.1/thumb/v7e-m+dp/hard\libgcc.a(_fixunsdfdi.o)
                0x0000000008000768                __fixunsdfdi
                0x0000000008000768                __aeabi_d2ulz
 .text          0x00000000080007a8      0x2d0 d:/archivos de programa/stm32cubeide_1.9.0/stm32cubeide/plugins/com.st.stm32cube.ide.mcu.externaltools.gnu-tools-for-stm32.10.3-2021.10.win32_1.0.200.202301161003/tools/bin/../lib/gcc/arm-none-eabi/10.3.1/thumb/v7e-m+dp/hard\libgcc.a(_udivmoddi4.o)
                0x00000000080007a8                __udivmoddi4
 .text          0x0000000008000a78        0x4 d:/archivos de programa/stm32cubeide_1.9.0/stm32cubeide/plugins/com.st.stm32cube.ide.mcu.externaltools.gnu-tools-for-stm32.10.3-2021.10.win32_1.0.200.202301161003/tools/bin/../lib/gcc/arm-none-eabi/10.3.1/thumb/v7e-m+dp/hard\libgcc.a(_dvmd_tls.o)
                0x0000000008000a78                __aeabi_idiv0
                0x0000000008000a78                __aeabi_ldiv0
 *(.text*)
 .text.MX_GPIO_Init
                0x0000000008000a7c      0x288 ./Core/Src/gpio.o
                0x0000000008000a7c                MX_GPIO_Init
 *fill*         0x0000000008000d04        0x4 
 .text.homing   0x0000000008000d08      0x658 ./Core/Src/homing.o
                0x0000000008000d08                homing
 .text.__NVIC_SystemReset
                0x0000000008001360       0x2c ./Core/Src/interpretaComando.o
 .text.interpretaComando
                0x000000000800138c      0x2e4 ./Core/Src/interpretaComando.o
                0x000000000800138c                interpretaComando
 .text.inverseKinematic
                0x0000000008001670      0xf14 ./Core/Src/kinematic.o
                0x0000000008001670                inverseKinematic
 .text.main     0x0000000008002584       0x42 ./Core/Src/main.o
                0x0000000008002584                main
 *fill*         0x00000000080025c6        0x2 
 .text.SystemClock_Config
                0x00000000080025c8       0xfc ./Core/Src/main.o
                0x00000000080025c8                SystemClock_Config
 .text.HAL_GPIO_EXTI_Callback
                0x00000000080026c4      0x2f0 ./Core/Src/main.o
                0x00000000080026c4                HAL_GPIO_EXTI_Callback
 .text.HAL_UART_RxCpltCallback
                0x00000000080029b4       0xe8 ./Core/Src/main.o
                0x00000000080029b4                HAL_UART_RxCpltCallback
 .text.HAL_UART_TxCpltCallback
                0x0000000008002a9c       0x16 ./Core/Src/main.o
                0x0000000008002a9c                HAL_UART_TxCpltCallback
 *fill*         0x0000000008002ab2        0x2 
 .text.HAL_TIM_IC_CaptureCallback
                0x0000000008002ab4       0xa4 ./Core/Src/main.o
                0x0000000008002ab4                HAL_TIM_IC_CaptureCallback
 .text.HAL_TIM_PeriodElapsedCallback
                0x0000000008002b58       0x78 ./Core/Src/main.o
                0x0000000008002b58                HAL_TIM_PeriodElapsedCallback
 .text.Error_Handler
                0x0000000008002bd0        0xe ./Core/Src/main.o
                0x0000000008002bd0                Error_Handler
 *fill*         0x0000000008002bde        0x2 
 .text.configMotor
                0x0000000008002be0      0x17c ./Core/Src/motor.o
                0x0000000008002be0                configMotor
 .text.robotInitialization
                0x0000000008002d5c       0x94 ./Core/Src/statesMachine.o
                0x0000000008002d5c                robotInitialization
 .text.statesMachineLoop
                0x0000000008002df0      0xb58 ./Core/Src/statesMachine.o
                0x0000000008002df0                statesMachineLoop
 .text.HAL_MspInit
                0x0000000008003948       0x48 ./Core/Src/stm32h7xx_hal_msp.o
                0x0000000008003948                HAL_MspInit
 .text.NMI_Handler
                0x0000000008003990        0xe ./Core/Src/stm32h7xx_it.o
                0x0000000008003990                NMI_Handler
 .text.HardFault_Handler
                0x000000000800399e        0x6 ./Core/Src/stm32h7xx_it.o
                0x000000000800399e                HardFault_Handler
 .text.MemManage_Handler
                0x00000000080039a4        0x6 ./Core/Src/stm32h7xx_it.o
                0x00000000080039a4                MemManage_Handler
 .text.BusFault_Handler
                0x00000000080039aa        0x6 ./Core/Src/stm32h7xx_it.o
                0x00000000080039aa                BusFault_Handler
 .text.UsageFault_Handler
                0x00000000080039b0        0x6 ./Core/Src/stm32h7xx_it.o
                0x00000000080039b0                UsageFault_Handler
 .text.SVC_Handler
                0x00000000080039b6        0xe ./Core/Src/stm32h7xx_it.o
                0x00000000080039b6                SVC_Handler
 .text.DebugMon_Handler
                0x00000000080039c4        0xe ./Core/Src/stm32h7xx_it.o
                0x00000000080039c4                DebugMon_Handler
 .text.PendSV_Handler
                0x00000000080039d2        0xe ./Core/Src/stm32h7xx_it.o
                0x00000000080039d2                PendSV_Handler
 .text.SysTick_Handler
                0x00000000080039e0        0xc ./Core/Src/stm32h7xx_it.o
                0x00000000080039e0                SysTick_Handler
 .text.EXTI0_IRQHandler
                0x00000000080039ec        0xe ./Core/Src/stm32h7xx_it.o
                0x00000000080039ec                EXTI0_IRQHandler
 .text.EXTI2_IRQHandler
                0x00000000080039fa        0xe ./Core/Src/stm32h7xx_it.o
                0x00000000080039fa                EXTI2_IRQHandler
 .text.EXTI3_IRQHandler
                0x0000000008003a08        0xe ./Core/Src/stm32h7xx_it.o
                0x0000000008003a08                EXTI3_IRQHandler
 .text.EXTI4_IRQHandler
                0x0000000008003a16        0xe ./Core/Src/stm32h7xx_it.o
                0x0000000008003a16                EXTI4_IRQHandler
 .text.EXTI9_5_IRQHandler
                0x0000000008003a24       0x14 ./Core/Src/stm32h7xx_it.o
                0x0000000008003a24                EXTI9_5_IRQHandler
 .text.TIM2_IRQHandler
                0x0000000008003a38       0x14 ./Core/Src/stm32h7xx_it.o
                0x0000000008003a38                TIM2_IRQHandler
 .text.TIM3_IRQHandler
                0x0000000008003a4c       0x14 ./Core/Src/stm32h7xx_it.o
                0x0000000008003a4c                TIM3_IRQHandler
 .text.TIM4_IRQHandler
                0x0000000008003a60       0x14 ./Core/Src/stm32h7xx_it.o
                0x0000000008003a60                TIM4_IRQHandler
 .text.USART3_IRQHandler
                0x0000000008003a74       0x14 ./Core/Src/stm32h7xx_it.o
                0x0000000008003a74                USART3_IRQHandler
 .text.EXTI15_10_IRQHandler
                0x0000000008003a88       0x28 ./Core/Src/stm32h7xx_it.o
                0x0000000008003a88                EXTI15_10_IRQHandler
 .text.FPU_IRQHandler
                0x0000000008003ab0        0xe ./Core/Src/stm32h7xx_it.o
                0x0000000008003ab0                FPU_IRQHandler
 *fill*         0x0000000008003abe        0x2 
 .text.TIM15_IRQHandler
                0x0000000008003ac0       0x14 ./Core/Src/stm32h7xx_it.o
                0x0000000008003ac0                TIM15_IRQHandler
 .text._getpid  0x0000000008003ad4       0x10 ./Core/Src/syscalls.o
                0x0000000008003ad4                _getpid
 .text._kill    0x0000000008003ae4       0x20 ./Core/Src/syscalls.o
                0x0000000008003ae4                _kill
 .text._exit    0x0000000008003b04       0x14 ./Core/Src/syscalls.o
                0x0000000008003b04                _exit
 .text._read    0x0000000008003b18       0x3a ./Core/Src/syscalls.o
                0x0000000008003b18                _read
 .text._write   0x0000000008003b52       0x38 ./Core/Src/syscalls.o
                0x0000000008003b52                _write
 .text._close   0x0000000008003b8a       0x18 ./Core/Src/syscalls.o
                0x0000000008003b8a                _close
 .text._fstat   0x0000000008003ba2       0x20 ./Core/Src/syscalls.o
                0x0000000008003ba2                _fstat
 .text._isatty  0x0000000008003bc2       0x16 ./Core/Src/syscalls.o
                0x0000000008003bc2                _isatty
 .text._lseek   0x0000000008003bd8       0x1a ./Core/Src/syscalls.o
                0x0000000008003bd8                _lseek
 .text._open    0x0000000008003bf2       0x1c ./Core/Src/syscalls.o
                0x0000000008003bf2                _open
 *fill*         0x0000000008003c0e        0x2 
 .text._sbrk    0x0000000008003c10       0x58 ./Core/Src/sysmem.o
                0x0000000008003c10                _sbrk
 .text.SystemInit
                0x0000000008003c68       0xc4 ./Core/Src/system_stm32h7xx.o
                0x0000000008003c68                SystemInit
 .text.MX_TIM2_Init
                0x0000000008003d2c       0xe0 ./Core/Src/tim.o
                0x0000000008003d2c                MX_TIM2_Init
 .text.MX_TIM3_Init
                0x0000000008003e0c       0xe4 ./Core/Src/tim.o
                0x0000000008003e0c                MX_TIM3_Init
 .text.MX_TIM4_Init
                0x0000000008003ef0       0xe4 ./Core/Src/tim.o
                0x0000000008003ef0                MX_TIM4_Init
 .text.MX_TIM5_Init
                0x0000000008003fd4       0x9c ./Core/Src/tim.o
                0x0000000008003fd4                MX_TIM5_Init
 .text.MX_TIM12_Init
                0x0000000008004070       0xc4 ./Core/Src/tim.o
                0x0000000008004070                MX_TIM12_Init
 .text.MX_TIM13_Init
                0x0000000008004134       0x98 ./Core/Src/tim.o
                0x0000000008004134                MX_TIM13_Init
 .text.MX_TIM14_Init
                0x00000000080041cc       0x98 ./Core/Src/tim.o
                0x00000000080041cc                MX_TIM14_Init
 .text.MX_TIM15_Init
                0x0000000008004264       0xa4 ./Core/Src/tim.o
                0x0000000008004264                MX_TIM15_Init
 .text.HAL_TIM_Base_MspInit
                0x0000000008004308      0x294 ./Core/Src/tim.o
                0x0000000008004308                HAL_TIM_Base_MspInit
 .text.HAL_TIM_MspPostInit
                0x000000000800459c      0x11c ./Core/Src/tim.o
                0x000000000800459c                HAL_TIM_MspPostInit
 .text.get_Straj
                0x00000000080046b8      0xd74 ./Core/Src/trajectory.o
                0x00000000080046b8                get_Straj
 *fill*         0x000000000800542c        0x4 
 .text.update_ScurveTraj
                0x0000000008005430      0x9cc ./Core/Src/trajectory.o
                0x0000000008005430                update_ScurveTraj
 *fill*         0x0000000008005dfc        0x4 
 .text.setProfilTimer
                0x0000000008005e00      0x318 ./Core/Src/trajectory.o
                0x0000000008005e00                setProfilTimer
 .text.MX_USART1_UART_Init
                0x0000000008006118       0x98 ./Core/Src/usart.o
                0x0000000008006118                MX_USART1_UART_Init
 .text.MX_USART2_UART_Init
                0x00000000080061b0       0x98 ./Core/Src/usart.o
                0x00000000080061b0                MX_USART2_UART_Init
 .text.MX_USART3_UART_Init
                0x0000000008006248       0x98 ./Core/Src/usart.o
                0x0000000008006248                MX_USART3_UART_Init
 .text.HAL_UART_MspInit
                0x00000000080062e0      0x258 ./Core/Src/usart.o
                0x00000000080062e0                HAL_UART_MspInit
 .text.Reset_Handler
                0x0000000008006538       0x50 ./Core/Startup/startup_stm32h743zitx.o
                0x0000000008006538                Reset_Handler
 .text.Default_Handler
                0x0000000008006588        0x2 ./Core/Startup/startup_stm32h743zitx.o
                0x0000000008006588                RTC_Alarm_IRQHandler
                0x0000000008006588                TIM8_CC_IRQHandler
                0x0000000008006588                HRTIM1_Master_IRQHandler
                0x0000000008006588                UART8_IRQHandler
                0x0000000008006588                SPI4_IRQHandler
                0x0000000008006588                TIM1_CC_IRQHandler
                0x0000000008006588                BDMA_Channel6_IRQHandler
                0x0000000008006588                DMA2_Stream5_IRQHandler
                0x0000000008006588                HRTIM1_FLT_IRQHandler
                0x0000000008006588                JPEG_IRQHandler
                0x0000000008006588                DMA1_Stream5_IRQHandler
                0x0000000008006588                BDMA_Channel1_IRQHandler
                0x0000000008006588                HRTIM1_TIMD_IRQHandler
                0x0000000008006588                TAMP_STAMP_IRQHandler
                0x0000000008006588                LPTIM4_IRQHandler
                0x0000000008006588                TIM8_TRG_COM_TIM14_IRQHandler
                0x0000000008006588                LPTIM2_IRQHandler
                0x0000000008006588                DFSDM1_FLT1_IRQHandler
                0x0000000008006588                DMAMUX2_OVR_IRQHandler
                0x0000000008006588                TIM8_UP_TIM13_IRQHandler
                0x0000000008006588                I2C3_ER_IRQHandler
                0x0000000008006588                DFSDM1_FLT2_IRQHandler
                0x0000000008006588                MDMA_IRQHandler
                0x0000000008006588                LPTIM3_IRQHandler
                0x0000000008006588                HSEM1_IRQHandler
                0x0000000008006588                I2C2_EV_IRQHandler
                0x0000000008006588                DMA1_Stream2_IRQHandler
                0x0000000008006588                OTG_HS_WKUP_IRQHandler
                0x0000000008006588                FDCAN1_IT1_IRQHandler
                0x0000000008006588                LTDC_ER_IRQHandler
                0x0000000008006588                DMA2_Stream2_IRQHandler
                0x0000000008006588                HRTIM1_TIME_IRQHandler
                0x0000000008006588                SPI1_IRQHandler
                0x0000000008006588                TIM6_DAC_IRQHandler
                0x0000000008006588                DCMI_IRQHandler
                0x0000000008006588                HRTIM1_TIMC_IRQHandler
                0x0000000008006588                DMA2_Stream3_IRQHandler
                0x0000000008006588                SAI2_IRQHandler
                0x0000000008006588                DFSDM1_FLT3_IRQHandler
                0x0000000008006588                USART6_IRQHandler
                0x0000000008006588                TIM17_IRQHandler
                0x0000000008006588                BDMA_Channel7_IRQHandler
                0x0000000008006588                LPTIM5_IRQHandler
                0x0000000008006588                UART5_IRQHandler
                0x0000000008006588                ADC3_IRQHandler
                0x0000000008006588                DMA2_Stream0_IRQHandler
                0x0000000008006588                BDMA_Channel2_IRQHandler
                0x0000000008006588                QUADSPI_IRQHandler
                0x0000000008006588                I2C1_EV_IRQHandler
                0x0000000008006588                DMA1_Stream6_IRQHandler
                0x0000000008006588                DMAMUX1_OVR_IRQHandler
                0x0000000008006588                DMA1_Stream1_IRQHandler
                0x0000000008006588                TIM16_IRQHandler
                0x0000000008006588                UART4_IRQHandler
                0x0000000008006588                BDMA_Channel5_IRQHandler
                0x0000000008006588                RCC_IRQHandler
                0x0000000008006588                TIM8_BRK_TIM12_IRQHandler
                0x0000000008006588                TIM1_TRG_COM_IRQHandler
                0x0000000008006588                Default_Handler
                0x0000000008006588                ECC_IRQHandler
                0x0000000008006588                CEC_IRQHandler
                0x0000000008006588                BDMA_Channel0_IRQHandler
                0x0000000008006588                ADC_IRQHandler
                0x0000000008006588                DMA1_Stream7_IRQHandler
                0x0000000008006588                HRTIM1_TIMA_IRQHandler
                0x0000000008006588                SPI5_IRQHandler
                0x0000000008006588                TIM7_IRQHandler
                0x0000000008006588                SDMMC1_IRQHandler
                0x0000000008006588                TIM5_IRQHandler
                0x0000000008006588                DMA2_Stream7_IRQHandler
                0x0000000008006588                PVD_AVD_IRQHandler
                0x0000000008006588                I2C3_EV_IRQHandler
                0x0000000008006588                RTC_WKUP_IRQHandler
                0x0000000008006588                LTDC_IRQHandler
                0x0000000008006588                SAI3_IRQHandler
                0x0000000008006588                ETH_WKUP_IRQHandler
                0x0000000008006588                SPDIF_RX_IRQHandler
                0x0000000008006588                SPI2_IRQHandler
                0x0000000008006588                OTG_HS_EP1_IN_IRQHandler
                0x0000000008006588                DMA1_Stream0_IRQHandler
                0x0000000008006588                CRS_IRQHandler
                0x0000000008006588                RNG_IRQHandler
                0x0000000008006588                HRTIM1_TIMB_IRQHandler
                0x0000000008006588                FDCAN2_IT1_IRQHandler
                0x0000000008006588                ETH_IRQHandler
                0x0000000008006588                TIM1_UP_IRQHandler
                0x0000000008006588                BDMA_Channel4_IRQHandler
                0x0000000008006588                OTG_HS_EP1_OUT_IRQHandler
                0x0000000008006588                WWDG_IRQHandler
                0x0000000008006588                SPI6_IRQHandler
                0x0000000008006588                MDIOS_IRQHandler
                0x0000000008006588                I2C4_EV_IRQHandler
                0x0000000008006588                FDCAN2_IT0_IRQHandler
                0x0000000008006588                LPUART1_IRQHandler
                0x0000000008006588                FDCAN1_IT0_IRQHandler
                0x0000000008006588                OTG_FS_WKUP_IRQHandler
                0x0000000008006588                OTG_HS_IRQHandler
                0x0000000008006588                DMA2D_IRQHandler
                0x0000000008006588                TIM1_BRK_IRQHandler
                0x0000000008006588                EXTI1_IRQHandler
                0x0000000008006588                SDMMC2_IRQHandler
                0x0000000008006588                OTG_FS_EP1_OUT_IRQHandler
                0x0000000008006588                BDMA_Channel3_IRQHandler
                0x0000000008006588                UART7_IRQHandler
                0x0000000008006588                MDIOS_WKUP_IRQHandler
                0x0000000008006588                USART2_IRQHandler
                0x0000000008006588                DFSDM1_FLT0_IRQHandler
                0x0000000008006588                SAI4_IRQHandler
                0x0000000008006588                I2C2_ER_IRQHandler
                0x0000000008006588                DMA2_Stream1_IRQHandler
                0x0000000008006588                FLASH_IRQHandler
                0x0000000008006588                DMA2_Stream4_IRQHandler
                0x0000000008006588                USART1_IRQHandler
                0x0000000008006588                OTG_FS_IRQHandler
                0x0000000008006588                SPI3_IRQHandler
                0x0000000008006588                WAKEUP_PIN_IRQHandler
                0x0000000008006588                DMA1_Stream4_IRQHandler
                0x0000000008006588                OTG_FS_EP1_IN_IRQHandler
                0x0000000008006588                I2C1_ER_IRQHandler
                0x0000000008006588                FMC_IRQHandler
                0x0000000008006588                FDCAN_CAL_IRQHandler
                0x0000000008006588                SWPMI1_IRQHandler
                0x0000000008006588                COMP1_IRQHandler
                0x0000000008006588                LPTIM1_IRQHandler
                0x0000000008006588                I2C4_ER_IRQHandler
                0x0000000008006588                DMA2_Stream6_IRQHandler
                0x0000000008006588                SAI1_IRQHandler
                0x0000000008006588                DMA1_Stream3_IRQHandler
 *fill*         0x000000000800658a        0x2 
 .text.HAL_Init
                0x000000000800658c       0x78 ./Drivers/STM32H7xx_HAL_Driver/Src/stm32h7xx_hal.o
                0x000000000800658c                HAL_Init
 .text.HAL_InitTick
                0x0000000008006604       0x6c ./Drivers/STM32H7xx_HAL_Driver/Src/stm32h7xx_hal.o
                0x0000000008006604                HAL_InitTick
 .text.HAL_IncTick
                0x0000000008006670       0x28 ./Drivers/STM32H7xx_HAL_Driver/Src/stm32h7xx_hal.o
                0x0000000008006670                HAL_IncTick
 .text.HAL_GetTick
                0x0000000008006698       0x18 ./Drivers/STM32H7xx_HAL_Driver/Src/stm32h7xx_hal.o
                0x0000000008006698                HAL_GetTick
 .text.HAL_Delay
                0x00000000080066b0       0x48 ./Drivers/STM32H7xx_HAL_Driver/Src/stm32h7xx_hal.o
                0x00000000080066b0                HAL_Delay
 .text.HAL_GetREVID
                0x00000000080066f8       0x18 ./Drivers/STM32H7xx_HAL_Driver/Src/stm32h7xx_hal.o
                0x00000000080066f8                HAL_GetREVID
 .text.__NVIC_SetPriorityGrouping
                0x0000000008006710       0x48 ./Drivers/STM32H7xx_HAL_Driver/Src/stm32h7xx_hal_cortex.o
 .text.__NVIC_GetPriorityGrouping
                0x0000000008006758       0x1c ./Drivers/STM32H7xx_HAL_Driver/Src/stm32h7xx_hal_cortex.o
 .text.__NVIC_EnableIRQ
                0x0000000008006774       0x3c ./Drivers/STM32H7xx_HAL_Driver/Src/stm32h7xx_hal_cortex.o
 .text.__NVIC_DisableIRQ
                0x00000000080067b0       0x48 ./Drivers/STM32H7xx_HAL_Driver/Src/stm32h7xx_hal_cortex.o
 .text.__NVIC_SetPriority
                0x00000000080067f8       0x54 ./Drivers/STM32H7xx_HAL_Driver/Src/stm32h7xx_hal_cortex.o
 .text.NVIC_EncodePriority
                0x000000000800684c       0x66 ./Drivers/STM32H7xx_HAL_Driver/Src/stm32h7xx_hal_cortex.o
 *fill*         0x00000000080068b2        0x2 
 .text.SysTick_Config
                0x00000000080068b4       0x44 ./Drivers/STM32H7xx_HAL_Driver/Src/stm32h7xx_hal_cortex.o
 .text.HAL_NVIC_SetPriorityGrouping
                0x00000000080068f8       0x16 ./Drivers/STM32H7xx_HAL_Driver/Src/stm32h7xx_hal_cortex.o
                0x00000000080068f8                HAL_NVIC_SetPriorityGrouping
 .text.HAL_NVIC_SetPriority
                0x000000000800690e       0x34 ./Drivers/STM32H7xx_HAL_Driver/Src/stm32h7xx_hal_cortex.o
                0x000000000800690e                HAL_NVIC_SetPriority
 .text.HAL_NVIC_EnableIRQ
                0x0000000008006942       0x1c ./Drivers/STM32H7xx_HAL_Driver/Src/stm32h7xx_hal_cortex.o
                0x0000000008006942                HAL_NVIC_EnableIRQ
 .text.HAL_NVIC_DisableIRQ
                0x000000000800695e       0x1c ./Drivers/STM32H7xx_HAL_Driver/Src/stm32h7xx_hal_cortex.o
                0x000000000800695e                HAL_NVIC_DisableIRQ
 .text.HAL_SYSTICK_Config
                0x000000000800697a       0x18 ./Drivers/STM32H7xx_HAL_Driver/Src/stm32h7xx_hal_cortex.o
                0x000000000800697a                HAL_SYSTICK_Config
 *fill*         0x0000000008006992        0x2 
 .text.HAL_DMA_Abort
                0x0000000008006994      0x63c ./Drivers/STM32H7xx_HAL_Driver/Src/stm32h7xx_hal_dma.o
                0x0000000008006994                HAL_DMA_Abort
 .text.HAL_DMA_Abort_IT
                0x0000000008006fd0      0x48c ./Drivers/STM32H7xx_HAL_Driver/Src/stm32h7xx_hal_dma.o
                0x0000000008006fd0                HAL_DMA_Abort_IT
 .text.HAL_GPIO_Init
                0x000000000800745c      0x360 ./Drivers/STM32H7xx_HAL_Driver/Src/stm32h7xx_hal_gpio.o
                0x000000000800745c                HAL_GPIO_Init
 .text.HAL_GPIO_ReadPin
                0x00000000080077bc       0x30 ./Drivers/STM32H7xx_HAL_Driver/Src/stm32h7xx_hal_gpio.o
                0x00000000080077bc                HAL_GPIO_ReadPin
 .text.HAL_GPIO_WritePin
                0x00000000080077ec       0x32 ./Drivers/STM32H7xx_HAL_Driver/Src/stm32h7xx_hal_gpio.o
                0x00000000080077ec                HAL_GPIO_WritePin
 .text.HAL_GPIO_EXTI_IRQHandler
                0x000000000800781e       0x34 ./Drivers/STM32H7xx_HAL_Driver/Src/stm32h7xx_hal_gpio.o
                0x000000000800781e                HAL_GPIO_EXTI_IRQHandler
 *fill*         0x0000000008007852        0x2 
 .text.HAL_PWREx_ConfigSupply
                0x0000000008007854       0x74 ./Drivers/STM32H7xx_HAL_Driver/Src/stm32h7xx_hal_pwr_ex.o
                0x0000000008007854                HAL_PWREx_ConfigSupply
 .text.HAL_RCC_OscConfig
                0x00000000080078c8      0x85c ./Drivers/STM32H7xx_HAL_Driver/Src/stm32h7xx_hal_rcc.o
                0x00000000080078c8                HAL_RCC_OscConfig
 .text.HAL_RCC_ClockConfig
                0x0000000008008124      0x36c ./Drivers/STM32H7xx_HAL_Driver/Src/stm32h7xx_hal_rcc.o
                0x0000000008008124                HAL_RCC_ClockConfig
 .text.HAL_RCC_GetSysClockFreq
                0x0000000008008490      0x2f4 ./Drivers/STM32H7xx_HAL_Driver/Src/stm32h7xx_hal_rcc.o
                0x0000000008008490                HAL_RCC_GetSysClockFreq
 .text.HAL_RCC_GetHCLKFreq
                0x0000000008008784       0x60 ./Drivers/STM32H7xx_HAL_Driver/Src/stm32h7xx_hal_rcc.o
                0x0000000008008784                HAL_RCC_GetHCLKFreq
 .text.HAL_RCC_GetPCLK1Freq
                0x00000000080087e4       0x2c ./Drivers/STM32H7xx_HAL_Driver/Src/stm32h7xx_hal_rcc.o
                0x00000000080087e4                HAL_RCC_GetPCLK1Freq
 .text.HAL_RCC_GetPCLK2Freq
                0x0000000008008810       0x2c ./Drivers/STM32H7xx_HAL_Driver/Src/stm32h7xx_hal_rcc.o
                0x0000000008008810                HAL_RCC_GetPCLK2Freq
 .text.HAL_RCCEx_PeriphCLKConfig
                0x000000000800883c      0xe8c ./Drivers/STM32H7xx_HAL_Driver/Src/stm32h7xx_hal_rcc_ex.o
                0x000000000800883c                HAL_RCCEx_PeriphCLKConfig
 .text.HAL_RCCEx_GetD3PCLK1Freq
                0x00000000080096c8       0x2c ./Drivers/STM32H7xx_HAL_Driver/Src/stm32h7xx_hal_rcc_ex.o
                0x00000000080096c8                HAL_RCCEx_GetD3PCLK1Freq
 .text.HAL_RCCEx_GetPLL2ClockFreq
                0x00000000080096f4      0x2a8 ./Drivers/STM32H7xx_HAL_Driver/Src/stm32h7xx_hal_rcc_ex.o
                0x00000000080096f4                HAL_RCCEx_GetPLL2ClockFreq
 .text.HAL_RCCEx_GetPLL3ClockFreq
                0x000000000800999c      0x2a8 ./Drivers/STM32H7xx_HAL_Driver/Src/stm32h7xx_hal_rcc_ex.o
                0x000000000800999c                HAL_RCCEx_GetPLL3ClockFreq
 .text.RCCEx_PLL2_Config
                0x0000000008009c44      0x164 ./Drivers/STM32H7xx_HAL_Driver/Src/stm32h7xx_hal_rcc_ex.o
 .text.RCCEx_PLL3_Config
                0x0000000008009da8      0x164 ./Drivers/STM32H7xx_HAL_Driver/Src/stm32h7xx_hal_rcc_ex.o
 .text.HAL_TIM_Base_Init
                0x0000000008009f0c       0xae ./Drivers/STM32H7xx_HAL_Driver/Src/stm32h7xx_hal_tim.o
                0x0000000008009f0c                HAL_TIM_Base_Init
 *fill*         0x0000000008009fba        0x2 
 .text.HAL_TIM_Base_Start
                0x0000000008009fbc       0xe0 ./Drivers/STM32H7xx_HAL_Driver/Src/stm32h7xx_hal_tim.o
                0x0000000008009fbc                HAL_TIM_Base_Start
 .text.HAL_TIM_Base_Stop
                0x000000000800a09c       0x4e ./Drivers/STM32H7xx_HAL_Driver/Src/stm32h7xx_hal_tim.o
                0x000000000800a09c                HAL_TIM_Base_Stop
 *fill*         0x000000000800a0ea        0x2 
 .text.HAL_TIM_Base_Start_IT
                0x000000000800a0ec       0xf0 ./Drivers/STM32H7xx_HAL_Driver/Src/stm32h7xx_hal_tim.o
                0x000000000800a0ec                HAL_TIM_Base_Start_IT
 .text.HAL_TIM_Base_Stop_IT
                0x000000000800a1dc       0x5e ./Drivers/STM32H7xx_HAL_Driver/Src/stm32h7xx_hal_tim.o
                0x000000000800a1dc                HAL_TIM_Base_Stop_IT
 .text.HAL_TIM_PWM_Init
                0x000000000800a23a       0xae ./Drivers/STM32H7xx_HAL_Driver/Src/stm32h7xx_hal_tim.o
                0x000000000800a23a                HAL_TIM_PWM_Init
 .text.HAL_TIM_PWM_MspInit
                0x000000000800a2e8       0x14 ./Drivers/STM32H7xx_HAL_Driver/Src/stm32h7xx_hal_tim.o
                0x000000000800a2e8                HAL_TIM_PWM_MspInit
 .text.HAL_TIM_PWM_Start
                0x000000000800a2fc      0x21c ./Drivers/STM32H7xx_HAL_Driver/Src/stm32h7xx_hal_tim.o
                0x000000000800a2fc                HAL_TIM_PWM_Start
 .text.HAL_TIM_PWM_Stop
                0x000000000800a518      0x12c ./Drivers/STM32H7xx_HAL_Driver/Src/stm32h7xx_hal_tim.o
                0x000000000800a518                HAL_TIM_PWM_Stop
 .text.HAL_TIM_IC_Init
                0x000000000800a644       0xae ./Drivers/STM32H7xx_HAL_Driver/Src/stm32h7xx_hal_tim.o
                0x000000000800a644                HAL_TIM_IC_Init
 .text.HAL_TIM_IC_MspInit
                0x000000000800a6f2       0x14 ./Drivers/STM32H7xx_HAL_Driver/Src/stm32h7xx_hal_tim.o
                0x000000000800a6f2                HAL_TIM_IC_MspInit
 .text.HAL_TIM_IC_Stop
                0x000000000800a706       0xe2 ./Drivers/STM32H7xx_HAL_Driver/Src/stm32h7xx_hal_tim.o
                0x000000000800a706                HAL_TIM_IC_Stop
 .text.HAL_TIM_IC_Start_IT
                0x000000000800a7e8      0x2a0 ./Drivers/STM32H7xx_HAL_Driver/Src/stm32h7xx_hal_tim.o
                0x000000000800a7e8                HAL_TIM_IC_Start_IT
 .text.HAL_TIM_IRQHandler
                0x000000000800aa88      0x23e ./Drivers/STM32H7xx_HAL_Driver/Src/stm32h7xx_hal_tim.o
                0x000000000800aa88                HAL_TIM_IRQHandler
 .text.HAL_TIM_IC_ConfigChannel
                0x000000000800acc6      0x138 ./Drivers/STM32H7xx_HAL_Driver/Src/stm32h7xx_hal_tim.o
                0x000000000800acc6                HAL_TIM_IC_ConfigChannel
 *fill*         0x000000000800adfe        0x2 
 .text.HAL_TIM_PWM_ConfigChannel
                0x000000000800ae00      0x228 ./Drivers/STM32H7xx_HAL_Driver/Src/stm32h7xx_hal_tim.o
                0x000000000800ae00                HAL_TIM_PWM_ConfigChannel
 .text.HAL_TIM_ConfigClockSource
                0x000000000800b028      0x1f0 ./Drivers/STM32H7xx_HAL_Driver/Src/stm32h7xx_hal_tim.o
                0x000000000800b028                HAL_TIM_ConfigClockSource
 .text.HAL_TIM_OC_DelayElapsedCallback
                0x000000000800b218       0x14 ./Drivers/STM32H7xx_HAL_Driver/Src/stm32h7xx_hal_tim.o
                0x000000000800b218                HAL_TIM_OC_DelayElapsedCallback
 .text.HAL_TIM_PWM_PulseFinishedCallback
                0x000000000800b22c       0x14 ./Drivers/STM32H7xx_HAL_Driver/Src/stm32h7xx_hal_tim.o
                0x000000000800b22c                HAL_TIM_PWM_PulseFinishedCallback
 .text.HAL_TIM_TriggerCallback
                0x000000000800b240       0x14 ./Drivers/STM32H7xx_HAL_Driver/Src/stm32h7xx_hal_tim.o
                0x000000000800b240                HAL_TIM_TriggerCallback
 .text.TIM_Base_SetConfig
                0x000000000800b254      0x134 ./Drivers/STM32H7xx_HAL_Driver/Src/stm32h7xx_hal_tim.o
                0x000000000800b254                TIM_Base_SetConfig
 .text.TIM_OC1_SetConfig
                0x000000000800b388      0x120 ./Drivers/STM32H7xx_HAL_Driver/Src/stm32h7xx_hal_tim.o
 .text.TIM_OC2_SetConfig
                0x000000000800b4a8      0x114 ./Drivers/STM32H7xx_HAL_Driver/Src/stm32h7xx_hal_tim.o
                0x000000000800b4a8                TIM_OC2_SetConfig
 .text.TIM_OC3_SetConfig
                0x000000000800b5bc      0x110 ./Drivers/STM32H7xx_HAL_Driver/Src/stm32h7xx_hal_tim.o
 .text.TIM_OC4_SetConfig
                0x000000000800b6cc       0xd4 ./Drivers/STM32H7xx_HAL_Driver/Src/stm32h7xx_hal_tim.o
 .text.TIM_OC5_SetConfig
                0x000000000800b7a0       0xc8 ./Drivers/STM32H7xx_HAL_Driver/Src/stm32h7xx_hal_tim.o
 .text.TIM_OC6_SetConfig
                0x000000000800b868       0xcc ./Drivers/STM32H7xx_HAL_Driver/Src/stm32h7xx_hal_tim.o
 .text.TIM_TI1_SetConfig
                0x000000000800b934       0xe8 ./Drivers/STM32H7xx_HAL_Driver/Src/stm32h7xx_hal_tim.o
                0x000000000800b934                TIM_TI1_SetConfig
 .text.TIM_TI1_ConfigInputStage
                0x000000000800ba1c       0x5e ./Drivers/STM32H7xx_HAL_Driver/Src/stm32h7xx_hal_tim.o
 .text.TIM_TI2_SetConfig
                0x000000000800ba7a       0x7a ./Drivers/STM32H7xx_HAL_Driver/Src/stm32h7xx_hal_tim.o
 .text.TIM_TI2_ConfigInputStage
                0x000000000800baf4       0x60 ./Drivers/STM32H7xx_HAL_Driver/Src/stm32h7xx_hal_tim.o
 .text.TIM_TI3_SetConfig
                0x000000000800bb54       0x78 ./Drivers/STM32H7xx_HAL_Driver/Src/stm32h7xx_hal_tim.o
 .text.TIM_TI4_SetConfig
                0x000000000800bbcc       0x7a ./Drivers/STM32H7xx_HAL_Driver/Src/stm32h7xx_hal_tim.o
 *fill*         0x000000000800bc46        0x2 
 .text.TIM_ITRx_SetConfig
                0x000000000800bc48       0x3c ./Drivers/STM32H7xx_HAL_Driver/Src/stm32h7xx_hal_tim.o
 .text.TIM_ETR_SetConfig
                0x000000000800bc84       0x40 ./Drivers/STM32H7xx_HAL_Driver/Src/stm32h7xx_hal_tim.o
                0x000000000800bc84                TIM_ETR_SetConfig
 .text.TIM_CCxChannelCmd
                0x000000000800bcc4       0x4a ./Drivers/STM32H7xx_HAL_Driver/Src/stm32h7xx_hal_tim.o
                0x000000000800bcc4                TIM_CCxChannelCmd
 *fill*         0x000000000800bd0e        0x2 
 .text.HAL_TIMEx_MasterConfigSynchronization
                0x000000000800bd10      0x11c ./Drivers/STM32H7xx_HAL_Driver/Src/stm32h7xx_hal_tim_ex.o
                0x000000000800bd10                HAL_TIMEx_MasterConfigSynchronization
 .text.HAL_TIMEx_CommutCallback
                0x000000000800be2c       0x14 ./Drivers/STM32H7xx_HAL_Driver/Src/stm32h7xx_hal_tim_ex.o
                0x000000000800be2c                HAL_TIMEx_CommutCallback
 .text.HAL_TIMEx_BreakCallback
                0x000000000800be40       0x14 ./Drivers/STM32H7xx_HAL_Driver/Src/stm32h7xx_hal_tim_ex.o
                0x000000000800be40                HAL_TIMEx_BreakCallback
 .text.HAL_TIMEx_Break2Callback
                0x000000000800be54       0x14 ./Drivers/STM32H7xx_HAL_Driver/Src/stm32h7xx_hal_tim_ex.o
                0x000000000800be54                HAL_TIMEx_Break2Callback
 .text.HAL_UART_Init
                0x000000000800be68       0xa0 ./Drivers/STM32H7xx_HAL_Driver/Src/stm32h7xx_hal_uart.o
                0x000000000800be68                HAL_UART_Init
 .text.HAL_UART_Transmit
                0x000000000800bf08      0x12c ./Drivers/STM32H7xx_HAL_Driver/Src/stm32h7xx_hal_uart.o
                0x000000000800bf08                HAL_UART_Transmit
 .text.HAL_UART_Receive_IT
                0x000000000800c034       0xac ./Drivers/STM32H7xx_HAL_Driver/Src/stm32h7xx_hal_uart.o
                0x000000000800c034                HAL_UART_Receive_IT
 .text.HAL_UART_IRQHandler
                0x000000000800c0e0      0x73c ./Drivers/STM32H7xx_HAL_Driver/Src/stm32h7xx_hal_uart.o
                0x000000000800c0e0                HAL_UART_IRQHandler
 .text.HAL_UART_ErrorCallback
                0x000000000800c81c       0x14 ./Drivers/STM32H7xx_HAL_Driver/Src/stm32h7xx_hal_uart.o
                0x000000000800c81c                HAL_UART_ErrorCallback
 .text.HAL_UARTEx_RxEventCallback
                0x000000000800c830       0x18 ./Drivers/STM32H7xx_HAL_Driver/Src/stm32h7xx_hal_uart.o
                0x000000000800c830                HAL_UARTEx_RxEventCallback
 .text.UART_SetConfig
                0x000000000800c848      0xad0 ./Drivers/STM32H7xx_HAL_Driver/Src/stm32h7xx_hal_uart.o
                0x000000000800c848                UART_SetConfig
 .text.UART_AdvFeatureConfig
                0x000000000800d318      0x144 ./Drivers/STM32H7xx_HAL_Driver/Src/stm32h7xx_hal_uart.o
                0x000000000800d318                UART_AdvFeatureConfig
 .text.UART_CheckIdleState
                0x000000000800d45c       0x96 ./Drivers/STM32H7xx_HAL_Driver/Src/stm32h7xx_hal_uart.o
                0x000000000800d45c                UART_CheckIdleState
 .text.UART_WaitOnFlagUntilTimeout
                0x000000000800d4f2      0x190 ./Drivers/STM32H7xx_HAL_Driver/Src/stm32h7xx_hal_uart.o
                0x000000000800d4f2                UART_WaitOnFlagUntilTimeout
 *fill*         0x000000000800d682        0x2 
 .text.UART_Start_Receive_IT
                0x000000000800d684      0x254 ./Drivers/STM32H7xx_HAL_Driver/Src/stm32h7xx_hal_uart.o
                0x000000000800d684                UART_Start_Receive_IT
 .text.UART_EndRxTransfer
                0x000000000800d8d8       0xcc ./Drivers/STM32H7xx_HAL_Driver/Src/stm32h7xx_hal_uart.o
 .text.UART_DMAAbortOnError
                0x000000000800d9a4       0x2c ./Drivers/STM32H7xx_HAL_Driver/Src/stm32h7xx_hal_uart.o
 .text.UART_EndTransmit_IT
                0x000000000800d9d0       0x56 ./Drivers/STM32H7xx_HAL_Driver/Src/stm32h7xx_hal_uart.o
 .text.UART_RxISR_8BIT
                0x000000000800da26      0x160 ./Drivers/STM32H7xx_HAL_Driver/Src/stm32h7xx_hal_uart.o
 .text.UART_RxISR_16BIT
                0x000000000800db86      0x160 ./Drivers/STM32H7xx_HAL_Driver/Src/stm32h7xx_hal_uart.o
 *fill*         0x000000000800dce6        0x2 
 .text.UART_RxISR_8BIT_FIFOEN
                0x000000000800dce8      0x2f8 ./Drivers/STM32H7xx_HAL_Driver/Src/stm32h7xx_hal_uart.o
 .text.UART_RxISR_16BIT_FIFOEN
                0x000000000800dfe0      0x300 ./Drivers/STM32H7xx_HAL_Driver/Src/stm32h7xx_hal_uart.o
 .text.HAL_UARTEx_WakeupCallback
                0x000000000800e2e0       0x14 ./Drivers/STM32H7xx_HAL_Driver/Src/stm32h7xx_hal_uart_ex.o
                0x000000000800e2e0                HAL_UARTEx_WakeupCallback
 .text.HAL_UARTEx_RxFifoFullCallback
                0x000000000800e2f4       0x14 ./Drivers/STM32H7xx_HAL_Driver/Src/stm32h7xx_hal_uart_ex.o
                0x000000000800e2f4                HAL_UARTEx_RxFifoFullCallback
 .text.HAL_UARTEx_TxFifoEmptyCallback
                0x000000000800e308       0x14 ./Drivers/STM32H7xx_HAL_Driver/Src/stm32h7xx_hal_uart_ex.o
                0x000000000800e308                HAL_UARTEx_TxFifoEmptyCallback
 .text.HAL_UARTEx_DisableFifoMode
                0x000000000800e31c       0x72 ./Drivers/STM32H7xx_HAL_Driver/Src/stm32h7xx_hal_uart_ex.o
                0x000000000800e31c                HAL_UARTEx_DisableFifoMode
 .text.HAL_UARTEx_SetTxFifoThreshold
                0x000000000800e38e       0x7c ./Drivers/STM32H7xx_HAL_Driver/Src/stm32h7xx_hal_uart_ex.o
                0x000000000800e38e                HAL_UARTEx_SetTxFifoThreshold
 .text.HAL_UARTEx_SetRxFifoThreshold
                0x000000000800e40a       0x7c ./Drivers/STM32H7xx_HAL_Driver/Src/stm32h7xx_hal_uart_ex.o
                0x000000000800e40a                HAL_UARTEx_SetRxFifoThreshold
 *fill*         0x000000000800e486        0x2 
 .text.UARTEx_SetNbDataToProcess
                0x000000000800e488       0x9c ./Drivers/STM32H7xx_HAL_Driver/Src/stm32h7xx_hal_uart_ex.o
 .text.__errno  0x000000000800e524        0xc d:/archivos de programa/stm32cubeide_1.9.0/stm32cubeide/plugins/com.st.stm32cube.ide.mcu.externaltools.gnu-tools-for-stm32.10.3-2021.10.win32_1.0.200.202301161003/tools/bin/../lib/gcc/arm-none-eabi/10.3.1/../../../../arm-none-eabi/lib/thumb/v7e-m+dp/hard\libc_nano.a(lib_a-errno.o)
                0x000000000800e524                __errno
 .text._fclose_r
                0x000000000800e530       0xd8 d:/archivos de programa/stm32cubeide_1.9.0/stm32cubeide/plugins/com.st.stm32cube.ide.mcu.externaltools.gnu-tools-for-stm32.10.3-2021.10.win32_1.0.200.202301161003/tools/bin/../lib/gcc/arm-none-eabi/10.3.1/../../../../arm-none-eabi/lib/thumb/v7e-m+dp/hard\libc_nano.a(lib_a-fclose.o)
                0x000000000800e530                _fclose_r
 .text.fclose   0x000000000800e608       0x10 d:/archivos de programa/stm32cubeide_1.9.0/stm32cubeide/plugins/com.st.stm32cube.ide.mcu.externaltools.gnu-tools-for-stm32.10.3-2021.10.win32_1.0.200.202301161003/tools/bin/../lib/gcc/arm-none-eabi/10.3.1/../../../../arm-none-eabi/lib/thumb/v7e-m+dp/hard\libc_nano.a(lib_a-fclose.o)
                0x000000000800e608                fclose
 .text.__sflush_r
                0x000000000800e618      0x10c d:/archivos de programa/stm32cubeide_1.9.0/stm32cubeide/plugins/com.st.stm32cube.ide.mcu.externaltools.gnu-tools-for-stm32.10.3-2021.10.win32_1.0.200.202301161003/tools/bin/../lib/gcc/arm-none-eabi/10.3.1/../../../../arm-none-eabi/lib/thumb/v7e-m+dp/hard\libc_nano.a(lib_a-fflush.o)
                0x000000000800e618                __sflush_r
 .text._fflush_r
                0x000000000800e724       0x78 d:/archivos de programa/stm32cubeide_1.9.0/stm32cubeide/plugins/com.st.stm32cube.ide.mcu.externaltools.gnu-tools-for-stm32.10.3-2021.10.win32_1.0.200.202301161003/tools/bin/../lib/gcc/arm-none-eabi/10.3.1/../../../../arm-none-eabi/lib/thumb/v7e-m+dp/hard\libc_nano.a(lib_a-fflush.o)
                0x000000000800e724                _fflush_r
 .text.fflush   0x000000000800e79c       0x24 d:/archivos de programa/stm32cubeide_1.9.0/stm32cubeide/plugins/com.st.stm32cube.ide.mcu.externaltools.gnu-tools-for-stm32.10.3-2021.10.win32_1.0.200.202301161003/tools/bin/../lib/gcc/arm-none-eabi/10.3.1/../../../../arm-none-eabi/lib/thumb/v7e-m+dp/hard\libc_nano.a(lib_a-fflush.o)
                0x000000000800e79c                fflush
 .text._fgets_r
                0x000000000800e7c0       0xf4 d:/archivos de programa/stm32cubeide_1.9.0/stm32cubeide/plugins/com.st.stm32cube.ide.mcu.externaltools.gnu-tools-for-stm32.10.3-2021.10.win32_1.0.200.202301161003/tools/bin/../lib/gcc/arm-none-eabi/10.3.1/../../../../arm-none-eabi/lib/thumb/v7e-m+dp/hard\libc_nano.a(lib_a-fgets.o)
                0x000000000800e7c0                _fgets_r
 .text.fgets    0x000000000800e8b4       0x14 d:/archivos de programa/stm32cubeide_1.9.0/stm32cubeide/plugins/com.st.stm32cube.ide.mcu.externaltools.gnu-tools-for-stm32.10.3-2021.10.win32_1.0.200.202301161003/tools/bin/../lib/gcc/arm-none-eabi/10.3.1/../../../../arm-none-eabi/lib/thumb/v7e-m+dp/hard\libc_nano.a(lib_a-fgets.o)
                0x000000000800e8b4                fgets
 .text.std      0x000000000800e8c8       0x48 d:/archivos de programa/stm32cubeide_1.9.0/stm32cubeide/plugins/com.st.stm32cube.ide.mcu.externaltools.gnu-tools-for-stm32.10.3-2021.10.win32_1.0.200.202301161003/tools/bin/../lib/gcc/arm-none-eabi/10.3.1/../../../../arm-none-eabi/lib/thumb/v7e-m+dp/hard\libc_nano.a(lib_a-findfp.o)
 .text._cleanup_r
                0x000000000800e910        0xc d:/archivos de programa/stm32cubeide_1.9.0/stm32cubeide/plugins/com.st.stm32cube.ide.mcu.externaltools.gnu-tools-for-stm32.10.3-2021.10.win32_1.0.200.202301161003/tools/bin/../lib/gcc/arm-none-eabi/10.3.1/../../../../arm-none-eabi/lib/thumb/v7e-m+dp/hard\libc_nano.a(lib_a-findfp.o)
                0x000000000800e910                _cleanup_r
 .text.__sfmoreglue
                0x000000000800e91c       0x2c d:/archivos de programa/stm32cubeide_1.9.0/stm32cubeide/plugins/com.st.stm32cube.ide.mcu.externaltools.gnu-tools-for-stm32.10.3-2021.10.win32_1.0.200.202301161003/tools/bin/../lib/gcc/arm-none-eabi/10.3.1/../../../../arm-none-eabi/lib/thumb/v7e-m+dp/hard\libc_nano.a(lib_a-findfp.o)
                0x000000000800e91c                __sfmoreglue
 .text.__sfp_lock_acquire
                0x000000000800e948        0xc d:/archivos de programa/stm32cubeide_1.9.0/stm32cubeide/plugins/com.st.stm32cube.ide.mcu.externaltools.gnu-tools-for-stm32.10.3-2021.10.win32_1.0.200.202301161003/tools/bin/../lib/gcc/arm-none-eabi/10.3.1/../../../../arm-none-eabi/lib/thumb/v7e-m+dp/hard\libc_nano.a(lib_a-findfp.o)
                0x000000000800e948                __sfp_lock_acquire
 .text.__sfp_lock_release
                0x000000000800e954        0xc d:/archivos de programa/stm32cubeide_1.9.0/stm32cubeide/plugins/com.st.stm32cube.ide.mcu.externaltools.gnu-tools-for-stm32.10.3-2021.10.win32_1.0.200.202301161003/tools/bin/../lib/gcc/arm-none-eabi/10.3.1/../../../../arm-none-eabi/lib/thumb/v7e-m+dp/hard\libc_nano.a(lib_a-findfp.o)
                0x000000000800e954                __sfp_lock_release
 .text.__sinit_lock_acquire
                0x000000000800e960        0xc d:/archivos de programa/stm32cubeide_1.9.0/stm32cubeide/plugins/com.st.stm32cube.ide.mcu.externaltools.gnu-tools-for-stm32.10.3-2021.10.win32_1.0.200.202301161003/tools/bin/../lib/gcc/arm-none-eabi/10.3.1/../../../../arm-none-eabi/lib/thumb/v7e-m+dp/hard\libc_nano.a(lib_a-findfp.o)
                0x000000000800e960                __sinit_lock_acquire
 .text.__sinit_lock_release
                0x000000000800e96c        0xc d:/archivos de programa/stm32cubeide_1.9.0/stm32cubeide/plugins/com.st.stm32cube.ide.mcu.externaltools.gnu-tools-for-stm32.10.3-2021.10.win32_1.0.200.202301161003/tools/bin/../lib/gcc/arm-none-eabi/10.3.1/../../../../arm-none-eabi/lib/thumb/v7e-m+dp/hard\libc_nano.a(lib_a-findfp.o)
                0x000000000800e96c                __sinit_lock_release
 .text.__sinit  0x000000000800e978       0x70 d:/archivos de programa/stm32cubeide_1.9.0/stm32cubeide/plugins/com.st.stm32cube.ide.mcu.externaltools.gnu-tools-for-stm32.10.3-2021.10.win32_1.0.200.202301161003/tools/bin/../lib/gcc/arm-none-eabi/10.3.1/../../../../arm-none-eabi/lib/thumb/v7e-m+dp/hard\libc_nano.a(lib_a-findfp.o)
                0x000000000800e978                __sinit
 .text.__sfp    0x000000000800e9e8       0x8c d:/archivos de programa/stm32cubeide_1.9.0/stm32cubeide/plugins/com.st.stm32cube.ide.mcu.externaltools.gnu-tools-for-stm32.10.3-2021.10.win32_1.0.200.202301161003/tools/bin/../lib/gcc/arm-none-eabi/10.3.1/../../../../arm-none-eabi/lib/thumb/v7e-m+dp/hard\libc_nano.a(lib_a-findfp.o)
                0x000000000800e9e8                __sfp
 .text._fopen_r
                0x000000000800ea74       0xa8 d:/archivos de programa/stm32cubeide_1.9.0/stm32cubeide/plugins/com.st.stm32cube.ide.mcu.externaltools.gnu-tools-for-stm32.10.3-2021.10.win32_1.0.200.202301161003/tools/bin/../lib/gcc/arm-none-eabi/10.3.1/../../../../arm-none-eabi/lib/thumb/v7e-m+dp/hard\libc_nano.a(lib_a-fopen.o)
                0x000000000800ea74                _fopen_r
 .text.fopen    0x000000000800eb1c       0x10 d:/archivos de programa/stm32cubeide_1.9.0/stm32cubeide/plugins/com.st.stm32cube.ide.mcu.externaltools.gnu-tools-for-stm32.10.3-2021.10.win32_1.0.200.202301161003/tools/bin/../lib/gcc/arm-none-eabi/10.3.1/../../../../arm-none-eabi/lib/thumb/v7e-m+dp/hard\libc_nano.a(lib_a-fopen.o)
                0x000000000800eb1c                fopen
 .text._fseek_r
                0x000000000800eb2c        0x4 d:/archivos de programa/stm32cubeide_1.9.0/stm32cubeide/plugins/com.st.stm32cube.ide.mcu.externaltools.gnu-tools-for-stm32.10.3-2021.10.win32_1.0.200.202301161003/tools/bin/../lib/gcc/arm-none-eabi/10.3.1/../../../../arm-none-eabi/lib/thumb/v7e-m+dp/hard\libc_nano.a(lib_a-fseek.o)
                0x000000000800eb2c                _fseek_r
 .text._fseeko_r
                0x000000000800eb30      0x168 d:/archivos de programa/stm32cubeide_1.9.0/stm32cubeide/plugins/com.st.stm32cube.ide.mcu.externaltools.gnu-tools-for-stm32.10.3-2021.10.win32_1.0.200.202301161003/tools/bin/../lib/gcc/arm-none-eabi/10.3.1/../../../../arm-none-eabi/lib/thumb/v7e-m+dp/hard\libc_nano.a(lib_a-fseeko.o)
                0x000000000800eb30                _fseeko_r
 .text._fwalk   0x000000000800ec98       0x3a d:/archivos de programa/stm32cubeide_1.9.0/stm32cubeide/plugins/com.st.stm32cube.ide.mcu.externaltools.gnu-tools-for-stm32.10.3-2021.10.win32_1.0.200.202301161003/tools/bin/../lib/gcc/arm-none-eabi/10.3.1/../../../../arm-none-eabi/lib/thumb/v7e-m+dp/hard\libc_nano.a(lib_a-fwalk.o)
                0x000000000800ec98                _fwalk
 .text._fwalk_reent
                0x000000000800ecd2       0x3e d:/archivos de programa/stm32cubeide_1.9.0/stm32cubeide/plugins/com.st.stm32cube.ide.mcu.externaltools.gnu-tools-for-stm32.10.3-2021.10.win32_1.0.200.202301161003/tools/bin/../lib/gcc/arm-none-eabi/10.3.1/../../../../arm-none-eabi/lib/thumb/v7e-m+dp/hard\libc_nano.a(lib_a-fwalk.o)
                0x000000000800ecd2                _fwalk_reent
 .text.__libc_init_array
                0x000000000800ed10       0x48 d:/archivos de programa/stm32cubeide_1.9.0/stm32cubeide/plugins/com.st.stm32cube.ide.mcu.externaltools.gnu-tools-for-stm32.10.3-2021.10.win32_1.0.200.202301161003/tools/bin/../lib/gcc/arm-none-eabi/10.3.1/../../../../arm-none-eabi/lib/thumb/v7e-m+dp/hard\libc_nano.a(lib_a-init.o)
                0x000000000800ed10                __libc_init_array
 .text.__retarget_lock_init_recursive
                0x000000000800ed58        0x2 d:/archivos de programa/stm32cubeide_1.9.0/stm32cubeide/plugins/com.st.stm32cube.ide.mcu.externaltools.gnu-tools-for-stm32.10.3-2021.10.win32_1.0.200.202301161003/tools/bin/../lib/gcc/arm-none-eabi/10.3.1/../../../../arm-none-eabi/lib/thumb/v7e-m+dp/hard\libc_nano.a(lib_a-lock.o)
                0x000000000800ed58                __retarget_lock_init_recursive
 .text.__retarget_lock_close_recursive
                0x000000000800ed5a        0x2 d:/archivos de programa/stm32cubeide_1.9.0/stm32cubeide/plugins/com.st.stm32cube.ide.mcu.externaltools.gnu-tools-for-stm32.10.3-2021.10.win32_1.0.200.202301161003/tools/bin/../lib/gcc/arm-none-eabi/10.3.1/../../../../arm-none-eabi/lib/thumb/v7e-m+dp/hard\libc_nano.a(lib_a-lock.o)
                0x000000000800ed5a                __retarget_lock_close_recursive
 .text.__retarget_lock_acquire_recursive
                0x000000000800ed5c        0x2 d:/archivos de programa/stm32cubeide_1.9.0/stm32cubeide/plugins/com.st.stm32cube.ide.mcu.externaltools.gnu-tools-for-stm32.10.3-2021.10.win32_1.0.200.202301161003/tools/bin/../lib/gcc/arm-none-eabi/10.3.1/../../../../arm-none-eabi/lib/thumb/v7e-m+dp/hard\libc_nano.a(lib_a-lock.o)
                0x000000000800ed5c                __retarget_lock_acquire_recursive
 .text.__retarget_lock_release_recursive
                0x000000000800ed5e        0x2 d:/archivos de programa/stm32cubeide_1.9.0/stm32cubeide/plugins/com.st.stm32cube.ide.mcu.externaltools.gnu-tools-for-stm32.10.3-2021.10.win32_1.0.200.202301161003/tools/bin/../lib/gcc/arm-none-eabi/10.3.1/../../../../arm-none-eabi/lib/thumb/v7e-m+dp/hard\libc_nano.a(lib_a-lock.o)
                0x000000000800ed5e                __retarget_lock_release_recursive
 .text.__swhatbuf_r
                0x000000000800ed60       0x4a d:/archivos de programa/stm32cubeide_1.9.0/stm32cubeide/plugins/com.st.stm32cube.ide.mcu.externaltools.gnu-tools-for-stm32.10.3-2021.10.win32_1.0.200.202301161003/tools/bin/../lib/gcc/arm-none-eabi/10.3.1/../../../../arm-none-eabi/lib/thumb/v7e-m+dp/hard\libc_nano.a(lib_a-makebuf.o)
                0x000000000800ed60                __swhatbuf_r
 *fill*         0x000000000800edaa        0x2 
 .text.__smakebuf_r
                0x000000000800edac       0x80 d:/archivos de programa/stm32cubeide_1.9.0/stm32cubeide/plugins/com.st.stm32cube.ide.mcu.externaltools.gnu-tools-for-stm32.10.3-2021.10.win32_1.0.200.202301161003/tools/bin/../lib/gcc/arm-none-eabi/10.3.1/../../../../arm-none-eabi/lib/thumb/v7e-m+dp/hard\libc_nano.a(lib_a-makebuf.o)
                0x000000000800edac                __smakebuf_r
 .text.memcpy   0x000000000800ee2c       0x1c d:/archivos de programa/stm32cubeide_1.9.0/stm32cubeide/plugins/com.st.stm32cube.ide.mcu.externaltools.gnu-tools-for-stm32.10.3-2021.10.win32_1.0.200.202301161003/tools/bin/../lib/gcc/arm-none-eabi/10.3.1/../../../../arm-none-eabi/lib/thumb/v7e-m+dp/hard\libc_nano.a(lib_a-memcpy-stub.o)
                0x000000000800ee2c                memcpy
 .text.memset   0x000000000800ee48       0x10 d:/archivos de programa/stm32cubeide_1.9.0/stm32cubeide/plugins/com.st.stm32cube.ide.mcu.externaltools.gnu-tools-for-stm32.10.3-2021.10.win32_1.0.200.202301161003/tools/bin/../lib/gcc/arm-none-eabi/10.3.1/../../../../arm-none-eabi/lib/thumb/v7e-m+dp/hard\libc_nano.a(lib_a-memset.o)
                0x000000000800ee48                memset
 .text._free_r  0x000000000800ee58       0x98 d:/archivos de programa/stm32cubeide_1.9.0/stm32cubeide/plugins/com.st.stm32cube.ide.mcu.externaltools.gnu-tools-for-stm32.10.3-2021.10.win32_1.0.200.202301161003/tools/bin/../lib/gcc/arm-none-eabi/10.3.1/../../../../arm-none-eabi/lib/thumb/v7e-m+dp/hard\libc_nano.a(lib_a-nano-freer.o)
                0x000000000800ee58                _free_r
 .text.sbrk_aligned
                0x000000000800eef0       0x40 d:/archivos de programa/stm32cubeide_1.9.0/stm32cubeide/plugins/com.st.stm32cube.ide.mcu.externaltools.gnu-tools-for-stm32.10.3-2021.10.win32_1.0.200.202301161003/tools/bin/../lib/gcc/arm-none-eabi/10.3.1/../../../../arm-none-eabi/lib/thumb/v7e-m+dp/hard\libc_nano.a(lib_a-nano-mallocr.o)
 .text._malloc_r
                0x000000000800ef30       0xe8 d:/archivos de programa/stm32cubeide_1.9.0/stm32cubeide/plugins/com.st.stm32cube.ide.mcu.externaltools.gnu-tools-for-stm32.10.3-2021.10.win32_1.0.200.202301161003/tools/bin/../lib/gcc/arm-none-eabi/10.3.1/../../../../arm-none-eabi/lib/thumb/v7e-m+dp/hard\libc_nano.a(lib_a-nano-mallocr.o)
                0x000000000800ef30                _malloc_r
 .text._open_r  0x000000000800f018       0x24 d:/archivos de programa/stm32cubeide_1.9.0/stm32cubeide/plugins/com.st.stm32cube.ide.mcu.externaltools.gnu-tools-for-stm32.10.3-2021.10.win32_1.0.200.202301161003/tools/bin/../lib/gcc/arm-none-eabi/10.3.1/../../../../arm-none-eabi/lib/thumb/v7e-m+dp/hard\libc_nano.a(lib_a-openr.o)
                0x000000000800f018                _open_r
 .text.lflush   0x000000000800f03c       0x12 d:/archivos de programa/stm32cubeide_1.9.0/stm32cubeide/plugins/com.st.stm32cube.ide.mcu.externaltools.gnu-tools-for-stm32.10.3-2021.10.win32_1.0.200.202301161003/tools/bin/../lib/gcc/arm-none-eabi/10.3.1/../../../../arm-none-eabi/lib/thumb/v7e-m+dp/hard\libc_nano.a(lib_a-refill.o)
 *fill*         0x000000000800f04e        0x2 
 .text.__srefill_r
                0x000000000800f050      0x114 d:/archivos de programa/stm32cubeide_1.9.0/stm32cubeide/plugins/com.st.stm32cube.ide.mcu.externaltools.gnu-tools-for-stm32.10.3-2021.10.win32_1.0.200.202301161003/tools/bin/../lib/gcc/arm-none-eabi/10.3.1/../../../../arm-none-eabi/lib/thumb/v7e-m+dp/hard\libc_nano.a(lib_a-refill.o)
                0x000000000800f050                __srefill_r
 .text._sbrk_r  0x000000000800f164       0x20 d:/archivos de programa/stm32cubeide_1.9.0/stm32cubeide/plugins/com.st.stm32cube.ide.mcu.externaltools.gnu-tools-for-stm32.10.3-2021.10.win32_1.0.200.202301161003/tools/bin/../lib/gcc/arm-none-eabi/10.3.1/../../../../arm-none-eabi/lib/thumb/v7e-m+dp/hard\libc_nano.a(lib_a-sbrkr.o)
                0x000000000800f164                _sbrk_r
 .text.__sread  0x000000000800f184       0x22 d:/archivos de programa/stm32cubeide_1.9.0/stm32cubeide/plugins/com.st.stm32cube.ide.mcu.externaltools.gnu-tools-for-stm32.10.3-2021.10.win32_1.0.200.202301161003/tools/bin/../lib/gcc/arm-none-eabi/10.3.1/../../../../arm-none-eabi/lib/thumb/v7e-m+dp/hard\libc_nano.a(lib_a-stdio.o)
                0x000000000800f184                __sread
 .text.__swrite
                0x000000000800f1a6       0x38 d:/archivos de programa/stm32cubeide_1.9.0/stm32cubeide/plugins/com.st.stm32cube.ide.mcu.externaltools.gnu-tools-for-stm32.10.3-2021.10.win32_1.0.200.202301161003/tools/bin/../lib/gcc/arm-none-eabi/10.3.1/../../../../arm-none-eabi/lib/thumb/v7e-m+dp/hard\libc_nano.a(lib_a-stdio.o)
                0x000000000800f1a6                __swrite
 .text.__sseek  0x000000000800f1de       0x24 d:/archivos de programa/stm32cubeide_1.9.0/stm32cubeide/plugins/com.st.stm32cube.ide.mcu.externaltools.gnu-tools-for-stm32.10.3-2021.10.win32_1.0.200.202301161003/tools/bin/../lib/gcc/arm-none-eabi/10.3.1/../../../../arm-none-eabi/lib/thumb/v7e-m+dp/hard\libc_nano.a(lib_a-stdio.o)
                0x000000000800f1de                __sseek
 .text.__sclose
                0x000000000800f202        0x8 d:/archivos de programa/stm32cubeide_1.9.0/stm32cubeide/plugins/com.st.stm32cube.ide.mcu.externaltools.gnu-tools-for-stm32.10.3-2021.10.win32_1.0.200.202301161003/tools/bin/../lib/gcc/arm-none-eabi/10.3.1/../../../../arm-none-eabi/lib/thumb/v7e-m+dp/hard\libc_nano.a(lib_a-stdio.o)
                0x000000000800f202                __sclose
 .text.sulp     0x000000000800f20a       0x34 d:/archivos de programa/stm32cubeide_1.9.0/stm32cubeide/plugins/com.st.stm32cube.ide.mcu.externaltools.gnu-tools-for-stm32.10.3-2021.10.win32_1.0.200.202301161003/tools/bin/../lib/gcc/arm-none-eabi/10.3.1/../../../../arm-none-eabi/lib/thumb/v7e-m+dp/hard\libc_nano.a(lib_a-strtod.o)
 *fill*         0x000000000800f23e        0x2 
 .text._strtod_l
                0x000000000800f240      0xb6c d:/archivos de programa/stm32cubeide_1.9.0/stm32cubeide/plugins/com.st.stm32cube.ide.mcu.externaltools.gnu-tools-for-stm32.10.3-2021.10.win32_1.0.200.202301161003/tools/bin/../lib/gcc/arm-none-eabi/10.3.1/../../../../arm-none-eabi/lib/thumb/v7e-m+dp/hard\libc_nano.a(lib_a-strtod.o)
                0x000000000800f240                _strtod_l
 .text.strtod   0x000000000800fdac       0x18 d:/archivos de programa/stm32cubeide_1.9.0/stm32cubeide/plugins/com.st.stm32cube.ide.mcu.externaltools.gnu-tools-for-stm32.10.3-2021.10.win32_1.0.200.202301161003/tools/bin/../lib/gcc/arm-none-eabi/10.3.1/../../../../arm-none-eabi/lib/thumb/v7e-m+dp/hard\libc_nano.a(lib_a-strtod.o)
                0x000000000800fdac                strtod
 .text._write_r
                0x000000000800fdc4       0x24 d:/archivos de programa/stm32cubeide_1.9.0/stm32cubeide/plugins/com.st.stm32cube.ide.mcu.externaltools.gnu-tools-for-stm32.10.3-2021.10.win32_1.0.200.202301161003/tools/bin/../lib/gcc/arm-none-eabi/10.3.1/../../../../arm-none-eabi/lib/thumb/v7e-m+dp/hard\libc_nano.a(lib_a-writer.o)
                0x000000000800fdc4                _write_r
 .text._close_r
                0x000000000800fde8       0x20 d:/archivos de programa/stm32cubeide_1.9.0/stm32cubeide/plugins/com.st.stm32cube.ide.mcu.externaltools.gnu-tools-for-stm32.10.3-2021.10.win32_1.0.200.202301161003/tools/bin/../lib/gcc/arm-none-eabi/10.3.1/../../../../arm-none-eabi/lib/thumb/v7e-m+dp/hard\libc_nano.a(lib_a-closer.o)
                0x000000000800fde8                _close_r
 .text.__sflags
                0x000000000800fe08       0x6c d:/archivos de programa/stm32cubeide_1.9.0/stm32cubeide/plugins/com.st.stm32cube.ide.mcu.externaltools.gnu-tools-for-stm32.10.3-2021.10.win32_1.0.200.202301161003/tools/bin/../lib/gcc/arm-none-eabi/10.3.1/../../../../arm-none-eabi/lib/thumb/v7e-m+dp/hard\libc_nano.a(lib_a-flags.o)
                0x000000000800fe08                __sflags
 .text._fstat_r
                0x000000000800fe74       0x24 d:/archivos de programa/stm32cubeide_1.9.0/stm32cubeide/plugins/com.st.stm32cube.ide.mcu.externaltools.gnu-tools-for-stm32.10.3-2021.10.win32_1.0.200.202301161003/tools/bin/../lib/gcc/arm-none-eabi/10.3.1/../../../../arm-none-eabi/lib/thumb/v7e-m+dp/hard\libc_nano.a(lib_a-fstatr.o)
                0x000000000800fe74                _fstat_r
 .text.rshift   0x000000000800fe98       0xa4 d:/archivos de programa/stm32cubeide_1.9.0/stm32cubeide/plugins/com.st.stm32cube.ide.mcu.externaltools.gnu-tools-for-stm32.10.3-2021.10.win32_1.0.200.202301161003/tools/bin/../lib/gcc/arm-none-eabi/10.3.1/../../../../arm-none-eabi/lib/thumb/v7e-m+dp/hard\libc_nano.a(lib_a-gdtoa-gethex.o)
 .text.__hexdig_fun
                0x000000000800ff3c       0x2a d:/archivos de programa/stm32cubeide_1.9.0/stm32cubeide/plugins/com.st.stm32cube.ide.mcu.externaltools.gnu-tools-for-stm32.10.3-2021.10.win32_1.0.200.202301161003/tools/bin/../lib/gcc/arm-none-eabi/10.3.1/../../../../arm-none-eabi/lib/thumb/v7e-m+dp/hard\libc_nano.a(lib_a-gdtoa-gethex.o)
                0x000000000800ff3c                __hexdig_fun
 *fill*         0x000000000800ff66        0x2 
 .text.__gethex
                0x000000000800ff68      0x48c d:/archivos de programa/stm32cubeide_1.9.0/stm32cubeide/plugins/com.st.stm32cube.ide.mcu.externaltools.gnu-tools-for-stm32.10.3-2021.10.win32_1.0.200.202301161003/tools/bin/../lib/gcc/arm-none-eabi/10.3.1/../../../../arm-none-eabi/lib/thumb/v7e-m+dp/hard\libc_nano.a(lib_a-gdtoa-gethex.o)
                0x000000000800ff68                __gethex
 .text.L_shift  0x00000000080103f4       0x24 d:/archivos de programa/stm32cubeide_1.9.0/stm32cubeide/plugins/com.st.stm32cube.ide.mcu.externaltools.gnu-tools-for-stm32.10.3-2021.10.win32_1.0.200.202301161003/tools/bin/../lib/gcc/arm-none-eabi/10.3.1/../../../../arm-none-eabi/lib/thumb/v7e-m+dp/hard\libc_nano.a(lib_a-gdtoa-hexnan.o)
 .text.__match  0x0000000008010418       0x28 d:/archivos de programa/stm32cubeide_1.9.0/stm32cubeide/plugins/com.st.stm32cube.ide.mcu.externaltools.gnu-tools-for-stm32.10.3-2021.10.win32_1.0.200.202301161003/tools/bin/../lib/gcc/arm-none-eabi/10.3.1/../../../../arm-none-eabi/lib/thumb/v7e-m+dp/hard\libc_nano.a(lib_a-gdtoa-hexnan.o)
                0x0000000008010418                __match
 .text.__hexnan
                0x0000000008010440      0x138 d:/archivos de programa/stm32cubeide_1.9.0/stm32cubeide/plugins/com.st.stm32cube.ide.mcu.externaltools.gnu-tools-for-stm32.10.3-2021.10.win32_1.0.200.202301161003/tools/bin/../lib/gcc/arm-none-eabi/10.3.1/../../../../arm-none-eabi/lib/thumb/v7e-m+dp/hard\libc_nano.a(lib_a-gdtoa-hexnan.o)
                0x0000000008010440                __hexnan
 .text._isatty_r
                0x0000000008010578       0x20 d:/archivos de programa/stm32cubeide_1.9.0/stm32cubeide/plugins/com.st.stm32cube.ide.mcu.externaltools.gnu-tools-for-stm32.10.3-2021.10.win32_1.0.200.202301161003/tools/bin/../lib/gcc/arm-none-eabi/10.3.1/../../../../arm-none-eabi/lib/thumb/v7e-m+dp/hard\libc_nano.a(lib_a-isattyr.o)
                0x0000000008010578                _isatty_r
 .text._lseek_r
                0x0000000008010598       0x24 d:/archivos de programa/stm32cubeide_1.9.0/stm32cubeide/plugins/com.st.stm32cube.ide.mcu.externaltools.gnu-tools-for-stm32.10.3-2021.10.win32_1.0.200.202301161003/tools/bin/../lib/gcc/arm-none-eabi/10.3.1/../../../../arm-none-eabi/lib/thumb/v7e-m+dp/hard\libc_nano.a(lib_a-lseekr.o)
                0x0000000008010598                _lseek_r
 .text.__ascii_mbtowc
                0x00000000080105bc       0x24 d:/archivos de programa/stm32cubeide_1.9.0/stm32cubeide/plugins/com.st.stm32cube.ide.mcu.externaltools.gnu-tools-for-stm32.10.3-2021.10.win32_1.0.200.202301161003/tools/bin/../lib/gcc/arm-none-eabi/10.3.1/../../../../arm-none-eabi/lib/thumb/v7e-m+dp/hard\libc_nano.a(lib_a-mbtowc_r.o)
                0x00000000080105bc                __ascii_mbtowc
 .text.__malloc_lock
                0x00000000080105e0        0xc d:/archivos de programa/stm32cubeide_1.9.0/stm32cubeide/plugins/com.st.stm32cube.ide.mcu.externaltools.gnu-tools-for-stm32.10.3-2021.10.win32_1.0.200.202301161003/tools/bin/../lib/gcc/arm-none-eabi/10.3.1/../../../../arm-none-eabi/lib/thumb/v7e-m+dp/hard\libc_nano.a(lib_a-mlock.o)
                0x00000000080105e0                __malloc_lock
 .text.__malloc_unlock
                0x00000000080105ec        0xc d:/archivos de programa/stm32cubeide_1.9.0/stm32cubeide/plugins/com.st.stm32cube.ide.mcu.externaltools.gnu-tools-for-stm32.10.3-2021.10.win32_1.0.200.202301161003/tools/bin/../lib/gcc/arm-none-eabi/10.3.1/../../../../arm-none-eabi/lib/thumb/v7e-m+dp/hard\libc_nano.a(lib_a-mlock.o)
                0x00000000080105ec                __malloc_unlock
 .text._Balloc  0x00000000080105f8       0x80 d:/archivos de programa/stm32cubeide_1.9.0/stm32cubeide/plugins/com.st.stm32cube.ide.mcu.externaltools.gnu-tools-for-stm32.10.3-2021.10.win32_1.0.200.202301161003/tools/bin/../lib/gcc/arm-none-eabi/10.3.1/../../../../arm-none-eabi/lib/thumb/v7e-m+dp/hard\libc_nano.a(lib_a-mprec.o)
                0x00000000080105f8                _Balloc
 .text._Bfree   0x0000000008010678       0x44 d:/archivos de programa/stm32cubeide_1.9.0/stm32cubeide/plugins/com.st.stm32cube.ide.mcu.externaltools.gnu-tools-for-stm32.10.3-2021.10.win32_1.0.200.202301161003/tools/bin/../lib/gcc/arm-none-eabi/10.3.1/../../../../arm-none-eabi/lib/thumb/v7e-m+dp/hard\libc_nano.a(lib_a-mprec.o)
                0x0000000008010678                _Bfree
 .text.__multadd
                0x00000000080106bc       0x8c d:/archivos de programa/stm32cubeide_1.9.0/stm32cubeide/plugins/com.st.stm32cube.ide.mcu.externaltools.gnu-tools-for-stm32.10.3-2021.10.win32_1.0.200.202301161003/tools/bin/../lib/gcc/arm-none-eabi/10.3.1/../../../../arm-none-eabi/lib/thumb/v7e-m+dp/hard\libc_nano.a(lib_a-mprec.o)
                0x00000000080106bc                __multadd
 .text.__s2b    0x0000000008010748       0x94 d:/archivos de programa/stm32cubeide_1.9.0/stm32cubeide/plugins/com.st.stm32cube.ide.mcu.externaltools.gnu-tools-for-stm32.10.3-2021.10.win32_1.0.200.202301161003/tools/bin/../lib/gcc/arm-none-eabi/10.3.1/../../../../arm-none-eabi/lib/thumb/v7e-m+dp/hard\libc_nano.a(lib_a-mprec.o)
                0x0000000008010748                __s2b
 .text.__hi0bits
                0x00000000080107dc       0x40 d:/archivos de programa/stm32cubeide_1.9.0/stm32cubeide/plugins/com.st.stm32cube.ide.mcu.externaltools.gnu-tools-for-stm32.10.3-2021.10.win32_1.0.200.202301161003/tools/bin/../lib/gcc/arm-none-eabi/10.3.1/../../../../arm-none-eabi/lib/thumb/v7e-m+dp/hard\libc_nano.a(lib_a-mprec.o)
                0x00000000080107dc                __hi0bits
 .text.__lo0bits
                0x000000000801081c       0x5e d:/archivos de programa/stm32cubeide_1.9.0/stm32cubeide/plugins/com.st.stm32cube.ide.mcu.externaltools.gnu-tools-for-stm32.10.3-2021.10.win32_1.0.200.202301161003/tools/bin/../lib/gcc/arm-none-eabi/10.3.1/../../../../arm-none-eabi/lib/thumb/v7e-m+dp/hard\libc_nano.a(lib_a-mprec.o)
                0x000000000801081c                __lo0bits
 *fill*         0x000000000801087a        0x2 
 .text.__i2b    0x000000000801087c       0x2c d:/archivos de programa/stm32cubeide_1.9.0/stm32cubeide/plugins/com.st.stm32cube.ide.mcu.externaltools.gnu-tools-for-stm32.10.3-2021.10.win32_1.0.200.202301161003/tools/bin/../lib/gcc/arm-none-eabi/10.3.1/../../../../arm-none-eabi/lib/thumb/v7e-m+dp/hard\libc_nano.a(lib_a-mprec.o)
                0x000000000801087c                __i2b
 .text.__multiply
                0x00000000080108a8      0x154 d:/archivos de programa/stm32cubeide_1.9.0/stm32cubeide/plugins/com.st.stm32cube.ide.mcu.externaltools.gnu-tools-for-stm32.10.3-2021.10.win32_1.0.200.202301161003/tools/bin/../lib/gcc/arm-none-eabi/10.3.1/../../../../arm-none-eabi/lib/thumb/v7e-m+dp/hard\libc_nano.a(lib_a-mprec.o)
                0x00000000080108a8                __multiply
 .text.__pow5mult
                0x00000000080109fc       0xb4 d:/archivos de programa/stm32cubeide_1.9.0/stm32cubeide/plugins/com.st.stm32cube.ide.mcu.externaltools.gnu-tools-for-stm32.10.3-2021.10.win32_1.0.200.202301161003/tools/bin/../lib/gcc/arm-none-eabi/10.3.1/../../../../arm-none-eabi/lib/thumb/v7e-m+dp/hard\libc_nano.a(lib_a-mprec.o)
                0x00000000080109fc                __pow5mult
 .text.__lshift
                0x0000000008010ab0       0xe0 d:/archivos de programa/stm32cubeide_1.9.0/stm32cubeide/plugins/com.st.stm32cube.ide.mcu.externaltools.gnu-tools-for-stm32.10.3-2021.10.win32_1.0.200.202301161003/tools/bin/../lib/gcc/arm-none-eabi/10.3.1/../../../../arm-none-eabi/lib/thumb/v7e-m+dp/hard\libc_nano.a(lib_a-mprec.o)
                0x0000000008010ab0                __lshift
 .text.__mcmp   0x0000000008010b90       0x38 d:/archivos de programa/stm32cubeide_1.9.0/stm32cubeide/plugins/com.st.stm32cube.ide.mcu.externaltools.gnu-tools-for-stm32.10.3-2021.10.win32_1.0.200.202301161003/tools/bin/../lib/gcc/arm-none-eabi/10.3.1/../../../../arm-none-eabi/lib/thumb/v7e-m+dp/hard\libc_nano.a(lib_a-mprec.o)
                0x0000000008010b90                __mcmp
 .text.__mdiff  0x0000000008010bc8      0x114 d:/archivos de programa/stm32cubeide_1.9.0/stm32cubeide/plugins/com.st.stm32cube.ide.mcu.externaltools.gnu-tools-for-stm32.10.3-2021.10.win32_1.0.200.202301161003/tools/bin/../lib/gcc/arm-none-eabi/10.3.1/../../../../arm-none-eabi/lib/thumb/v7e-m+dp/hard\libc_nano.a(lib_a-mprec.o)
                0x0000000008010bc8                __mdiff
 .text.__ulp    0x0000000008010cdc       0x58 d:/archivos de programa/stm32cubeide_1.9.0/stm32cubeide/plugins/com.st.stm32cube.ide.mcu.externaltools.gnu-tools-for-stm32.10.3-2021.10.win32_1.0.200.202301161003/tools/bin/../lib/gcc/arm-none-eabi/10.3.1/../../../../arm-none-eabi/lib/thumb/v7e-m+dp/hard\libc_nano.a(lib_a-mprec.o)
                0x0000000008010cdc                __ulp
 .text.__b2d    0x0000000008010d34       0xa0 d:/archivos de programa/stm32cubeide_1.9.0/stm32cubeide/plugins/com.st.stm32cube.ide.mcu.externaltools.gnu-tools-for-stm32.10.3-2021.10.win32_1.0.200.202301161003/tools/bin/../lib/gcc/arm-none-eabi/10.3.1/../../../../arm-none-eabi/lib/thumb/v7e-m+dp/hard\libc_nano.a(lib_a-mprec.o)
                0x0000000008010d34                __b2d
 .text.__d2b    0x0000000008010dd4       0xb8 d:/archivos de programa/stm32cubeide_1.9.0/stm32cubeide/plugins/com.st.stm32cube.ide.mcu.externaltools.gnu-tools-for-stm32.10.3-2021.10.win32_1.0.200.202301161003/tools/bin/../lib/gcc/arm-none-eabi/10.3.1/../../../../arm-none-eabi/lib/thumb/v7e-m+dp/hard\libc_nano.a(lib_a-mprec.o)
                0x0000000008010dd4                __d2b
 .text.__ratio  0x0000000008010e8c       0x60 d:/archivos de programa/stm32cubeide_1.9.0/stm32cubeide/plugins/com.st.stm32cube.ide.mcu.externaltools.gnu-tools-for-stm32.10.3-2021.10.win32_1.0.200.202301161003/tools/bin/../lib/gcc/arm-none-eabi/10.3.1/../../../../arm-none-eabi/lib/thumb/v7e-m+dp/hard\libc_nano.a(lib_a-mprec.o)
                0x0000000008010e8c                __ratio
 .text.__copybits
                0x0000000008010eec       0x46 d:/archivos de programa/stm32cubeide_1.9.0/stm32cubeide/plugins/com.st.stm32cube.ide.mcu.externaltools.gnu-tools-for-stm32.10.3-2021.10.win32_1.0.200.202301161003/tools/bin/../lib/gcc/arm-none-eabi/10.3.1/../../../../arm-none-eabi/lib/thumb/v7e-m+dp/hard\libc_nano.a(lib_a-mprec.o)
                0x0000000008010eec                __copybits
 .text.__any_on
                0x0000000008010f32       0x42 d:/archivos de programa/stm32cubeide_1.9.0/stm32cubeide/plugins/com.st.stm32cube.ide.mcu.externaltools.gnu-tools-for-stm32.10.3-2021.10.win32_1.0.200.202301161003/tools/bin/../lib/gcc/arm-none-eabi/10.3.1/../../../../arm-none-eabi/lib/thumb/v7e-m+dp/hard\libc_nano.a(lib_a-mprec.o)
                0x0000000008010f32                __any_on
 .text._calloc_r
                0x0000000008010f74       0x2c d:/archivos de programa/stm32cubeide_1.9.0/stm32cubeide/plugins/com.st.stm32cube.ide.mcu.externaltools.gnu-tools-for-stm32.10.3-2021.10.win32_1.0.200.202301161003/tools/bin/../lib/gcc/arm-none-eabi/10.3.1/../../../../arm-none-eabi/lib/thumb/v7e-m+dp/hard\libc_nano.a(lib_a-nano-callocr.o)
                0x0000000008010f74                _calloc_r
 .text._read_r  0x0000000008010fa0       0x24 d:/archivos de programa/stm32cubeide_1.9.0/stm32cubeide/plugins/com.st.stm32cube.ide.mcu.externaltools.gnu-tools-for-stm32.10.3-2021.10.win32_1.0.200.202301161003/tools/bin/../lib/gcc/arm-none-eabi/10.3.1/../../../../arm-none-eabi/lib/thumb/v7e-m+dp/hard\libc_nano.a(lib_a-readr.o)
                0x0000000008010fa0                _read_r
 *fill*         0x0000000008010fc4        0x4 
 .text.nan      0x0000000008010fc8       0x10 d:/archivos de programa/stm32cubeide_1.9.0/stm32cubeide/plugins/com.st.stm32cube.ide.mcu.externaltools.gnu-tools-for-stm32.10.3-2021.10.win32_1.0.200.202301161003/tools/bin/../lib/gcc/arm-none-eabi/10.3.1/../../../../arm-none-eabi/lib/thumb/v7e-m+dp/hard\libc_nano.a(lib_a-s_nan.o)
                0x0000000008010fc8                nan
 .text.strncmp  0x0000000008010fd8       0x28 d:/archivos de programa/stm32cubeide_1.9.0/stm32cubeide/plugins/com.st.stm32cube.ide.mcu.externaltools.gnu-tools-for-stm32.10.3-2021.10.win32_1.0.200.202301161003/tools/bin/../lib/gcc/arm-none-eabi/10.3.1/../../../../arm-none-eabi/lib/thumb/v7e-m+dp/hard\libc_nano.a(lib_a-strncmp.o)
                0x0000000008010fd8                strncmp
 .text.__ascii_wctomb
                0x0000000008011000       0x1a d:/archivos de programa/stm32cubeide_1.9.0/stm32cubeide/plugins/com.st.stm32cube.ide.mcu.externaltools.gnu-tools-for-stm32.10.3-2021.10.win32_1.0.200.202301161003/tools/bin/../lib/gcc/arm-none-eabi/10.3.1/../../../../arm-none-eabi/lib/thumb/v7e-m+dp/hard\libc_nano.a(lib_a-wctomb_r.o)
                0x0000000008011000                __ascii_wctomb
 *fill*         0x000000000801101a        0x2 
 .text.__assert_func
                0x000000000801101c       0x3c d:/archivos de programa/stm32cubeide_1.9.0/stm32cubeide/plugins/com.st.stm32cube.ide.mcu.externaltools.gnu-tools-for-stm32.10.3-2021.10.win32_1.0.200.202301161003/tools/bin/../lib/gcc/arm-none-eabi/10.3.1/../../../../arm-none-eabi/lib/thumb/v7e-m+dp/hard\libc_nano.a(lib_a-assert.o)
                0x000000000801101c                __assert_func
 .text.fprintf  0x0000000008011058       0x24 d:/archivos de programa/stm32cubeide_1.9.0/stm32cubeide/plugins/com.st.stm32cube.ide.mcu.externaltools.gnu-tools-for-stm32.10.3-2021.10.win32_1.0.200.202301161003/tools/bin/../lib/gcc/arm-none-eabi/10.3.1/../../../../arm-none-eabi/lib/thumb/v7e-m+dp/hard\libc_nano.a(lib_a-fprintf.o)
                0x0000000008011058                fiprintf
                0x0000000008011058                fprintf
 .text.malloc   0x000000000801107c       0x10 d:/archivos de programa/stm32cubeide_1.9.0/stm32cubeide/plugins/com.st.stm32cube.ide.mcu.externaltools.gnu-tools-for-stm32.10.3-2021.10.win32_1.0.200.202301161003/tools/bin/../lib/gcc/arm-none-eabi/10.3.1/../../../../arm-none-eabi/lib/thumb/v7e-m+dp/hard\libc_nano.a(lib_a-malloc.o)
                0x000000000801107c                malloc
 .text.__sfputc_r
                0x000000000801108c       0x2e d:/archivos de programa/stm32cubeide_1.9.0/stm32cubeide/plugins/com.st.stm32cube.ide.mcu.externaltools.gnu-tools-for-stm32.10.3-2021.10.win32_1.0.200.202301161003/tools/bin/../lib/gcc/arm-none-eabi/10.3.1/../../../../arm-none-eabi/lib/thumb/v7e-m+dp/hard\libc_nano.a(lib_a-nano-vfprintf.o)
 .text.__sfputs_r
                0x00000000080110ba       0x24 d:/archivos de programa/stm32cubeide_1.9.0/stm32cubeide/plugins/com.st.stm32cube.ide.mcu.externaltools.gnu-tools-for-stm32.10.3-2021.10.win32_1.0.200.202301161003/tools/bin/../lib/gcc/arm-none-eabi/10.3.1/../../../../arm-none-eabi/lib/thumb/v7e-m+dp/hard\libc_nano.a(lib_a-nano-vfprintf.o)
                0x00000000080110ba                __sfputs_r
 *fill*         0x00000000080110de        0x2 
 .text._vfprintf_r
                0x00000000080110e0      0x260 d:/archivos de programa/stm32cubeide_1.9.0/stm32cubeide/plugins/com.st.stm32cube.ide.mcu.externaltools.gnu-tools-for-stm32.10.3-2021.10.win32_1.0.200.202301161003/tools/bin/../lib/gcc/arm-none-eabi/10.3.1/../../../../arm-none-eabi/lib/thumb/v7e-m+dp/hard\libc_nano.a(lib_a-nano-vfprintf.o)
                0x00000000080110e0                _vfprintf_r
                0x00000000080110e0                _vfiprintf_r
 .text._printf_common
                0x0000000008011340       0xda d:/archivos de programa/stm32cubeide_1.9.0/stm32cubeide/plugins/com.st.stm32cube.ide.mcu.externaltools.gnu-tools-for-stm32.10.3-2021.10.win32_1.0.200.202301161003/tools/bin/../lib/gcc/arm-none-eabi/10.3.1/../../../../arm-none-eabi/lib/thumb/v7e-m+dp/hard\libc_nano.a(lib_a-nano-vfprintf_i.o)
                0x0000000008011340                _printf_common
 *fill*         0x000000000801141a        0x2 
 .text._printf_i
                0x000000000801141c      0x24c d:/archivos de programa/stm32cubeide_1.9.0/stm32cubeide/plugins/com.st.stm32cube.ide.mcu.externaltools.gnu-tools-for-stm32.10.3-2021.10.win32_1.0.200.202301161003/tools/bin/../lib/gcc/arm-none-eabi/10.3.1/../../../../arm-none-eabi/lib/thumb/v7e-m+dp/hard\libc_nano.a(lib_a-nano-vfprintf_i.o)
                0x000000000801141c                _printf_i
 .text.__swbuf_r
                0x0000000008011668       0xa4 d:/archivos de programa/stm32cubeide_1.9.0/stm32cubeide/plugins/com.st.stm32cube.ide.mcu.externaltools.gnu-tools-for-stm32.10.3-2021.10.win32_1.0.200.202301161003/tools/bin/../lib/gcc/arm-none-eabi/10.3.1/../../../../arm-none-eabi/lib/thumb/v7e-m+dp/hard\libc_nano.a(lib_a-wbuf.o)
                0x0000000008011668                __swbuf_r
 .text.__swsetup_r
                0x000000000801170c       0xdc d:/archivos de programa/stm32cubeide_1.9.0/stm32cubeide/plugins/com.st.stm32cube.ide.mcu.externaltools.gnu-tools-for-stm32.10.3-2021.10.win32_1.0.200.202301161003/tools/bin/../lib/gcc/arm-none-eabi/10.3.1/../../../../arm-none-eabi/lib/thumb/v7e-m+dp/hard\libc_nano.a(lib_a-wsetup.o)
                0x000000000801170c                __swsetup_r
 .text.abort    0x00000000080117e8        0xe d:/archivos de programa/stm32cubeide_1.9.0/stm32cubeide/plugins/com.st.stm32cube.ide.mcu.externaltools.gnu-tools-for-stm32.10.3-2021.10.win32_1.0.200.202301161003/tools/bin/../lib/gcc/arm-none-eabi/10.3.1/../../../../arm-none-eabi/lib/thumb/v7e-m+dp/hard\libc_nano.a(lib_a-abort.o)
                0x00000000080117e8                abort
 .text._raise_r
                0x00000000080117f6       0x50 d:/archivos de programa/stm32cubeide_1.9.0/stm32cubeide/plugins/com.st.stm32cube.ide.mcu.externaltools.gnu-tools-for-stm32.10.3-2021.10.win32_1.0.200.202301161003/tools/bin/../lib/gcc/arm-none-eabi/10.3.1/../../../../arm-none-eabi/lib/thumb/v7e-m+dp/hard\libc_nano.a(lib_a-signal.o)
                0x00000000080117f6                _raise_r
 *fill*         0x0000000008011846        0x2 
 .text.raise    0x0000000008011848       0x10 d:/archivos de programa/stm32cubeide_1.9.0/stm32cubeide/plugins/com.st.stm32cube.ide.mcu.externaltools.gnu-tools-for-stm32.10.3-2021.10.win32_1.0.200.202301161003/tools/bin/../lib/gcc/arm-none-eabi/10.3.1/../../../../arm-none-eabi/lib/thumb/v7e-m+dp/hard\libc_nano.a(lib_a-signal.o)
                0x0000000008011848                raise
 .text._kill_r  0x0000000008011858       0x24 d:/archivos de programa/stm32cubeide_1.9.0/stm32cubeide/plugins/com.st.stm32cube.ide.mcu.externaltools.gnu-tools-for-stm32.10.3-2021.10.win32_1.0.200.202301161003/tools/bin/../lib/gcc/arm-none-eabi/10.3.1/../../../../arm-none-eabi/lib/thumb/v7e-m+dp/hard\libc_nano.a(lib_a-signalr.o)
                0x0000000008011858                _kill_r
 .text._getpid_r
                0x000000000801187c        0x4 d:/archivos de programa/stm32cubeide_1.9.0/stm32cubeide/plugins/com.st.stm32cube.ide.mcu.externaltools.gnu-tools-for-stm32.10.3-2021.10.win32_1.0.200.202301161003/tools/bin/../lib/gcc/arm-none-eabi/10.3.1/../../../../arm-none-eabi/lib/thumb/v7e-m+dp/hard\libc_nano.a(lib_a-signalr.o)
                0x000000000801187c                _getpid_r
 .text.checkint
                0x0000000008011880       0x68 d:/archivos de programa/stm32cubeide_1.9.0/stm32cubeide/plugins/com.st.stm32cube.ide.mcu.externaltools.gnu-tools-for-stm32.10.3-2021.10.win32_1.0.200.202301161003/tools/bin/../lib/gcc/arm-none-eabi/10.3.1/../../../../arm-none-eabi/lib/thumb/v7e-m+dp/hard\libm.a(lib_a-pow.o)
 .text.pow      0x00000000080118e8      0x4a4 d:/archivos de programa/stm32cubeide_1.9.0/stm32cubeide/plugins/com.st.stm32cube.ide.mcu.externaltools.gnu-tools-for-stm32.10.3-2021.10.win32_1.0.200.202301161003/tools/bin/../lib/gcc/arm-none-eabi/10.3.1/../../../../arm-none-eabi/lib/thumb/v7e-m+dp/hard\libm.a(lib_a-pow.o)
                0x00000000080118e8                pow
 .text.asin     0x0000000008011d8c       0x58 d:/archivos de programa/stm32cubeide_1.9.0/stm32cubeide/plugins/com.st.stm32cube.ide.mcu.externaltools.gnu-tools-for-stm32.10.3-2021.10.win32_1.0.200.202301161003/tools/bin/../lib/gcc/arm-none-eabi/10.3.1/../../../../arm-none-eabi/lib/thumb/v7e-m+dp/hard\libm.a(lib_a-w_asin.o)
                0x0000000008011d8c                asin
 *fill*         0x0000000008011de4        0x4 
 .text.sqrt     0x0000000008011de8       0x40 d:/archivos de programa/stm32cubeide_1.9.0/stm32cubeide/plugins/com.st.stm32cube.ide.mcu.externaltools.gnu-tools-for-stm32.10.3-2021.10.win32_1.0.200.202301161003/tools/bin/../lib/gcc/arm-none-eabi/10.3.1/../../../../arm-none-eabi/lib/thumb/v7e-m+dp/hard\libm.a(lib_a-w_sqrt.o)
                0x0000000008011de8                sqrt
 .text.__ieee754_asin
                0x0000000008011e28      0x21c d:/archivos de programa/stm32cubeide_1.9.0/stm32cubeide/plugins/com.st.stm32cube.ide.mcu.externaltools.gnu-tools-for-stm32.10.3-2021.10.win32_1.0.200.202301161003/tools/bin/../lib/gcc/arm-none-eabi/10.3.1/../../../../arm-none-eabi/lib/thumb/v7e-m+dp/hard\libm.a(lib_a-e_asin.o)
                0x0000000008011e28                __ieee754_asin
 .text.__ieee754_sqrt
                0x0000000008012044        0x6 d:/archivos de programa/stm32cubeide_1.9.0/stm32cubeide/plugins/com.st.stm32cube.ide.mcu.externaltools.gnu-tools-for-stm32.10.3-2021.10.win32_1.0.200.202301161003/tools/bin/../lib/gcc/arm-none-eabi/10.3.1/../../../../arm-none-eabi/lib/thumb/v7e-m+dp/hard\libm.a(lib_a-e_sqrt.o)
                0x0000000008012044                __ieee754_sqrt
 .text.with_errno
                0x000000000801204a       0x16 d:/archivos de programa/stm32cubeide_1.9.0/stm32cubeide/plugins/com.st.stm32cube.ide.mcu.externaltools.gnu-tools-for-stm32.10.3-2021.10.win32_1.0.200.202301161003/tools/bin/../lib/gcc/arm-none-eabi/10.3.1/../../../../arm-none-eabi/lib/thumb/v7e-m+dp/hard\libm.a(lib_a-math_err.o)
 .text.xflow    0x0000000008012060       0x22 d:/archivos de programa/stm32cubeide_1.9.0/stm32cubeide/plugins/com.st.stm32cube.ide.mcu.externaltools.gnu-tools-for-stm32.10.3-2021.10.win32_1.0.200.202301161003/tools/bin/../lib/gcc/arm-none-eabi/10.3.1/../../../../arm-none-eabi/lib/thumb/v7e-m+dp/hard\libm.a(lib_a-math_err.o)
 *fill*         0x0000000008012082        0x6 
 .text.__math_uflow
                0x0000000008012088       0x10 d:/archivos de programa/stm32cubeide_1.9.0/stm32cubeide/plugins/com.st.stm32cube.ide.mcu.externaltools.gnu-tools-for-stm32.10.3-2021.10.win32_1.0.200.202301161003/tools/bin/../lib/gcc/arm-none-eabi/10.3.1/../../../../arm-none-eabi/lib/thumb/v7e-m+dp/hard\libm.a(lib_a-math_err.o)
                0x0000000008012088                __math_uflow
 .text.__math_oflow
                0x0000000008012098       0x10 d:/archivos de programa/stm32cubeide_1.9.0/stm32cubeide/plugins/com.st.stm32cube.ide.mcu.externaltools.gnu-tools-for-stm32.10.3-2021.10.win32_1.0.200.202301161003/tools/bin/../lib/gcc/arm-none-eabi/10.3.1/../../../../arm-none-eabi/lib/thumb/v7e-m+dp/hard\libm.a(lib_a-math_err.o)
                0x0000000008012098                __math_oflow
 .text.__math_divzero
                0x00000000080120a8       0x30 d:/archivos de programa/stm32cubeide_1.9.0/stm32cubeide/plugins/com.st.stm32cube.ide.mcu.externaltools.gnu-tools-for-stm32.10.3-2021.10.win32_1.0.200.202301161003/tools/bin/../lib/gcc/arm-none-eabi/10.3.1/../../../../arm-none-eabi/lib/thumb/v7e-m+dp/hard\libm.a(lib_a-math_err.o)
                0x00000000080120a8                __math_divzero
 .text.__math_invalid
                0x00000000080120d8       0x1e d:/archivos de programa/stm32cubeide_1.9.0/stm32cubeide/plugins/com.st.stm32cube.ide.mcu.externaltools.gnu-tools-for-stm32.10.3-2021.10.win32_1.0.200.202301161003/tools/bin/../lib/gcc/arm-none-eabi/10.3.1/../../../../arm-none-eabi/lib/thumb/v7e-m+dp/hard\libm.a(lib_a-math_err.o)
                0x00000000080120d8                __math_invalid
 .text.__math_check_uflow