Archive member included to satisfy reference by file (symbol)

c:/st/stm32cubeide_1.2.0/stm32cubeide/plugins/com.st.stm32cube.ide.mcu.externaltools.gnu-tools-for-stm32.7-2018-q2-update.win32_1.0.0.201904181610/tools/bin/../lib/gcc/arm-none-eabi/7.3.1/../../../../arm-none-eabi/lib/thumb/v7e-m/fpv5/hard\libc_nano.a(lib_a-errno.o)
                              Core/Src/syscalls.o (__errno)
c:/st/stm32cubeide_1.2.0/stm32cubeide/plugins/com.st.stm32cube.ide.mcu.externaltools.gnu-tools-for-stm32.7-2018-q2-update.win32_1.0.0.201904181610/tools/bin/../lib/gcc/arm-none-eabi/7.3.1/../../../../arm-none-eabi/lib/thumb/v7e-m/fpv5/hard\libc_nano.a(lib_a-exit.o)
                              c:/st/stm32cubeide_1.2.0/stm32cubeide/plugins/com.st.stm32cube.ide.mcu.externaltools.gnu-tools-for-stm32.7-2018-q2-update.win32_1.0.0.201904181610/tools/bin/../lib/gcc/arm-none-eabi/7.3.1/../../../../arm-none-eabi/lib/thumb/v7e-m/fpv5/hard/crt0.o (exit)
c:/st/stm32cubeide_1.2.0/stm32cubeide/plugins/com.st.stm32cube.ide.mcu.externaltools.gnu-tools-for-stm32.7-2018-q2-update.win32_1.0.0.201904181610/tools/bin/../lib/gcc/arm-none-eabi/7.3.1/../../../../arm-none-eabi/lib/thumb/v7e-m/fpv5/hard\libc_nano.a(lib_a-impure.o)
                              c:/st/stm32cubeide_1.2.0/stm32cubeide/plugins/com.st.stm32cube.ide.mcu.externaltools.gnu-tools-for-stm32.7-2018-q2-update.win32_1.0.0.201904181610/tools/bin/../lib/gcc/arm-none-eabi/7.3.1/../../../../arm-none-eabi/lib/thumb/v7e-m/fpv5/hard\libc_nano.a(lib_a-exit.o) (_global_impure_ptr)
c:/st/stm32cubeide_1.2.0/stm32cubeide/plugins/com.st.stm32cube.ide.mcu.externaltools.gnu-tools-for-stm32.7-2018-q2-update.win32_1.0.0.201904181610/tools/bin/../lib/gcc/arm-none-eabi/7.3.1/../../../../arm-none-eabi/lib/thumb/v7e-m/fpv5/hard\libc_nano.a(lib_a-init.o)
                              c:/st/stm32cubeide_1.2.0/stm32cubeide/plugins/com.st.stm32cube.ide.mcu.externaltools.gnu-tools-for-stm32.7-2018-q2-update.win32_1.0.0.201904181610/tools/bin/../lib/gcc/arm-none-eabi/7.3.1/../../../../arm-none-eabi/lib/thumb/v7e-m/fpv5/hard/crt0.o (__libc_init_array)
c:/st/stm32cubeide_1.2.0/stm32cubeide/plugins/com.st.stm32cube.ide.mcu.externaltools.gnu-tools-for-stm32.7-2018-q2-update.win32_1.0.0.201904181610/tools/bin/../lib/gcc/arm-none-eabi/7.3.1/../../../../arm-none-eabi/lib/thumb/v7e-m/fpv5/hard\libc_nano.a(lib_a-memcpy-stub.o)
                              Core/Src/trayectoria.o (memcpy)
c:/st/stm32cubeide_1.2.0/stm32cubeide/plugins/com.st.stm32cube.ide.mcu.externaltools.gnu-tools-for-stm32.7-2018-q2-update.win32_1.0.0.201904181610/tools/bin/../lib/gcc/arm-none-eabi/7.3.1/../../../../arm-none-eabi/lib/thumb/v7e-m/fpv5/hard\libc_nano.a(lib_a-memset.o)
                              c:/st/stm32cubeide_1.2.0/stm32cubeide/plugins/com.st.stm32cube.ide.mcu.externaltools.gnu-tools-for-stm32.7-2018-q2-update.win32_1.0.0.201904181610/tools/bin/../lib/gcc/arm-none-eabi/7.3.1/../../../../arm-none-eabi/lib/thumb/v7e-m/fpv5/hard/crt0.o (memset)
c:/st/stm32cubeide_1.2.0/stm32cubeide/plugins/com.st.stm32cube.ide.mcu.externaltools.gnu-tools-for-stm32.7-2018-q2-update.win32_1.0.0.201904181610/tools/bin/../lib/gcc/arm-none-eabi/7.3.1/../../../../arm-none-eabi/lib/thumb/v7e-m/fpv5/hard\libc_nano.a(lib_a-strtod.o)
                              Core/Src/interpretaComando.o (strtod)
c:/st/stm32cubeide_1.2.0/stm32cubeide/plugins/com.st.stm32cube.ide.mcu.externaltools.gnu-tools-for-stm32.7-2018-q2-update.win32_1.0.0.201904181610/tools/bin/../lib/gcc/arm-none-eabi/7.3.1/../../../../arm-none-eabi/lib/thumb/v7e-m/fpv5/hard\libc_nano.a(lib_a-gdtoa-gethex.o)
                              c:/st/stm32cubeide_1.2.0/stm32cubeide/plugins/com.st.stm32cube.ide.mcu.externaltools.gnu-tools-for-stm32.7-2018-q2-update.win32_1.0.0.201904181610/tools/bin/../lib/gcc/arm-none-eabi/7.3.1/../../../../arm-none-eabi/lib/thumb/v7e-m/fpv5/hard\libc_nano.a(lib_a-strtod.o) (__gethex)
c:/st/stm32cubeide_1.2.0/stm32cubeide/plugins/com.st.stm32cube.ide.mcu.externaltools.gnu-tools-for-stm32.7-2018-q2-update.win32_1.0.0.201904181610/tools/bin/../lib/gcc/arm-none-eabi/7.3.1/../../../../arm-none-eabi/lib/thumb/v7e-m/fpv5/hard\libc_nano.a(lib_a-gdtoa-hexnan.o)
                              c:/st/stm32cubeide_1.2.0/stm32cubeide/plugins/com.st.stm32cube.ide.mcu.externaltools.gnu-tools-for-stm32.7-2018-q2-update.win32_1.0.0.201904181610/tools/bin/../lib/gcc/arm-none-eabi/7.3.1/../../../../arm-none-eabi/lib/thumb/v7e-m/fpv5/hard\libc_nano.a(lib_a-strtod.o) (__match)
c:/st/stm32cubeide_1.2.0/stm32cubeide/plugins/com.st.stm32cube.ide.mcu.externaltools.gnu-tools-for-stm32.7-2018-q2-update.win32_1.0.0.201904181610/tools/bin/../lib/gcc/arm-none-eabi/7.3.1/../../../../arm-none-eabi/lib/thumb/v7e-m/fpv5/hard\libc_nano.a(lib_a-locale.o)
[...]
Memory Configuration

Name             Origin             Length             Attributes
DTCMRAM          0x0000000020000000 0x0000000000020000 xrw
ITCMRAM          0x0000000000000000 0x0000000000010000 xrw
RAM_D1           0x0000000024000000 0x0000000000080000 xrw
RAM_D2           0x0000000030000000 0x0000000000048000 xrw
RAM_D3           0x0000000038000000 0x0000000000010000 xrw
FLASH            0x0000000008000000 0x0000000000200000 xr
*default*        0x0000000000000000 0xffffffffffffffff

Linker script and memory map

LOAD c:/st/stm32cubeide_1.2.0/stm32cubeide/plugins/com.st.stm32cube.ide.mcu.externaltools.gnu-tools-for-stm32.7-2018-q2-update.win32_1.0.0.201904181610/tools/bin/../lib/gcc/arm-none-eabi/7.3.1/thumb/v7e-m/fpv5/hard/crti.o
LOAD c:/st/stm32cubeide_1.2.0/stm32cubeide/plugins/com.st.stm32cube.ide.mcu.externaltools.gnu-tools-for-stm32.7-2018-q2-update.win32_1.0.0.201904181610/tools/bin/../lib/gcc/arm-none-eabi/7.3.1/thumb/v7e-m/fpv5/hard/crtbegin.o
LOAD c:/st/stm32cubeide_1.2.0/stm32cubeide/plugins/com.st.stm32cube.ide.mcu.externaltools.gnu-tools-for-stm32.7-2018-q2-update.win32_1.0.0.201904181610/tools/bin/../lib/gcc/arm-none-eabi/7.3.1/../../../../arm-none-eabi/lib/thumb/v7e-m/fpv5/hard/crt0.o
LOAD Core/Src/debug.o
LOAD Core/Src/gpio.o
LOAD Core/Src/homing.o
LOAD Core/Src/interpretaComando.o
LOAD Core/Src/main.o
LOAD Core/Src/motor.o
LOAD Core/Src/stm32h7xx_hal_msp.o
LOAD Core/Src/stm32h7xx_it.o
LOAD Core/Src/syscalls.o
LOAD Core/Src/sysmem.o
LOAD Core/Src/system_stm32h7xx.o
LOAD Core/Src/tim.o
LOAD Core/Src/trayectoria.o
LOAD Core/Src/usart.o
LOAD Core/Startup/startup_stm32h743zitx.o
LOAD Drivers/STM32H7xx_HAL_Driver/Src/stm32h7xx_hal.o
LOAD Drivers/STM32H7xx_HAL_Driver/Src/stm32h7xx_hal_cortex.o
LOAD Drivers/STM32H7xx_HAL_Driver/Src/stm32h7xx_hal_dma.o
LOAD Drivers/STM32H7xx_HAL_Driver/Src/stm32h7xx_hal_dma_ex.o
LOAD Drivers/STM32H7xx_HAL_Driver/Src/stm32h7xx_hal_exti.o
LOAD Drivers/STM32H7xx_HAL_Driver/Src/stm32h7xx_hal_flash.o
LOAD Drivers/STM32H7xx_HAL_Driver/Src/stm32h7xx_hal_flash_ex.o
LOAD Drivers/STM32H7xx_HAL_Driver/Src/stm32h7xx_hal_gpio.o
LOAD Drivers/STM32H7xx_HAL_Driver/Src/stm32h7xx_hal_hsem.o
LOAD Drivers/STM32H7xx_HAL_Driver/Src/stm32h7xx_hal_i2c.o
LOAD Drivers/STM32H7xx_HAL_Driver/Src/stm32h7xx_hal_i2c_ex.o
LOAD Drivers/STM32H7xx_HAL_Driver/Src/stm32h7xx_hal_mdma.o
LOAD Drivers/STM32H7xx_HAL_Driver/Src/stm32h7xx_hal_pwr.o
LOAD Drivers/STM32H7xx_HAL_Driver/Src/stm32h7xx_hal_pwr_ex.o
LOAD Drivers/STM32H7xx_HAL_Driver/Src/stm32h7xx_hal_rcc.o
LOAD Drivers/STM32H7xx_HAL_Driver/Src/stm32h7xx_hal_rcc_ex.o
LOAD Drivers/STM32H7xx_HAL_Driver/Src/stm32h7xx_hal_tim.o
LOAD Drivers/STM32H7xx_HAL_Driver/Src/stm32h7xx_hal_tim_ex.o
LOAD Drivers/STM32H7xx_HAL_Driver/Src/stm32h7xx_hal_uart.o
LOAD Drivers/STM32H7xx_HAL_Driver/Src/stm32h7xx_hal_uart_ex.o
START GROUP
LOAD c:/st/stm32cubeide_1.2.0/stm32cubeide/plugins/com.st.stm32cube.ide.mcu.externaltools.gnu-tools-for-stm32.7-2018-q2-update.win32_1.0.0.201904181610/tools/bin/../lib/gcc/arm-none-eabi/7.3.1/../../../../arm-none-eabi/lib/thumb/v7e-m/fpv5/hard\libc_nano.a
LOAD c:/st/stm32cubeide_1.2.0/stm32cubeide/plugins/com.st.stm32cube.ide.mcu.externaltools.gnu-tools-for-stm32.7-2018-q2-update.win32_1.0.0.201904181610/tools/bin/../lib/gcc/arm-none-eabi/7.3.1/../../../../arm-none-eabi/lib/thumb/v7e-m/fpv5/hard\libm.a
END GROUP
START GROUP
LOAD c:/st/stm32cubeide_1.2.0/stm32cubeide/plugins/com.st.stm32cube.ide.mcu.externaltools.gnu-tools-for-stm32.7-2018-q2-update.win32_1.0.0.201904181610/tools/bin/../lib/gcc/arm-none-eabi/7.3.1/thumb/v7e-m/fpv5/hard\libgcc.a
LOAD c:/st/stm32cubeide_1.2.0/stm32cubeide/plugins/com.st.stm32cube.ide.mcu.externaltools.gnu-tools-for-stm32.7-2018-q2-update.win32_1.0.0.201904181610/tools/bin/../lib/gcc/arm-none-eabi/7.3.1/../../../../arm-none-eabi/lib/thumb/v7e-m/fpv5/hard\libc_nano.a
END GROUP
START GROUP
LOAD c:/st/stm32cubeide_1.2.0/stm32cubeide/plugins/com.st.stm32cube.ide.mcu.externaltools.gnu-tools-for-stm32.7-2018-q2-update.win32_1.0.0.201904181610/tools/bin/../lib/gcc/arm-none-eabi/7.3.1/thumb/v7e-m/fpv5/hard\libgcc.a
LOAD c:/st/stm32cubeide_1.2.0/stm32cubeide/plugins/com.st.stm32cube.ide.mcu.externaltools.gnu-tools-for-stm32.7-2018-q2-update.win32_1.0.0.201904181610/tools/bin/../lib/gcc/arm-none-eabi/7.3.1/../../../../arm-none-eabi/lib/thumb/v7e-m/fpv5/hard\libc_nano.a
LOAD c:/st/stm32cubeide_1.2.0/stm32cubeide/plugins/com.st.stm32cube.ide.mcu.externaltools.gnu-tools-for-stm32.7-2018-q2-update.win32_1.0.0.201904181610/tools/bin/../lib/gcc/arm-none-eabi/7.3.1/../../../../arm-none-eabi/lib/thumb/v7e-m/fpv5/hard\libnosys.a
END GROUP
START GROUP
LOAD c:/st/stm32cubeide_1.2.0/stm32cubeide/plugins/com.st.stm32cube.ide.mcu.externaltools.gnu-tools-for-stm32.7-2018-q2-update.win32_1.0.0.201904181610/tools/bin/../lib/gcc/arm-none-eabi/7.3.1/thumb/v7e-m/fpv5/hard\libgcc.a
LOAD c:/st/stm32cubeide_1.2.0/stm32cubeide/plugins/com.st.stm32cube.ide.mcu.externaltools.gnu-tools-for-stm32.7-2018-q2-update.win32_1.0.0.201904181610/tools/bin/../lib/gcc/arm-none-eabi/7.3.1/../../../../arm-none-eabi/lib/thumb/v7e-m/fpv5/hard\libc_nano.a
LOAD c:/st/stm32cubeide_1.2.0/stm32cubeide/plugins/com.st.stm32cube.ide.mcu.externaltools.gnu-tools-for-stm32.7-2018-q2-update.win32_1.0.0.201904181610/tools/bin/../lib/gcc/arm-none-eabi/7.3.1/../../../../arm-none-eabi/lib/thumb/v7e-m/fpv5/hard\libnosys.a
END GROUP
LOAD c:/st/stm32cubeide_1.2.0/stm32cubeide/plugins/com.st.stm32cube.ide.mcu.externaltools.gnu-tools-for-stm32.7-2018-q2-update.win32_1.0.0.201904181610/tools/bin/../lib/gcc/arm-none-eabi/7.3.1/thumb/v7e-m/fpv5/hard/crtend.o
LOAD c:/st/stm32cubeide_1.2.0/stm32cubeide/plugins/com.st.stm32cube.ide.mcu.externaltools.gnu-tools-for-stm32.7-2018-q2-update.win32_1.0.0.201904181610/tools/bin/../lib/gcc/arm-none-eabi/7.3.1/thumb/v7e-m/fpv5/hard/crtn.o
                0x0000000024080000                _estack = (ORIGIN (RAM_D1) + LENGTH (RAM_D1))
                0x0000000000000200                _Min_Heap_Size = 0x200
                0x0000000000000400                _Min_Stack_Size = 0x400

.isr_vector     0x0000000008000000      0x298
                0x0000000008000000                . = ALIGN (0x4)
 *(.isr_vector)
 .isr_vector    0x0000000008000000      0x298 Core/Startup/startup_stm32h743zitx.o
                0x0000000008000000                g_pfnVectors
                0x0000000008000298                . = ALIGN (0x4)

.text           0x0000000008000298    0x11294
                0x0000000008000298                . = ALIGN (0x4)
 *(.text)
 .text          0x0000000008000298       0x40 c:/st/stm32cubeide_1.2.0/stm32cubeide/plugins/com.st.stm32cube.ide.mcu.externaltools.gnu-tools-for-stm32.7-2018-q2-update.win32_1.0.0.201904181610/tools/bin/../lib/gcc/arm-none-eabi/7.3.1/thumb/v7e-m/fpv5/hard/crtbegin.o
 .text          0x00000000080002d8       0x10 c:/st/stm32cubeide_1.2.0/stm32cubeide/plugins/com.st.stm32cube.ide.mcu.externaltools.gnu-tools-for-stm32.7-2018-q2-update.win32_1.0.0.201904181610/tools/bin/../lib/gcc/arm-none-eabi/7.3.1/../../../../arm-none-eabi/lib/thumb/v7e-m/fpv5/hard\libc_nano.a(lib_a-strlen.o)
                0x00000000080002d8                strlen
 .text          0x00000000080002e8       0x30 c:/st/stm32cubeide_1.2.0/stm32cubeide/plugins/com.st.stm32cube.ide.mcu.externaltools.gnu-tools-for-stm32.7-2018-q2-update.win32_1.0.0.201904181610/tools/bin/../lib/gcc/arm-none-eabi/7.3.1/thumb/v7e-m/fpv5/hard\libgcc.a(_aeabi_uldivmod.o)
                0x00000000080002e8                __aeabi_uldivmod
 .text          0x0000000008000318      0x2cc c:/st/stm32cubeide_1.2.0/stm32cubeide/plugins/com.st.stm32cube.ide.mcu.externaltools.gnu-tools-for-stm32.7-2018-q2-update.win32_1.0.0.201904181610/tools/bin/../lib/gcc/arm-none-eabi/7.3.1/thumb/v7e-m/fpv5/hard\libgcc.a(_udivmoddi4.o)
                0x0000000008000318                __udivmoddi4
 .text          0x00000000080005e4        0x4 c:/st/stm32cubeide_1.2.0/stm32cubeide/plugins/com.st.stm32cube.ide.mcu.externaltools.gnu-tools-for-stm32.7-2018-q2-update.win32_1.0.0.201904181610/tools/bin/../lib/gcc/arm-none-eabi/7.3.1/thumb/v7e-m/fpv5/hard\libgcc.a(_dvmd_tls.o)
                0x00000000080005e4                __aeabi_idiv0
                0x00000000080005e4                __aeabi_ldiv0
 *(.text*)
 .text.MX_GPIO_Init
                0x00000000080005e8      0x1fc Core/Src/gpio.o
                0x00000000080005e8                MX_GPIO_Init
 *fill*         0x00000000080007e4        0x4 
 .text.homingAprox
                0x00000000080007e8      0x410 Core/Src/homing.o
                0x00000000080007e8                homingAprox
 .text.homingArm1
                0x0000000008000bf8      0x1cc Core/Src/homing.o
                0x0000000008000bf8                homingArm1
 *fill*         0x0000000008000dc4        0x4 
 .text.homingArm2
                0x0000000008000dc8      0x218 Core/Src/homing.o
                0x0000000008000dc8                homingArm2
 .text.homingArm3
                0x0000000008000fe0      0x1d4 Core/Src/homing.o
                0x0000000008000fe0                homingArm3
 .text.interpretaComando
                0x00000000080011b4      0x4c4 Core/Src/interpretaComando.o
                0x00000000080011b4                interpretaComando
 .text.main     0x0000000008001678      0x300 Core/Src/main.o
                0x0000000008001678                main
 .text.SystemClock_Config
                0x0000000008001978      0x16c Core/Src/main.o
                0x0000000008001978                SystemClock_Config
 .text.HAL_GPIO_EXTI_Callback
                0x0000000008001ae4       0x34 Core/Src/main.o
                0x0000000008001ae4                HAL_GPIO_EXTI_Callback
 .text.HAL_UART_RxCpltCallback
                0x0000000008001b18       0xc4 Core/Src/main.o
                0x0000000008001b18                HAL_UART_RxCpltCallback
 .text.HAL_UART_TxCpltCallback
                0x0000000008001bdc       0x16 Core/Src/main.o
                0x0000000008001bdc                HAL_UART_TxCpltCallback
 *fill*         0x0000000008001bf2        0x2 
 .text.HAL_TIM_IC_CaptureCallback
                0x0000000008001bf4       0xf4 Core/Src/main.o
                0x0000000008001bf4                HAL_TIM_IC_CaptureCallback
 .text.HAL_TIM_PeriodElapsedCallback
                0x0000000008001ce8      0x2b8 Core/Src/main.o
                0x0000000008001ce8                HAL_TIM_PeriodElapsedCallback
 .text.Error_Handler
                0x0000000008001fa0        0xe Core/Src/main.o
                0x0000000008001fa0                Error_Handler
 *fill*         0x0000000008001fae        0x2 
 .text.configStepMotor1
                0x0000000008001fb0      0x17c Core/Src/motor.o
                0x0000000008001fb0                configStepMotor1
 *fill*         0x000000000800212c        0x4 
 .text.configStepMotor2
                0x0000000008002130      0x17c Core/Src/motor.o
                0x0000000008002130                configStepMotor2
 *fill*         0x00000000080022ac        0x4 
 .text.configStepMotor3
                0x00000000080022b0      0x17c Core/Src/motor.o
                0x00000000080022b0                configStepMotor3
 .text.HAL_MspInit
                0x000000000800242c       0x48 Core/Src/stm32h7xx_hal_msp.o
                0x000000000800242c                HAL_MspInit
 .text.NMI_Handler
                0x0000000008002474        0xe Core/Src/stm32h7xx_it.o
                0x0000000008002474                NMI_Handler
 .text.HardFault_Handler
                0x0000000008002482        0x6 Core/Src/stm32h7xx_it.o
                0x0000000008002482                HardFault_Handler
 .text.MemManage_Handler
                0x0000000008002488        0x6 Core/Src/stm32h7xx_it.o
                0x0000000008002488                MemManage_Handler
 .text.BusFault_Handler
                0x000000000800248e        0x6 Core/Src/stm32h7xx_it.o
                0x000000000800248e                BusFault_Handler
 .text.UsageFault_Handler
                0x0000000008002494        0x6 Core/Src/stm32h7xx_it.o
                0x0000000008002494                UsageFault_Handler
 .text.SVC_Handler
                0x000000000800249a        0xe Core/Src/stm32h7xx_it.o
                0x000000000800249a                SVC_Handler
 .text.DebugMon_Handler
                0x00000000080024a8        0xe Core/Src/stm32h7xx_it.o
                0x00000000080024a8                DebugMon_Handler
 .text.PendSV_Handler
                0x00000000080024b6        0xe Core/Src/stm32h7xx_it.o
                0x00000000080024b6                PendSV_Handler
 .text.SysTick_Handler
                0x00000000080024c4        0xc Core/Src/stm32h7xx_it.o
                0x00000000080024c4                SysTick_Handler
 .text.EXTI0_IRQHandler
                0x00000000080024d0        0xe Core/Src/stm32h7xx_it.o
                0x00000000080024d0                EXTI0_IRQHandler
 .text.EXTI1_IRQHandler
                0x00000000080024de        0xe Core/Src/stm32h7xx_it.o
                0x00000000080024de                EXTI1_IRQHandler
 .text.EXTI2_IRQHandler
                0x00000000080024ec        0xe Core/Src/stm32h7xx_it.o
                0x00000000080024ec                EXTI2_IRQHandler
 .text.EXTI3_IRQHandler
                0x00000000080024fa        0xe Core/Src/stm32h7xx_it.o
                0x00000000080024fa                EXTI3_IRQHandler
 .text.EXTI4_IRQHandler
                0x0000000008002508        0xe Core/Src/stm32h7xx_it.o
                0x0000000008002508                EXTI4_IRQHandler
 .text.EXTI9_5_IRQHandler
                0x0000000008002516        0xe Core/Src/stm32h7xx_it.o
                0x0000000008002516                EXTI9_5_IRQHandler
 .text.TIM2_IRQHandler
                0x0000000008002524       0x14 Core/Src/stm32h7xx_it.o
                0x0000000008002524                TIM2_IRQHandler
 .text.TIM3_IRQHandler
                0x0000000008002538       0x14 Core/Src/stm32h7xx_it.o
                0x0000000008002538                TIM3_IRQHandler
 .text.TIM4_IRQHandler
                0x000000000800254c       0x14 Core/Src/stm32h7xx_it.o
                0x000000000800254c                TIM4_IRQHandler
 .text.USART3_IRQHandler
                0x0000000008002560       0x14 Core/Src/stm32h7xx_it.o
                0x0000000008002560                USART3_IRQHandler
 .text.EXTI15_10_IRQHandler
                0x0000000008002574       0x10 Core/Src/stm32h7xx_it.o
                0x0000000008002574                EXTI15_10_IRQHandler
 .text.FPU_IRQHandler
                0x0000000008002584        0xe Core/Src/stm32h7xx_it.o
                0x0000000008002584                FPU_IRQHandler
 *fill*         0x0000000008002592        0x2 
 .text.TIM15_IRQHandler
                0x0000000008002594       0x14 Core/Src/stm32h7xx_it.o
                0x0000000008002594                TIM15_IRQHandler
 .text._sbrk    0x00000000080025a8       0x58 Core/Src/sysmem.o
                0x00000000080025a8                _sbrk
 .text.SystemInit
                0x0000000008002600       0xc4 Core/Src/system_stm32h7xx.o
                0x0000000008002600                SystemInit
 .text.MX_TIM2_Init
                0x00000000080026c4       0xe0 Core/Src/tim.o
                0x00000000080026c4                MX_TIM2_Init
 .text.MX_TIM3_Init
                0x00000000080027a4       0xe4 Core/Src/tim.o
                0x00000000080027a4                MX_TIM3_Init
 .text.MX_TIM4_Init
                0x0000000008002888       0xe4 Core/Src/tim.o
                0x0000000008002888                MX_TIM4_Init
 .text.MX_TIM5_Init
                0x000000000800296c       0xa0 Core/Src/tim.o
                0x000000000800296c                MX_TIM5_Init
 .text.MX_TIM12_Init
                0x0000000008002a0c       0xc8 Core/Src/tim.o
                0x0000000008002a0c                MX_TIM12_Init
 .text.MX_TIM13_Init
                0x0000000008002ad4       0xa0 Core/Src/tim.o
                0x0000000008002ad4                MX_TIM13_Init
 .text.MX_TIM14_Init
                0x0000000008002b74       0xa0 Core/Src/tim.o
                0x0000000008002b74                MX_TIM14_Init
 .text.MX_TIM15_Init
                0x0000000008002c14       0xa4 Core/Src/tim.o
                0x0000000008002c14                MX_TIM15_Init
 .text.HAL_TIM_Base_MspInit
                0x0000000008002cb8      0x294 Core/Src/tim.o
                0x0000000008002cb8                HAL_TIM_Base_MspInit
 .text.HAL_TIM_MspPostInit
                0x0000000008002f4c      0x11c Core/Src/tim.o
                0x0000000008002f4c                HAL_TIM_MspPostInit
 .text.inicializarTrayectoria
                0x0000000008003068      0xb4c Core/Src/trayectoria.o
                0x0000000008003068                inicializarTrayectoria
 .text.obtenerVelCurva
                0x0000000008003bb4      0x728 Core/Src/trayectoria.o
                0x0000000008003bb4                obtenerVelCurva
 *fill*         0x00000000080042dc        0x4 
 .text.cinematicaInversa
                0x00000000080042e0     0x14ec Core/Src/trayectoria.o
                0x00000000080042e0                cinematicaInversa
 .text.transpuesta
                0x00000000080057cc       0x7a Core/Src/trayectoria.o
                0x00000000080057cc                transpuesta
 .text.productDot
                0x0000000008005846       0x64 Core/Src/trayectoria.o
                0x0000000008005846                productDot
 .text.determinante
                0x00000000080058aa       0x3e Core/Src/trayectoria.o
                0x00000000080058aa                determinante
 .text.adjunta  0x00000000080058e8      0x1ba Core/Src/trayectoria.o
                0x00000000080058e8                adjunta
 .text.inversa  0x0000000008005aa2       0xe0 Core/Src/trayectoria.o
                0x0000000008005aa2                inversa
 .text.productMatriz
                0x0000000008005b82       0xca Core/Src/trayectoria.o
                0x0000000008005b82                productMatriz
 *fill*         0x0000000008005c4c        0x4 
 .text.jacobianoInverso
                0x0000000008005c50      0x654 Core/Src/trayectoria.o
                0x0000000008005c50                jacobianoInverso
 *fill*         0x00000000080062a4        0x4 
 .text.SetPerfilTimers
                0x00000000080062a8      0x57c Core/Src/trayectoria.o
                0x00000000080062a8                SetPerfilTimers
 .text.MX_USART1_UART_Init
                0x0000000008006824       0x98 Core/Src/usart.o
                0x0000000008006824                MX_USART1_UART_Init
 .text.MX_USART2_UART_Init
                0x00000000080068bc       0x98 Core/Src/usart.o
                0x00000000080068bc                MX_USART2_UART_Init
 .text.MX_USART3_UART_Init
                0x0000000008006954       0x98 Core/Src/usart.o
                0x0000000008006954                MX_USART3_UART_Init
 .text.HAL_UART_MspInit
                0x00000000080069ec      0x1c8 Core/Src/usart.o
                0x00000000080069ec                HAL_UART_MspInit
 .text.Reset_Handler
                0x0000000008006bb4       0x50 Core/Startup/startup_stm32h743zitx.o
                0x0000000008006bb4                Reset_Handler
 .text.Default_Handler
                0x0000000008006c04        0x2 Core/Startup/startup_stm32h743zitx.o
                0x0000000008006c04                RTC_Alarm_IRQHandler
                0x0000000008006c04                TIM8_CC_IRQHandler
                0x0000000008006c04                HRTIM1_Master_IRQHandler
                0x0000000008006c04                UART8_IRQHandler
                0x0000000008006c04                SPI4_IRQHandler
                0x0000000008006c04                TIM1_CC_IRQHandler
                0x0000000008006c04                BDMA_Channel6_IRQHandler
                0x0000000008006c04                DMA2_Stream5_IRQHandler
                0x0000000008006c04                HRTIM1_FLT_IRQHandler
                0x0000000008006c04                JPEG_IRQHandler
                0x0000000008006c04                DMA1_Stream5_IRQHandler
                0x0000000008006c04                BDMA_Channel1_IRQHandler
                0x0000000008006c04                HRTIM1_TIMD_IRQHandler
                0x0000000008006c04                TAMP_STAMP_IRQHandler
                0x0000000008006c04                LPTIM4_IRQHandler
                0x0000000008006c04                TIM8_TRG_COM_TIM14_IRQHandler
                0x0000000008006c04                LPTIM2_IRQHandler
                0x0000000008006c04                DFSDM1_FLT1_IRQHandler
                0x0000000008006c04                DMAMUX2_OVR_IRQHandler
                0x0000000008006c04                TIM8_UP_TIM13_IRQHandler
                0x0000000008006c04                I2C3_ER_IRQHandler
                0x0000000008006c04                DFSDM1_FLT2_IRQHandler
                0x0000000008006c04                MDMA_IRQHandler
                0x0000000008006c04                LPTIM3_IRQHandler
                0x0000000008006c04                HSEM1_IRQHandler
                0x0000000008006c04                I2C2_EV_IRQHandler
                0x0000000008006c04                DMA1_Stream2_IRQHandler
                0x0000000008006c04                OTG_HS_WKUP_IRQHandler
                0x0000000008006c04                FDCAN1_IT1_IRQHandler
                0x0000000008006c04                LTDC_ER_IRQHandler
                0x0000000008006c04                DMA2_Stream2_IRQHandler
                0x0000000008006c04                HRTIM1_TIME_IRQHandler
                0x0000000008006c04                SPI1_IRQHandler
                0x0000000008006c04                TIM6_DAC_IRQHandler
                0x0000000008006c04                DCMI_IRQHandler
                0x0000000008006c04                HRTIM1_TIMC_IRQHandler
                0x0000000008006c04                DMA2_Stream3_IRQHandler
                0x0000000008006c04                SAI2_IRQHandler
                0x0000000008006c04                DFSDM1_FLT3_IRQHandler
                0x0000000008006c04                USART6_IRQHandler
                0x0000000008006c04                TIM17_IRQHandler
                0x0000000008006c04                BDMA_Channel7_IRQHandler
                0x0000000008006c04                LPTIM5_IRQHandler
                0x0000000008006c04                UART5_IRQHandler
                0x0000000008006c04                ADC3_IRQHandler
                0x0000000008006c04                DMA2_Stream0_IRQHandler
                0x0000000008006c04                BDMA_Channel2_IRQHandler
                0x0000000008006c04                QUADSPI_IRQHandler
                0x0000000008006c04                I2C1_EV_IRQHandler
                0x0000000008006c04                DMA1_Stream6_IRQHandler
                0x0000000008006c04                DMAMUX1_OVR_IRQHandler
                0x0000000008006c04                DMA1_Stream1_IRQHandler
                0x0000000008006c04                TIM16_IRQHandler
                0x0000000008006c04                UART4_IRQHandler
                0x0000000008006c04                BDMA_Channel5_IRQHandler
                0x0000000008006c04                RCC_IRQHandler
                0x0000000008006c04                TIM8_BRK_TIM12_IRQHandler
                0x0000000008006c04                TIM1_TRG_COM_IRQHandler
                0x0000000008006c04                Default_Handler
                0x0000000008006c04                ECC_IRQHandler
                0x0000000008006c04                CEC_IRQHandler
                0x0000000008006c04                BDMA_Channel0_IRQHandler
                0x0000000008006c04                ADC_IRQHandler
                0x0000000008006c04                DMA1_Stream7_IRQHandler
                0x0000000008006c04                HRTIM1_TIMA_IRQHandler
                0x0000000008006c04                SPI5_IRQHandler
                0x0000000008006c04                TIM7_IRQHandler
                0x0000000008006c04                SDMMC1_IRQHandler
                0x0000000008006c04                TIM5_IRQHandler
                0x0000000008006c04                DMA2_Stream7_IRQHandler
                0x0000000008006c04                PVD_AVD_IRQHandler
                0x0000000008006c04                I2C3_EV_IRQHandler
                0x0000000008006c04                RTC_WKUP_IRQHandler
                0x0000000008006c04                LTDC_IRQHandler
                0x0000000008006c04                SAI3_IRQHandler
                0x0000000008006c04                ETH_WKUP_IRQHandler
                0x0000000008006c04                SPDIF_RX_IRQHandler
                0x0000000008006c04                SPI2_IRQHandler
                0x0000000008006c04                OTG_HS_EP1_IN_IRQHandler
                0x0000000008006c04                DMA1_Stream0_IRQHandler
                0x0000000008006c04                CRS_IRQHandler
                0x0000000008006c04                RNG_IRQHandler
                0x0000000008006c04                HRTIM1_TIMB_IRQHandler
                0x0000000008006c04                FDCAN2_IT1_IRQHandler
                0x0000000008006c04                ETH_IRQHandler
                0x0000000008006c04                TIM1_UP_IRQHandler
                0x0000000008006c04                BDMA_Channel4_IRQHandler
                0x0000000008006c04                OTG_HS_EP1_OUT_IRQHandler
                0x0000000008006c04                WWDG_IRQHandler
                0x0000000008006c04                SPI6_IRQHandler
                0x0000000008006c04                MDIOS_IRQHandler
                0x0000000008006c04                I2C4_EV_IRQHandler
                0x0000000008006c04                FDCAN2_IT0_IRQHandler
                0x0000000008006c04                LPUART1_IRQHandler
                0x0000000008006c04                FDCAN1_IT0_IRQHandler
                0x0000000008006c04                OTG_FS_WKUP_IRQHandler
                0x0000000008006c04                OTG_HS_IRQHandler
                0x0000000008006c04                DMA2D_IRQHandler
                0x0000000008006c04                TIM1_BRK_IRQHandler
                0x0000000008006c04                SDMMC2_IRQHandler
                0x0000000008006c04                OTG_FS_EP1_OUT_IRQHandler
                0x0000000008006c04                BDMA_Channel3_IRQHandler
                0x0000000008006c04                UART7_IRQHandler
                0x0000000008006c04                MDIOS_WKUP_IRQHandler
                0x0000000008006c04                USART2_IRQHandler
                0x0000000008006c04                DFSDM1_FLT0_IRQHandler
                0x0000000008006c04                SAI4_IRQHandler
                0x0000000008006c04                I2C2_ER_IRQHandler
                0x0000000008006c04                DMA2_Stream1_IRQHandler
                0x0000000008006c04                FLASH_IRQHandler
                0x0000000008006c04                DMA2_Stream4_IRQHandler
                0x0000000008006c04                USART1_IRQHandler
                0x0000000008006c04                OTG_FS_IRQHandler
                0x0000000008006c04                SPI3_IRQHandler
                0x0000000008006c04                WAKEUP_PIN_IRQHandler
                0x0000000008006c04                DMA1_Stream4_IRQHandler
                0x0000000008006c04                OTG_FS_EP1_IN_IRQHandler
                0x0000000008006c04                I2C1_ER_IRQHandler
                0x0000000008006c04                FMC_IRQHandler
                0x0000000008006c04                FDCAN_CAL_IRQHandler
                0x0000000008006c04                SWPMI1_IRQHandler
                0x0000000008006c04                COMP1_IRQHandler
                0x0000000008006c04                LPTIM1_IRQHandler
                0x0000000008006c04                I2C4_ER_IRQHandler
                0x0000000008006c04                DMA2_Stream6_IRQHandler
                0x0000000008006c04                SAI1_IRQHandler
                0x0000000008006c04                DMA1_Stream3_IRQHandler
 *fill*         0x0000000008006c06        0x2 
 .text.HAL_Init
                0x0000000008006c08       0x70 Drivers/STM32H7xx_HAL_Driver/Src/stm32h7xx_hal.o
                0x0000000008006c08                HAL_Init
 .text.HAL_InitTick
                0x0000000008006c78       0x6c Drivers/STM32H7xx_HAL_Driver/Src/stm32h7xx_hal.o
                0x0000000008006c78                HAL_InitTick
 .text.HAL_IncTick
                0x0000000008006ce4       0x28 Drivers/STM32H7xx_HAL_Driver/Src/stm32h7xx_hal.o
                0x0000000008006ce4                HAL_IncTick
 .text.HAL_GetTick
                0x0000000008006d0c       0x18 Drivers/STM32H7xx_HAL_Driver/Src/stm32h7xx_hal.o
                0x0000000008006d0c                HAL_GetTick
 .text.HAL_Delay
                0x0000000008006d24       0x44 Drivers/STM32H7xx_HAL_Driver/Src/stm32h7xx_hal.o
                0x0000000008006d24                HAL_Delay
 .text.HAL_GetREVID
                0x0000000008006d68       0x18 Drivers/STM32H7xx_HAL_Driver/Src/stm32h7xx_hal.o
                0x0000000008006d68                HAL_GetREVID
 .text.__NVIC_SetPriorityGrouping
                0x0000000008006d80       0x48 Drivers/STM32H7xx_HAL_Driver/Src/stm32h7xx_hal_cortex.o
 .text.__NVIC_GetPriorityGrouping
                0x0000000008006dc8       0x1c Drivers/STM32H7xx_HAL_Driver/Src/stm32h7xx_hal_cortex.o
 .text.__NVIC_EnableIRQ
                0x0000000008006de4       0x3c Drivers/STM32H7xx_HAL_Driver/Src/stm32h7xx_hal_cortex.o
 .text.__NVIC_DisableIRQ
                0x0000000008006e20       0x44 Drivers/STM32H7xx_HAL_Driver/Src/stm32h7xx_hal_cortex.o
 .text.__NVIC_SetPriority
                0x0000000008006e64       0x54 Drivers/STM32H7xx_HAL_Driver/Src/stm32h7xx_hal_cortex.o
 .text.NVIC_EncodePriority
                0x0000000008006eb8       0x66 Drivers/STM32H7xx_HAL_Driver/Src/stm32h7xx_hal_cortex.o
 *fill*         0x0000000008006f1e        0x2 
 .text.SysTick_Config
                0x0000000008006f20       0x44 Drivers/STM32H7xx_HAL_Driver/Src/stm32h7xx_hal_cortex.o
 .text.HAL_NVIC_SetPriorityGrouping
                0x0000000008006f64       0x16 Drivers/STM32H7xx_HAL_Driver/Src/stm32h7xx_hal_cortex.o
                0x0000000008006f64                HAL_NVIC_SetPriorityGrouping
 .text.HAL_NVIC_SetPriority
                0x0000000008006f7a       0x34 Drivers/STM32H7xx_HAL_Driver/Src/stm32h7xx_hal_cortex.o
                0x0000000008006f7a                HAL_NVIC_SetPriority
 .text.HAL_NVIC_EnableIRQ
                0x0000000008006fae       0x1c Drivers/STM32H7xx_HAL_Driver/Src/stm32h7xx_hal_cortex.o
                0x0000000008006fae                HAL_NVIC_EnableIRQ
 .text.HAL_NVIC_DisableIRQ
                0x0000000008006fca       0x1c Drivers/STM32H7xx_HAL_Driver/Src/stm32h7xx_hal_cortex.o
                0x0000000008006fca                HAL_NVIC_DisableIRQ
 .text.HAL_SYSTICK_Config
                0x0000000008006fe6       0x18 Drivers/STM32H7xx_HAL_Driver/Src/stm32h7xx_hal_cortex.o
                0x0000000008006fe6                HAL_SYSTICK_Config
 *fill*         0x0000000008006ffe        0x2 
 .text.HAL_DMA_Abort_IT
                0x0000000008007000      0x488 Drivers/STM32H7xx_HAL_Driver/Src/stm32h7xx_hal_dma.o
                0x0000000008007000                HAL_DMA_Abort_IT
 .text.HAL_GPIO_Init
                0x0000000008007488      0x360 Drivers/STM32H7xx_HAL_Driver/Src/stm32h7xx_hal_gpio.o
                0x0000000008007488                HAL_GPIO_Init
 .text.HAL_GPIO_ReadPin
                0x00000000080077e8       0x30 Drivers/STM32H7xx_HAL_Driver/Src/stm32h7xx_hal_gpio.o
                0x00000000080077e8                HAL_GPIO_ReadPin
 .text.HAL_GPIO_WritePin
                0x0000000008007818       0x32 Drivers/STM32H7xx_HAL_Driver/Src/stm32h7xx_hal_gpio.o
                0x0000000008007818                HAL_GPIO_WritePin
 .text.HAL_GPIO_EXTI_IRQHandler
                0x000000000800784a       0x34 Drivers/STM32H7xx_HAL_Driver/Src/stm32h7xx_hal_gpio.o
                0x000000000800784a                HAL_GPIO_EXTI_IRQHandler
 *fill*         0x000000000800787e        0x2 
 .text.HAL_PWREx_ConfigSupply
                0x0000000008007880       0x74 Drivers/STM32H7xx_HAL_Driver/Src/stm32h7xx_hal_pwr_ex.o
                0x0000000008007880                HAL_PWREx_ConfigSupply
 .text.HAL_RCC_OscConfig
                0x00000000080078f4      0x7b0 Drivers/STM32H7xx_HAL_Driver/Src/stm32h7xx_hal_rcc.o
                0x00000000080078f4                HAL_RCC_OscConfig
 .text.HAL_RCC_ClockConfig
                0x00000000080080a4      0x348 Drivers/STM32H7xx_HAL_Driver/Src/stm32h7xx_hal_rcc.o
                0x00000000080080a4                HAL_RCC_ClockConfig
 .text.HAL_RCC_GetSysClockFreq
                0x00000000080083ec      0x2e4 Drivers/STM32H7xx_HAL_Driver/Src/stm32h7xx_hal_rcc.o
                0x00000000080083ec                HAL_RCC_GetSysClockFreq
 .text.HAL_RCC_GetHCLKFreq
                0x00000000080086d0       0x38 Drivers/STM32H7xx_HAL_Driver/Src/stm32h7xx_hal_rcc.o
                0x00000000080086d0                HAL_RCC_GetHCLKFreq
 .text.HAL_RCC_GetPCLK1Freq
                0x0000000008008708       0x2c Drivers/STM32H7xx_HAL_Driver/Src/stm32h7xx_hal_rcc.o
                0x0000000008008708                HAL_RCC_GetPCLK1Freq
 .text.HAL_RCC_GetPCLK2Freq
                0x0000000008008734       0x2c Drivers/STM32H7xx_HAL_Driver/Src/stm32h7xx_hal_rcc.o
                0x0000000008008734                HAL_RCC_GetPCLK2Freq
 .text.HAL_RCCEx_PeriphCLKConfig
                0x0000000008008760      0xdbc Drivers/STM32H7xx_HAL_Driver/Src/stm32h7xx_hal_rcc_ex.o
                0x0000000008008760                HAL_RCCEx_PeriphCLKConfig
 .text.HAL_RCCEx_GetD3PCLK1Freq
                0x000000000800951c       0x2c Drivers/STM32H7xx_HAL_Driver/Src/stm32h7xx_hal_rcc_ex.o
                0x000000000800951c                HAL_RCCEx_GetD3PCLK1Freq
 .text.HAL_RCCEx_GetPLL2ClockFreq
                0x0000000008009548      0x298 Drivers/STM32H7xx_HAL_Driver/Src/stm32h7xx_hal_rcc_ex.o
                0x0000000008009548                HAL_RCCEx_GetPLL2ClockFreq
 .text.HAL_RCCEx_GetPLL3ClockFreq
                0x00000000080097e0      0x298 Drivers/STM32H7xx_HAL_Driver/Src/stm32h7xx_hal_rcc_ex.o
                0x00000000080097e0                HAL_RCCEx_GetPLL3ClockFreq
 .text.HAL_RCCEx_GetD1SysClockFreq
                0x0000000008009a78       0x38 Drivers/STM32H7xx_HAL_Driver/Src/stm32h7xx_hal_rcc_ex.o
                0x0000000008009a78                HAL_RCCEx_GetD1SysClockFreq
 .text.RCCEx_PLL2_Config
                0x0000000008009ab0      0x164 Drivers/STM32H7xx_HAL_Driver/Src/stm32h7xx_hal_rcc_ex.o
 .text.RCCEx_PLL3_Config
                0x0000000008009c14      0x164 Drivers/STM32H7xx_HAL_Driver/Src/stm32h7xx_hal_rcc_ex.o
 .text.HAL_TIM_Base_Init
                0x0000000008009d78       0x56 Drivers/STM32H7xx_HAL_Driver/Src/stm32h7xx_hal_tim.o
                0x0000000008009d78                HAL_TIM_Base_Init
 *fill*         0x0000000008009dce        0x2 
 .text.HAL_TIM_Base_Start
                0x0000000008009dd0       0x54 Drivers/STM32H7xx_HAL_Driver/Src/stm32h7xx_hal_tim.o
                0x0000000008009dd0                HAL_TIM_Base_Start
 .text.HAL_TIM_Base_Stop
                0x0000000008009e24       0x56 Drivers/STM32H7xx_HAL_Driver/Src/stm32h7xx_hal_tim.o
                0x0000000008009e24                HAL_TIM_Base_Stop
 *fill*         0x0000000008009e7a        0x2 
 .text.HAL_TIM_Base_Start_IT
                0x0000000008009e7c       0x54 Drivers/STM32H7xx_HAL_Driver/Src/stm32h7xx_hal_tim.o
                0x0000000008009e7c                HAL_TIM_Base_Start_IT
 .text.HAL_TIM_Base_Stop_IT
                0x0000000008009ed0       0x56 Drivers/STM32H7xx_HAL_Driver/Src/stm32h7xx_hal_tim.o
                0x0000000008009ed0                HAL_TIM_Base_Stop_IT
 .text.HAL_TIM_PWM_Init
                0x0000000008009f26       0x56 Drivers/STM32H7xx_HAL_Driver/Src/stm32h7xx_hal_tim.o
                0x0000000008009f26                HAL_TIM_PWM_Init
 .text.HAL_TIM_PWM_MspInit
                0x0000000008009f7c       0x14 Drivers/STM32H7xx_HAL_Driver/Src/stm32h7xx_hal_tim.o
                0x0000000008009f7c                HAL_TIM_PWM_MspInit
 .text.HAL_TIM_PWM_Start
                0x0000000008009f90       0xb0 Drivers/STM32H7xx_HAL_Driver/Src/stm32h7xx_hal_tim.o
                0x0000000008009f90                HAL_TIM_PWM_Start
 .text.HAL_TIM_PWM_Stop
                0x000000000800a040       0xdc Drivers/STM32H7xx_HAL_Driver/Src/stm32h7xx_hal_tim.o
                0x000000000800a040                HAL_TIM_PWM_Stop
 .text.HAL_TIM_IC_Init
                0x000000000800a11c       0x56 Drivers/STM32H7xx_HAL_Driver/Src/stm32h7xx_hal_tim.o
                0x000000000800a11c                HAL_TIM_IC_Init
 .text.HAL_TIM_IC_MspInit
                0x000000000800a172       0x14 Drivers/STM32H7xx_HAL_Driver/Src/stm32h7xx_hal_tim.o
                0x000000000800a172                HAL_TIM_IC_MspInit
 *fill*         0x000000000800a186        0x2 
 .text.HAL_TIM_IC_Start_IT
                0x000000000800a188       0xdc Drivers/STM32H7xx_HAL_Driver/Src/stm32h7xx_hal_tim.o
                0x000000000800a188                HAL_TIM_IC_Start_IT
 .text.HAL_TIM_IC_Stop_IT
                0x000000000800a264       0xe0 Drivers/STM32H7xx_HAL_Driver/Src/stm32h7xx_hal_tim.o
                0x000000000800a264                HAL_TIM_IC_Stop_IT
 .text.HAL_TIM_IRQHandler
                0x000000000800a344      0x23e Drivers/STM32H7xx_HAL_Driver/Src/stm32h7xx_hal_tim.o
                0x000000000800a344                HAL_TIM_IRQHandler
 .text.HAL_TIM_IC_ConfigChannel
                0x000000000800a582      0x138 Drivers/STM32H7xx_HAL_Driver/Src/stm32h7xx_hal_tim.o
                0x000000000800a582                HAL_TIM_IC_ConfigChannel
 *fill*         0x000000000800a6ba        0x2 
 .text.HAL_TIM_PWM_ConfigChannel
                0x000000000800a6bc      0x230 Drivers/STM32H7xx_HAL_Driver/Src/stm32h7xx_hal_tim.o
                0x000000000800a6bc                HAL_TIM_PWM_ConfigChannel
 .text.HAL_TIM_ConfigClockSource
                0x000000000800a8ec      0x1a0 Drivers/STM32H7xx_HAL_Driver/Src/stm32h7xx_hal_tim.o
                0x000000000800a8ec                HAL_TIM_ConfigClockSource
 .text.HAL_TIM_OC_DelayElapsedCallback
                0x000000000800aa8c       0x14 Drivers/STM32H7xx_HAL_Driver/Src/stm32h7xx_hal_tim.o
                0x000000000800aa8c                HAL_TIM_OC_DelayElapsedCallback
 .text.HAL_TIM_PWM_PulseFinishedCallback
                0x000000000800aaa0       0x14 Drivers/STM32H7xx_HAL_Driver/Src/stm32h7xx_hal_tim.o
                0x000000000800aaa0                HAL_TIM_PWM_PulseFinishedCallback
 .text.HAL_TIM_TriggerCallback
                0x000000000800aab4       0x14 Drivers/STM32H7xx_HAL_Driver/Src/stm32h7xx_hal_tim.o
                0x000000000800aab4                HAL_TIM_TriggerCallback
 .text.TIM_Base_SetConfig
                0x000000000800aac8      0x134 Drivers/STM32H7xx_HAL_Driver/Src/stm32h7xx_hal_tim.o
                0x000000000800aac8                TIM_Base_SetConfig
 .text.TIM_OC1_SetConfig
                0x000000000800abfc      0x120 Drivers/STM32H7xx_HAL_Driver/Src/stm32h7xx_hal_tim.o
 .text.TIM_OC2_SetConfig
                0x000000000800ad1c      0x114 Drivers/STM32H7xx_HAL_Driver/Src/stm32h7xx_hal_tim.o
                0x000000000800ad1c                TIM_OC2_SetConfig
 .text.TIM_OC3_SetConfig
                0x000000000800ae30      0x10c Drivers/STM32H7xx_HAL_Driver/Src/stm32h7xx_hal_tim.o
 .text.TIM_OC4_SetConfig
                0x000000000800af3c       0xd0 Drivers/STM32H7xx_HAL_Driver/Src/stm32h7xx_hal_tim.o
 .text.TIM_OC5_SetConfig
                0x000000000800b00c       0xc4 Drivers/STM32H7xx_HAL_Driver/Src/stm32h7xx_hal_tim.o
 .text.TIM_OC6_SetConfig
                0x000000000800b0d0       0xc8 Drivers/STM32H7xx_HAL_Driver/Src/stm32h7xx_hal_tim.o
 .text.TIM_TI1_SetConfig
                0x000000000800b198       0xe8 Drivers/STM32H7xx_HAL_Driver/Src/stm32h7xx_hal_tim.o
                0x000000000800b198                TIM_TI1_SetConfig
 .text.TIM_TI1_ConfigInputStage
                0x000000000800b280       0x5e Drivers/STM32H7xx_HAL_Driver/Src/stm32h7xx_hal_tim.o
 .text.TIM_TI2_SetConfig
                0x000000000800b2de       0x7a Drivers/STM32H7xx_HAL_Driver/Src/stm32h7xx_hal_tim.o
 .text.TIM_TI2_ConfigInputStage
                0x000000000800b358       0x60 Drivers/STM32H7xx_HAL_Driver/Src/stm32h7xx_hal_tim.o
 .text.TIM_TI3_SetConfig
                0x000000000800b3b8       0x78 Drivers/STM32H7xx_HAL_Driver/Src/stm32h7xx_hal_tim.o
 .text.TIM_TI4_SetConfig
                0x000000000800b430       0x7a Drivers/STM32H7xx_HAL_Driver/Src/stm32h7xx_hal_tim.o
 *fill*         0x000000000800b4aa        0x2 
 .text.TIM_ITRx_SetConfig
                0x000000000800b4ac       0x3c Drivers/STM32H7xx_HAL_Driver/Src/stm32h7xx_hal_tim.o
 .text.TIM_ETR_SetConfig
                0x000000000800b4e8       0x40 Drivers/STM32H7xx_HAL_Driver/Src/stm32h7xx_hal_tim.o
                0x000000000800b4e8                TIM_ETR_SetConfig
 .text.TIM_CCxChannelCmd
                0x000000000800b528       0x4a Drivers/STM32H7xx_HAL_Driver/Src/stm32h7xx_hal_tim.o
                0x000000000800b528                TIM_CCxChannelCmd
 *fill*         0x000000000800b572        0x2 
 .text.HAL_TIMEx_MasterConfigSynchronization
                0x000000000800b574      0x110 Drivers/STM32H7xx_HAL_Driver/Src/stm32h7xx_hal_tim_ex.o
                0x000000000800b574                HAL_TIMEx_MasterConfigSynchronization
 .text.HAL_TIMEx_CommutCallback
                0x000000000800b684       0x14 Drivers/STM32H7xx_HAL_Driver/Src/stm32h7xx_hal_tim_ex.o
                0x000000000800b684                HAL_TIMEx_CommutCallback
 .text.HAL_TIMEx_BreakCallback
                0x000000000800b698       0x14 Drivers/STM32H7xx_HAL_Driver/Src/stm32h7xx_hal_tim_ex.o
                0x000000000800b698                HAL_TIMEx_BreakCallback
 .text.HAL_TIMEx_Break2Callback
                0x000000000800b6ac       0x14 Drivers/STM32H7xx_HAL_Driver/Src/stm32h7xx_hal_tim_ex.o
                0x000000000800b6ac                HAL_TIMEx_Break2Callback
 .text.HAL_UART_Init
                0x000000000800b6c0       0xa0 Drivers/STM32H7xx_HAL_Driver/Src/stm32h7xx_hal_uart.o
                0x000000000800b6c0                HAL_UART_Init
 .text.HAL_UART_Transmit
                0x000000000800b760      0x12c Drivers/STM32H7xx_HAL_Driver/Src/stm32h7xx_hal_uart.o
                0x000000000800b760                HAL_UART_Transmit
 .text.HAL_UART_Receive_IT
                0x000000000800b88c      0x1b0 Drivers/STM32H7xx_HAL_Driver/Src/stm32h7xx_hal_uart.o
                0x000000000800b88c                HAL_UART_Receive_IT
 .text.HAL_UART_IRQHandler
                0x000000000800ba3c      0x300 Drivers/STM32H7xx_HAL_Driver/Src/stm32h7xx_hal_uart.o
                0x000000000800ba3c                HAL_UART_IRQHandler
 .text.HAL_UART_ErrorCallback
                0x000000000800bd3c       0x14 Drivers/STM32H7xx_HAL_Driver/Src/stm32h7xx_hal_uart.o
                0x000000000800bd3c                HAL_UART_ErrorCallback
 .text.UART_SetConfig
                0x000000000800bd50     0x22fc Drivers/STM32H7xx_HAL_Driver/Src/stm32h7xx_hal_uart.o
                0x000000000800bd50                UART_SetConfig
 .text.UART_AdvFeatureConfig
                0x000000000800e04c      0x144 Drivers/STM32H7xx_HAL_Driver/Src/stm32h7xx_hal_uart.o
                0x000000000800e04c                UART_AdvFeatureConfig
 .text.UART_CheckIdleState
                0x000000000800e190       0x90 Drivers/STM32H7xx_HAL_Driver/Src/stm32h7xx_hal_uart.o
                0x000000000800e190                UART_CheckIdleState
 .text.UART_WaitOnFlagUntilTimeout
                0x000000000800e220      0x100 Drivers/STM32H7xx_HAL_Driver/Src/stm32h7xx_hal_uart.o
                0x000000000800e220                UART_WaitOnFlagUntilTimeout
 .text.UART_EndRxTransfer
                0x000000000800e320       0x48 Drivers/STM32H7xx_HAL_Driver/Src/stm32h7xx_hal_uart.o
 .text.UART_DMAAbortOnError
                0x000000000800e368       0x2c Drivers/STM32H7xx_HAL_Driver/Src/stm32h7xx_hal_uart.o
 .text.UART_EndTransmit_IT
                0x000000000800e394       0x34 Drivers/STM32H7xx_HAL_Driver/Src/stm32h7xx_hal_uart.o
 .text.UART_RxISR_8BIT
                0x000000000800e3c8       0xaa Drivers/STM32H7xx_HAL_Driver/Src/stm32h7xx_hal_uart.o
 .text.UART_RxISR_16BIT
                0x000000000800e472       0xaa Drivers/STM32H7xx_HAL_Driver/Src/stm32h7xx_hal_uart.o
 .text.UART_RxISR_8BIT_FIFOEN
                0x000000000800e51c      0x108 Drivers/STM32H7xx_HAL_Driver/Src/stm32h7xx_hal_uart.o
 .text.UART_RxISR_16BIT_FIFOEN
                0x000000000800e624      0x108 Drivers/STM32H7xx_HAL_Driver/Src/stm32h7xx_hal_uart.o
 .text.HAL_UARTEx_WakeupCallback
                0x000000000800e72c       0x14 Drivers/STM32H7xx_HAL_Driver/Src/stm32h7xx_hal_uart_ex.o
                0x000000000800e72c                HAL_UARTEx_WakeupCallback
 .text.HAL_UARTEx_RxFifoFullCallback
                0x000000000800e740       0x14 Drivers/STM32H7xx_HAL_Driver/Src/stm32h7xx_hal_uart_ex.o
                0x000000000800e740                HAL_UARTEx_RxFifoFullCallback
 .text.HAL_UARTEx_TxFifoEmptyCallback
                0x000000000800e754       0x14 Drivers/STM32H7xx_HAL_Driver/Src/stm32h7xx_hal_uart_ex.o
                0x000000000800e754                HAL_UARTEx_TxFifoEmptyCallback
 .text.HAL_UARTEx_DisableFifoMode
                0x000000000800e768       0x72 Drivers/STM32H7xx_HAL_Driver/Src/stm32h7xx_hal_uart_ex.o
                0x000000000800e768                HAL_UARTEx_DisableFifoMode
 .text.HAL_UARTEx_SetTxFifoThreshold
                0x000000000800e7da       0x7c Drivers/STM32H7xx_HAL_Driver/Src/stm32h7xx_hal_uart_ex.o
                0x000000000800e7da                HAL_UARTEx_SetTxFifoThreshold
 .text.HAL_UARTEx_SetRxFifoThreshold
                0x000000000800e856       0x7c Drivers/STM32H7xx_HAL_Driver/Src/stm32h7xx_hal_uart_ex.o
                0x000000000800e856                HAL_UARTEx_SetRxFifoThreshold
 *fill*         0x000000000800e8d2        0x2 
 .text.UARTEx_SetNbDataToProcess
                0x000000000800e8d4       0xd0 Drivers/STM32H7xx_HAL_Driver/Src/stm32h7xx_hal_uart_ex.o
 .text.__errno  0x000000000800e9a4        0xc c:/st/stm32cubeide_1.2.0/stm32cubeide/plugins/com.st.stm32cube.ide.mcu.externaltools.gnu-tools-for-stm32.7-2018-q2-update.win32_1.0.0.201904181610/tools/bin/../lib/gcc/arm-none-eabi/7.3.1/../../../../arm-none-eabi/lib/thumb/v7e-m/fpv5/hard\libc_nano.a(lib_a-errno.o)
                0x000000000800e9a4                __errno
 .text.__libc_init_array
                0x000000000800e9b0       0x48 c:/st/stm32cubeide_1.2.0/stm32cubeide/plugins/com.st.stm32cube.ide.mcu.externaltools.gnu-tools-for-stm32.7-2018-q2-update.win32_1.0.0.201904181610/tools/bin/../lib/gcc/arm-none-eabi/7.3.1/../../../../arm-none-eabi/lib/thumb/v7e-m/fpv5/hard\libc_nano.a(lib_a-init.o)
                0x000000000800e9b0                __libc_init_array
 .text.memcpy   0x000000000800e9f8       0x16 c:/st/stm32cubeide_1.2.0/stm32cubeide/plugins/com.st.stm32cube.ide.mcu.externaltools.gnu-tools-for-stm32.7-2018-q2-update.win32_1.0.0.201904181610/tools/bin/../lib/gcc/arm-none-eabi/7.3.1/../../../../arm-none-eabi/lib/thumb/v7e-m/fpv5/hard\libc_nano.a(lib_a-memcpy-stub.o)
                0x000000000800e9f8                memcpy
 .text.memset   0x000000000800ea0e       0x10 c:/st/stm32cubeide_1.2.0/stm32cubeide/plugins/com.st.stm32cube.ide.mcu.externaltools.gnu-tools-for-stm32.7-2018-q2-update.win32_1.0.0.201904181610/tools/bin/../lib/gcc/arm-none-eabi/7.3.1/../../../../arm-none-eabi/lib/thumb/v7e-m/fpv5/hard\libc_nano.a(lib_a-memset.o)
                0x000000000800ea0e                memset
 .text.unlikely.sulp
                0x000000000800ea1e       0x34 c:/st/stm32cubeide_1.2.0/stm32cubeide/plugins/com.st.stm32cube.ide.mcu.externaltools.gnu-tools-for-stm32.7-2018-q2-update.win32_1.0.0.201904181610/tools/bin/../lib/gcc/arm-none-eabi/7.3.1/../../../../arm-none-eabi/lib/thumb/v7e-m/fpv5/hard\libc_nano.a(lib_a-strtod.o)
 *fill*         0x000000000800ea52        0x6 
 .text._strtod_l
                0x000000000800ea58      0xb90 c:/st/stm32cubeide_1.2.0/stm32cubeide/plugins/com.st.stm32cube.ide.mcu.externaltools.gnu-tools-for-stm32.7-2018-q2-update.win32_1.0.0.201904181610/tools/bin/../lib/gcc/arm-none-eabi/7.3.1/../../../../arm-none-eabi/lib/thumb/v7e-m/fpv5/hard\libc_nano.a(lib_a-strtod.o)
                0x000000000800ea58                _strtod_l
 .text.strtod   0x000000000800f5e8       0x28 c:/st/stm32cubeide_1.2.0/stm32cubeide/plugins/com.st.stm32cube.ide.mcu.externaltools.gnu-tools-for-stm32.7-2018-q2-update.win32_1.0.0.201904181610/tools/bin/../lib/gcc/arm-none-eabi/7.3.1/../../../../arm-none-eabi/lib/thumb/v7e-m/fpv5/hard\libc_nano.a(lib_a-strtod.o)
                0x000000000800f5e8                strtod
 .text.rshift   0x000000000800f610       0x74 c:/st/stm32cubeide_1.2.0/stm32cubeide/plugins/com.st.stm32cube.ide.mcu.externaltools.gnu-tools-for-stm32.7-2018-q2-update.win32_1.0.0.201904181610/tools/bin/../lib/gcc/arm-none-eabi/7.3.1/../../../../arm-none-eabi/lib/thumb/v7e-m/fpv5/hard\libc_nano.a(lib_a-gdtoa-gethex.o)
 .text.__hexdig_fun
                0x000000000800f684       0x2a c:/st/stm32cubeide_1.2.0/stm32cubeide/plugins/com.st.stm32cube.ide.mcu.externaltools.gnu-tools-for-stm32.7-2018-q2-update.win32_1.0.0.201904181610/tools/bin/../lib/gcc/arm-none-eabi/7.3.1/../../../../arm-none-eabi/lib/thumb/v7e-m/fpv5/hard\libc_nano.a(lib_a-gdtoa-gethex.o)
                0x000000000800f684                __hexdig_fun
 .text.__gethex
                0x000000000800f6ae      0x442 c:/st/stm32cubeide_1.2.0/stm32cubeide/plugins/com.st.stm32cube.ide.mcu.externaltools.gnu-tools-for-stm32.7-2018-q2-update.win32_1.0.0.201904181610/tools/bin/../lib/gcc/arm-none-eabi/7.3.1/../../../../arm-none-eabi/lib/thumb/v7e-m/fpv5/hard\libc_nano.a(lib_a-gdtoa-gethex.o)
                0x000000000800f6ae                __gethex
 .text.L_shift  0x000000000800faf0       0x24 c:/st/stm32cubeide_1.2.0/stm32cubeide/plugins/com.st.stm32cube.ide.mcu.externaltools.gnu-tools-for-stm32.7-2018-q2-update.win32_1.0.0.201904181610/tools/bin/../lib/gcc/arm-none-eabi/7.3.1/../../../../arm-none-eabi/lib/thumb/v7e-m/fpv5/hard\libc_nano.a(lib_a-gdtoa-hexnan.o)
 .text.__match  0x000000000800fb14       0x28 c:/st/stm32cubeide_1.2.0/stm32cubeide/plugins/com.st.stm32cube.ide.mcu.externaltools.gnu-tools-for-stm32.7-2018-q2-update.win32_1.0.0.201904181610/tools/bin/../lib/gcc/arm-none-eabi/7.3.1/../../../../arm-none-eabi/lib/thumb/v7e-m/fpv5/hard\libc_nano.a(lib_a-gdtoa-hexnan.o)
                0x000000000800fb14                __match
 .text.__hexnan
                0x000000000800fb3c      0x120 c:/st/stm32cubeide_1.2.0/stm32cubeide/plugins/com.st.stm32cube.ide.mcu.externaltools.gnu-tools-for-stm32.7-2018-q2-update.win32_1.0.0.201904181610/tools/bin/../lib/gcc/arm-none-eabi/7.3.1/../../../../arm-none-eabi/lib/thumb/v7e-m/fpv5/hard\libc_nano.a(lib_a-gdtoa-hexnan.o)
                0x000000000800fb3c                __hexnan
 .text.__localeconv_l
                0x000000000800fc5c        0x4 c:/st/stm32cubeide_1.2.0/stm32cubeide/plugins/com.st.stm32cube.ide.mcu.externaltools.gnu-tools-for-stm32.7-2018-q2-update.win32_1.0.0.201904181610/tools/bin/../lib/gcc/arm-none-eabi/7.3.1/../../../../arm-none-eabi/lib/thumb/v7e-m/fpv5/hard\libc_nano.a(lib_a-localeconv.o)
                0x000000000800fc5c                __localeconv_l
 .text.__ascii_mbtowc
                0x000000000800fc60       0x24 c:/st/stm32cubeide_1.2.0/stm32cubeide/plugins/com.st.stm32cube.ide.mcu.externaltools.gnu-tools-for-stm32.7-2018-q2-update.win32_1.0.0.201904181610/tools/bin/../lib/gcc/arm-none-eabi/7.3.1/../../../../arm-none-eabi/lib/thumb/v7e-m/fpv5/hard\libc_nano.a(lib_a-mbtowc_r.o)
                0x000000000800fc60                __ascii_mbtowc
 .text._Balloc  0x000000000800fc84       0x68 c:/st/stm32cubeide_1.2.0/stm32cubeide/plugins/com.st.stm32cube.ide.mcu.externaltools.gnu-tools-for-stm32.7-2018-q2-update.win32_1.0.0.201904181610/tools/bin/../lib/gcc/arm-none-eabi/7.3.1/../../../../arm-none-eabi/lib/thumb/v7e-m/fpv5/hard\libc_nano.a(lib_a-mprec.o)
                0x000000000800fc84                _Balloc
 .text._Bfree   0x000000000800fcec       0x2e c:/st/stm32cubeide_1.2.0/stm32cubeide/plugins/com.st.stm32cube.ide.mcu.externaltools.gnu-tools-for-stm32.7-2018-q2-update.win32_1.0.0.201904181610/tools/bin/../lib/gcc/arm-none-eabi/7.3.1/../../../../arm-none-eabi/lib/thumb/v7e-m/fpv5/hard\libc_nano.a(lib_a-mprec.o)
                0x000000000800fcec                _Bfree
 .text.__multadd
                0x000000000800fd1a       0x76 c:/st/stm32cubeide_1.2.0/stm32cubeide/plugins/com.st.stm32cube.ide.mcu.externaltools.gnu-tools-for-stm32.7-2018-q2-update.win32_1.0.0.201904181610/tools/bin/../lib/gcc/arm-none-eabi/7.3.1/../../../../arm-none-eabi/lib/thumb/v7e-m/fpv5/hard\libc_nano.a(lib_a-mprec.o)
                0x000000000800fd1a                __multadd
 .text.__s2b    0x000000000800fd90       0x7c c:/st/stm32cubeide_1.2.0/stm32cubeide/plugins/com.st.stm32cube.ide.mcu.externaltools.gnu-tools-for-stm32.7-2018-q2-update.win32_1.0.0.201904181610/tools/bin/../lib/gcc/arm-none-eabi/7.3.1/../../../../arm-none-eabi/lib/thumb/v7e-m/fpv5/hard\libc_nano.a(lib_a-mprec.o)
                0x000000000800fd90                __s2b
 .text.__hi0bits
                0x000000000800fe0c       0x3e c:/st/stm32cubeide_1.2.0/stm32cubeide/plugins/com.st.stm32cube.ide.mcu.externaltools.gnu-tools-for-stm32.7-2018-q2-update.win32_1.0.0.201904181610/tools/bin/../lib/gcc/arm-none-eabi/7.3.1/../../../../arm-none-eabi/lib/thumb/v7e-m/fpv5/hard\libc_nano.a(lib_a-mprec.o)
                0x000000000800fe0c                __hi0bits
 .text.__lo0bits
                0x000000000800fe4a       0x5e c:/st/stm32cubeide_1.2.0/stm32cubeide/plugins/com.st.stm32cube.ide.mcu.externaltools.gnu-tools-for-stm32.7-2018-q2-update.win32_1.0.0.201904181610/tools/bin/../lib/gcc/arm-none-eabi/7.3.1/../../../../arm-none-eabi/lib/thumb/v7e-m/fpv5/hard\libc_nano.a(lib_a-mprec.o)
                0x000000000800fe4a                __lo0bits
 .text.__i2b    0x000000000800fea8       0x12 c:/st/stm32cubeide_1.2.0/stm32cubeide/plugins/com.st.stm32cube.ide.mcu.externaltools.gnu-tools-for-stm32.7-2018-q2-update.win32_1.0.0.201904181610/tools/bin/../lib/gcc/arm-none-eabi/7.3.1/../../../../arm-none-eabi/lib/thumb/v7e-m/fpv5/hard\libc_nano.a(lib_a-mprec.o)
                0x000000000800fea8                __i2b
 .text.__multiply
                0x000000000800feba      0x12c c:/st/stm32cubeide_1.2.0/stm32cubeide/plugins/com.st.stm32cube.ide.mcu.externaltools.gnu-tools-for-stm32.7-2018-q2-update.win32_1.0.0.201904181610/tools/bin/../lib/gcc/arm-none-eabi/7.3.1/../../../../arm-none-eabi/lib/thumb/v7e-m/fpv5/hard\libc_nano.a(lib_a-mprec.o)
                0x000000000800feba                __multiply
 *fill*         0x000000000800ffe6        0x2 
 .text.__pow5mult
                0x000000000800ffe8       0x9c c:/st/stm32cubeide_1.2.0/stm32cubeide/plugins/com.st.stm32cube.ide.mcu.externaltools.gnu-tools-for-stm32.7-2018-q2-update.win32_1.0.0.201904181610/tools/bin/../lib/gcc/arm-none-eabi/7.3.1/../../../../arm-none-eabi/lib/thumb/v7e-m/fpv5/hard\libc_nano.a(lib_a-mprec.o)
                0x000000000800ffe8                __pow5mult
 .text.__lshift
                0x0000000008010084       0xa8 c:/st/stm32cubeide_1.2.0/stm32cubeide/plugins/com.st.stm32cube.ide.mcu.externaltools.gnu-tools-for-stm32.7-2018-q2-update.win32_1.0.0.201904181610/tools/bin/../lib/gcc/arm-none-eabi/7.3.1/../../../../arm-none-eabi/lib/thumb/v7e-m/fpv5/hard\libc_nano.a(lib_a-mprec.o)
                0x0000000008010084                __lshift
 .text.__mcmp   0x000000000801012c       0x34 c:/st/stm32cubeide_1.2.0/stm32cubeide/plugins/com.st.stm32cube.ide.mcu.externaltools.gnu-tools-for-stm32.7-2018-q2-update.win32_1.0.0.201904181610/tools/bin/../lib/gcc/arm-none-eabi/7.3.1/../../../../arm-none-eabi/lib/thumb/v7e-m/fpv5/hard\libc_nano.a(lib_a-mprec.o)
                0x000000000801012c                __mcmp
 .text.__mdiff  0x0000000008010160       0xba c:/st/stm32cubeide_1.2.0/stm32cubeide/plugins/com.st.stm32cube.ide.mcu.externaltools.gnu-tools-for-stm32.7-2018-q2-update.win32_1.0.0.201904181610/tools/bin/../lib/gcc/arm-none-eabi/7.3.1/../../../../arm-none-eabi/lib/thumb/v7e-m/fpv5/hard\libc_nano.a(lib_a-mprec.o)
                0x0000000008010160                __mdiff
 *fill*         0x000000000801021a        0x2 
 .text.__ulp    0x000000000801021c       0x50 c:/st/stm32cubeide_1.2.0/stm32cubeide/plugins/com.st.stm32cube.ide.mcu.externaltools.gnu-tools-for-stm32.7-2018-q2-update.win32_1.0.0.201904181610/tools/bin/../lib/gcc/arm-none-eabi/7.3.1/../../../../arm-none-eabi/lib/thumb/v7e-m/fpv5/hard\libc_nano.a(lib_a-mprec.o)
                0x000000000801021c                __ulp
 .text.__b2d    0x000000000801026c       0x9c c:/st/stm32cubeide_1.2.0/stm32cubeide/plugins/com.st.stm32cube.ide.mcu.externaltools.gnu-tools-for-stm32.7-2018-q2-update.win32_1.0.0.201904181610/tools/bin/../lib/gcc/arm-none-eabi/7.3.1/../../../../arm-none-eabi/lib/thumb/v7e-m/fpv5/hard\libc_nano.a(lib_a-mprec.o)
                0x000000000801026c                __b2d
 .text.__d2b    0x0000000008010308       0x9e c:/st/stm32cubeide_1.2.0/stm32cubeide/plugins/com.st.stm32cube.ide.mcu.externaltools.gnu-tools-for-stm32.7-2018-q2-update.win32_1.0.0.201904181610/tools/bin/../lib/gcc/arm-none-eabi/7.3.1/../../../../arm-none-eabi/lib/thumb/v7e-m/fpv5/hard\libc_nano.a(lib_a-mprec.o)
                0x0000000008010308                __d2b
 .text.__ratio  0x00000000080103a6       0x68 c:/st/stm32cubeide_1.2.0/stm32cubeide/plugins/com.st.stm32cube.ide.mcu.externaltools.gnu-tools-for-stm32.7-2018-q2-update.win32_1.0.0.201904181610/tools/bin/../lib/gcc/arm-none-eabi/7.3.1/../../../../arm-none-eabi/lib/thumb/v7e-m/fpv5/hard\libc_nano.a(lib_a-mprec.o)
                0x00000000080103a6                __ratio
 .text.__copybits
                0x000000000801040e       0x34 c:/st/stm32cubeide_1.2.0/stm32cubeide/plugins/com.st.stm32cube.ide.mcu.externaltools.gnu-tools-for-stm32.7-2018-q2-update.win32_1.0.0.201904181610/tools/bin/../lib/gcc/arm-none-eabi/7.3.1/../../../../arm-none-eabi/lib/thumb/v7e-m/fpv5/hard\libc_nano.a(lib_a-mprec.o)
                0x000000000801040e                __copybits
 .text.__any_on
                0x0000000008010442       0x42 c:/st/stm32cubeide_1.2.0/stm32cubeide/plugins/com.st.stm32cube.ide.mcu.externaltools.gnu-tools-for-stm32.7-2018-q2-update.win32_1.0.0.201904181610/tools/bin/../lib/gcc/arm-none-eabi/7.3.1/../../../../arm-none-eabi/lib/thumb/v7e-m/fpv5/hard\libc_nano.a(lib_a-mprec.o)
                0x0000000008010442                __any_on
 .text._calloc_r
                0x0000000008010484       0x1c c:/st/stm32cubeide_1.2.0/stm32cubeide/plugins/com.st.stm32cube.ide.mcu.externaltools.gnu-tools-for-stm32.7-2018-q2-update.win32_1.0.0.201904181610/tools/bin/../lib/gcc/arm-none-eabi/7.3.1/../../../../arm-none-eabi/lib/thumb/v7e-m/fpv5/hard\libc_nano.a(lib_a-nano-callocr.o)
                0x0000000008010484                _calloc_r
 .text._malloc_r
                0x00000000080104a0       0xb4 c:/st/stm32cubeide_1.2.0/stm32cubeide/plugins/com.st.stm32cube.ide.mcu.externaltools.gnu-tools-for-stm32.7-2018-q2-update.win32_1.0.0.201904181610/tools/bin/../lib/gcc/arm-none-eabi/7.3.1/../../../../arm-none-eabi/lib/thumb/v7e-m/fpv5/hard\libc_nano.a(lib_a-nano-mallocr.o)
                0x00000000080104a0                _malloc_r
 .text._sbrk_r  0x0000000008010554       0x20 c:/st/stm32cubeide_1.2.0/stm32cubeide/plugins/com.st.stm32cube.ide.mcu.externaltools.gnu-tools-for-stm32.7-2018-q2-update.win32_1.0.0.201904181610/tools/bin/../lib/gcc/arm-none-eabi/7.3.1/../../../../arm-none-eabi/lib/thumb/v7e-m/fpv5/hard\libc_nano.a(lib_a-sbrkr.o)
                0x0000000008010554                _sbrk_r
 .text.strncmp  0x0000000008010574       0x24 c:/st/stm32cubeide_1.2.0/stm32cubeide/plugins/com.st.stm32cube.ide.mcu.externaltools.gnu-tools-for-stm32.7-2018-q2-update.win32_1.0.0.201904181610/tools/bin/../lib/gcc/arm-none-eabi/7.3.1/../../../../arm-none-eabi/lib/thumb/v7e-m/fpv5/hard\libc_nano.a(lib_a-strncmp.o)
                0x0000000008010574                strncmp
 .text.__ascii_wctomb
                0x0000000008010598       0x1a c:/st/stm32cubeide_1.2.0/stm32cubeide/plugins/com.st.stm32cube.ide.mcu.externaltools.gnu-tools-for-stm32.7-2018-q2-update.win32_1.0.0.201904181610/tools/bin/../lib/gcc/arm-none-eabi/7.3.1/../../../../arm-none-eabi/lib/thumb/v7e-m/fpv5/hard\libc_nano.a(lib_a-wctomb_r.o)
                0x0000000008010598                __ascii_wctomb
 *fill*         0x00000000080105b2        0x2 
 .text.malloc   0x00000000080105b4       0x10 c:/st/stm32cubeide_1.2.0/stm32cubeide/plugins/com.st.stm32cube.ide.mcu.externaltools.gnu-tools-for-stm32.7-2018-q2-update.win32_1.0.0.201904181610/tools/bin/../lib/gcc/arm-none-eabi/7.3.1/../../../../arm-none-eabi/lib/thumb/v7e-m/fpv5/hard\libc_nano.a(lib_a-malloc.o)
                0x00000000080105b4                malloc
 .text.__malloc_lock
                0x00000000080105c4        0x2 c:/st/stm32cubeide_1.2.0/stm32cubeide/plugins/com.st.stm32cube.ide.mcu.externaltools.gnu-tools-for-stm32.7-2018-q2-update.win32_1.0.0.201904181610/tools/bin/../lib/gcc/arm-none-eabi/7.3.1/../../../../arm-none-eabi/lib/thumb/v7e-m/fpv5/hard\libc_nano.a(lib_a-mlock.o)
                0x00000000080105c4                __malloc_lock
 .text.__malloc_unlock
                0x00000000080105c6        0x2 c:/st/stm32cubeide_1.2.0/stm32cubeide/plugins/com.st.stm32cube.ide.mcu.externaltools.gnu-tools-for-stm32.7-2018-q2-update.win32_1.0.0.201904181610/tools/bin/../lib/gcc/arm-none-eabi/7.3.1/../../../../arm-none-eabi/lib/thumb/v7e-m/fpv5/hard\libc_nano.a(lib_a-mlock.o)
                0x00000000080105c6                __malloc_unlock
 .text.asin     0x00000000080105c8       0xa0 c:/st/stm32cubeide_1.2.0/stm32cubeide/plugins/com.st.stm32cube.ide.mcu.externaltools.gnu-tools-for-stm32.7-2018-q2-update.win32_1.0.0.201904181610/tools/bin/../lib/gcc/arm-none-eabi/7.3.1/../../../../arm-none-eabi/lib/thumb/v7e-m/fpv5/hard\libm.a(lib_a-w_asin.o)
                0x00000000080105c8                asin
 .text.pow      0x0000000008010668      0x25c c:/st/stm32cubeide_1.2.0/stm32cubeide/plugins/com.st.stm32cube.ide.mcu.externaltools.gnu-tools-for-stm32.7-2018-q2-update.win32_1.0.0.201904181610/tools/bin/../lib/gcc/arm-none-eabi/7.3.1/../../../../arm-none-eabi/lib/thumb/v7e-m/fpv5/hard\libm.a(lib_a-w_pow.o)
                0x0000000008010668                pow
 *fill*         0x00000000080108c4        0x4 
 .text.sqrt     0x00000000080108c8       0x98 c:/st/stm32cubeide_1.2.0/stm32cubeide/plugins/com.st.stm32cube.ide.mcu.externaltools.gnu-tools-for-stm32.7-2018-q2-update.win32_1.0.0.201904181610/tools/bin/../lib/gcc/arm-none-eabi/7.3.1/../../../../arm-none-eabi/lib/thumb/v7e-m/fpv5/hard\libm.a(lib_a-w_sqrt.o)
                0x00000000080108c8                sqrt
 .text.__ieee754_asin
                0x0000000008010960      0x234 c:/st/stm32cubeide_1.2.0/stm32cubeide/plugins/com.st.stm32cube.ide.mcu.externaltools.gnu-tools-for-stm32.7-2018-q2-update.win32_1.0.0.201904181610/tools/bin/../lib/gcc/arm-none-eabi/7.3.1/../../../../arm-none-eabi/lib/thumb/v7e-m/fpv5/hard\libm.a(lib_a-e_asin.o)
                0x0000000008010960                __ieee754_asin
 *fill*         0x0000000008010b94        0x4 
 .text.__ieee754_pow
                0x0000000008010b98      0x70c c:/st/stm32cubeide_1.2.0/stm32cubeide/plugins/com.st.stm32cube.ide.mcu.externaltools.gnu-tools-for-stm32.7-2018-q2-update.win32_1.0.0.201904181610/tools/bin/../lib/gcc/arm-none-eabi/7.3.1/../../../../arm-none-eabi/lib/thumb/v7e-m/fpv5/hard\libm.a(lib_a-e_pow.o)
                0x0000000008010b98                __ieee754_pow
 .text.__ieee754_sqrt
                0x00000000080112a4        0x6 c:/st/stm32cubeide_1.2.0/stm32cubeide/plugins/com.st.stm32cube.ide.mcu.externaltools.gnu-tools-for-stm32.7-2018-q2-update.win32_1.0.0.201904181610/tools/bin/../lib/gcc/arm-none-eabi/7.3.1/../../../../arm-none-eabi/lib/thumb/v7e-m/fpv5/hard\libm.a(lib_a-e_sqrt.o)
                0x00000000080112a4                __ieee754_sqrt
 .text.fabs     0x00000000080112aa       0x12 c:/st/stm32cubeide_1.2.0/stm32cubeide/plugins/com.st.stm32cube.ide.mcu.externaltools.gnu-tools-for-stm32.7-2018-q2-update.win32_1.0.0.201904181610/tools/bin/../lib/gcc/arm-none-eabi/7.3.1/../../../../arm-none-eabi/lib/thumb/v7e-m/fpv5/hard\libm.a(lib_a-s_fabs.o)
                0x00000000080112aa                fabs
 .text.finite   0x00000000080112bc       0x10 c:/st/stm32cubeide_1.2.0/stm32cubeide/plugins/com.st.stm32cube.ide.mcu.externaltools.gnu-tools-for-stm32.7-2018-q2-update.win32_1.0.0.201904181610/tools/bin/../lib/gcc/arm-none-eabi/7.3.1/../../../../arm-none-eabi/lib/thumb/v7e-m/fpv5/hard\libm.a(lib_a-s_finite.o)
                0x00000000080112bc                finite
 .text.matherr  0x00000000080112cc        0x4 c:/st/stm32cubeide_1.2.0/stm32cubeide/plugins/com.st.stm32cube.ide.mcu.externaltools.gnu-tools-for-stm32.7-2018-q2-update.win32_1.0.0.201904181610/tools/bin/../lib/gcc/arm-none-eabi/7.3.1/../../../../arm-none-eabi/lib/thumb/v7e-m/fpv5/hard\libm.a(lib_a-s_matherr.o)
                0x00000000080112cc                matherr
 .text.nan      0x00000000080112d0       0x10 c:/st/stm32cubeide_1.2.0/stm32cubeide/plugins/com.st.stm32cube.ide.mcu.externaltools.gnu-tools-for-stm32.7-2018-q2-update.win32_1.0.0.201904181610/tools/bin/../lib/gcc/arm-none-eabi/7.3.1/../../../../arm-none-eabi/lib/thumb/v7e-m/fpv5/hard\libm.a(lib_a-s_nan.o)
                0x00000000080112d0                nan
 .text.rint     0x00000000080112e0      0x114 c:/st/stm32cubeide_1.2.0/stm32cubeide/plugins/com.st.stm32cube.ide.mcu.externaltools.gnu-tools-for-stm32.7-2018-q2-update.win32_1.0.0.201904181610/tools/bin/../lib/gcc/arm-none-eabi/7.3.1/../../../../arm-none-eabi/lib/thumb/v7e-m/fpv5/hard\libm.a(lib_a-s_rint.o)
                0x00000000080112e0                rint
 *fill*         0x00000000080113f4        0x4 
 .text.scalbn   0x00000000080113f8       0xfc c:/st/stm32cubeide_1.2.0/stm32cubeide/plugins/com.st.stm32cube.ide.mcu.externaltools.gnu-tools-for-stm32.7-2018-q2-update.win32_1.0.0.201904181610/tools/bin/../lib/gcc/arm-none-eabi/7.3.1/../../../../arm-none-eabi/lib/thumb/v7e-m/fpv5/hard\libm.a(lib_a-s_scalbn.o)
                0x00000000080113f8                scalbn
 .text.copysign
                0x00000000080114f4       0x1e c:/st/stm32cubeide_1.2.0/stm32cubeide/plugins/com.st.stm32cube.ide.mcu.externaltools.gnu-tools-for-stm32.7-2018-q2-update.win32_1.0.0.201904181610/tools/bin/../lib/gcc/arm-none-eabi/7.3.1/../../../../arm-none-eabi/lib/thumb/v7e-m/fpv5/hard\libm.a(lib_a-s_copysign.o)
                0x00000000080114f4                copysign
 *(.glue_7)
 .glue_7        0x0000000008011512        0x0 linker stubs
 *(.glue_7t)
 .glue_7t       0x0000000008011512        0x0 linker stubs
 *(.eh_frame)
 *fill*         0x0000000008011512        0x2 
 .eh_frame      0x0000000008011514        0x0 c:/st/stm32cubeide_1.2.0/stm32cubeide/plugins/com.st.stm32cube.ide.mcu.externaltools.gnu-tools-for-stm32.7-2018-q2-update.win32_1.0.0.201904181610/tools/bin/../lib/gcc/arm-none-eabi/7.3.1/thumb/v7e-m/fpv5/hard/crtbegin.o
 *(.init)
 .init          0x0000000008011514        0x4 c:/st/stm32cubeide_1.2.0/stm32cubeide/plugins/com.st.stm32cube.ide.mcu.externaltools.gnu-tools-for-stm32.7-2018-q2-update.win32_1.0.0.201904181610/tools/bin/../lib/gcc/arm-none-eabi/7.3.1/thumb/v7e-m/fpv5/hard/crti.o
                0x0000000008011514                _init
 .init          0x0000000008011518        0x8 c:/st/stm32cubeide_1.2.0/stm32cubeide/plugins/com.st.stm32cube.ide.mcu.externaltools.gnu-tools-for-stm32.7-2018-q2-update.win32_1.0.0.201904181610/tools/bin/../lib/gcc/arm-none-eabi/7.3.1/thumb/v7e-m/fpv5/hard/crtn.o
 *(.fini)
 .fini          0x0000000008011520        0x4 c:/st/stm32cubeide_1.2.0/stm32cubeide/plugins/com.st.stm32cube.ide.mcu.externaltools.gnu-tools-for-stm32.7-2018-q2-update.win32_1.0.0.201904181610/tools/bin/../lib/gcc/arm-none-eabi/7.3.1/thumb/v7e-m/fpv5/hard/crti.o
                0x0000000008011520                _fini
 .fini          0x0000000008011524        0x8 c:/st/stm32cubeide_1.2.0/stm32cubeide/plugins/com.st.stm32cube.ide.mcu.externaltools.gnu-tools-for-stm32.7-2018-q2-update.win32_1.0.0.201904181610/tools/bin/../lib/gcc/arm-none-eabi/7.3.1/thumb/v7e-m/fpv5/hard/crtn.o
                0x000000000801152c                . = ALIGN (0x4)
                0x000000000801152c                _etext = .

.vfp11_veneer   0x000000000801152c        0x0
 .vfp11_veneer  0x000000000801152c        0x0 linker stubs

.v4_bx          0x000000000801152c        0x0
 .v4_bx         0x000000000801152c        0x0 linker stubs

.iplt           0x000000000801152c        0x0
 .iplt          0x000000000801152c        0x0 c:/st/stm32cubeide_1.2.0/stm32cubeide/plugins/com.st.stm32cube.ide.mcu.externaltools.gnu-tools-for-stm32.7-2018-q2-update.win32_1.0.0.201904181610/tools/bin/../lib/gcc/arm-none-eabi/7.3.1/thumb/v7e-m/fpv5/hard/crtbegin.o

.rodata         0x0000000008011530      0x3e8
                0x0000000008011530                . = ALIGN (0x4)
 *(.rodata)
 .rodata        0x0000000008011530       0x52 Core/Src/homing.o
 *fill*         0x0000000008011582        0x2 
 .rodata        0x0000000008011584       0x97 Core/Src/interpretaComando.o
 *fill*         0x000000000801161b        0x1 
 .rodata        0x000000000801161c       0x19 Core/Src/main.o
 *fill*         0x0000000008011635        0x3 
 .rodata        0x0000000008011638       0x10 Drivers/STM32H7xx_HAL_Driver/Src/stm32h7xx_hal_uart_ex.o
 *(.rodata*)
 .rodata.D1CorePrescTable
                0x0000000008011648       0x10 Core/Src/system_stm32h7xx.o
                0x0000000008011648                D1CorePrescTable
 .rodata._strtod_l.str1.1
                0x0000000008011658        0xc c:/st/stm32cubeide_1.2.0/stm32cubeide/plugins/com.st.stm32cube.ide.mcu.externaltools.gnu-tools-for-stm32.7-2018-q2-update.win32_1.0.0.201904181610/tools/bin/../lib/gcc/arm-none-eabi/7.3.1/../../../../arm-none-eabi/lib/thumb/v7e-m/fpv5/hard\libc_nano.a(lib_a-strtod.o)
 .rodata.fpi.7435
                0x0000000008011664       0x14 c:/st/stm32cubeide_1.2.0/stm32cubeide/plugins/com.st.stm32cube.ide.mcu.externaltools.gnu-tools-for-stm32.7-2018-q2-update.win32_1.0.0.201904181610/tools/bin/../lib/gcc/arm-none-eabi/7.3.1/../../../../arm-none-eabi/lib/thumb/v7e-m/fpv5/hard\libc_nano.a(lib_a-strtod.o)
 .rodata.fpinan.7471
                0x0000000008011678       0x14 c:/st/stm32cubeide_1.2.0/stm32cubeide/plugins/com.st.stm32cube.ide.mcu.externaltools.gnu-tools-for-stm32.7-2018-q2-update.win32_1.0.0.201904181610/tools/bin/../lib/gcc/arm-none-eabi/7.3.1/../../../../arm-none-eabi/lib/thumb/v7e-m/fpv5/hard\libc_nano.a(lib_a-strtod.o)
 *fill*         0x000000000801168c        0x4 
 .rodata.tinytens
                0x0000000008011690       0x28 c:/st/stm32cubeide_1.2.0/stm32cubeide/plugins/com.st.stm32cube.ide.mcu.externaltools.gnu-tools-for-stm32.7-2018-q2-update.win32_1.0.0.201904181610/tools/bin/../lib/gcc/arm-none-eabi/7.3.1/../../../../arm-none-eabi/lib/thumb/v7e-m/fpv5/hard\libc_nano.a(lib_a-strtod.o)
 .rodata._setlocale_r.str1.1
                0x00000000080116b8        0x8 c:/st/stm32cubeide_1.2.0/stm32cubeide/plugins/com.st.stm32cube.ide.mcu.externaltools.gnu-tools-for-stm32.7-2018-q2-update.win32_1.0.0.201904181610/tools/bin/../lib/gcc/arm-none-eabi/7.3.1/../../../../arm-none-eabi/lib/thumb/v7e-m/fpv5/hard\libc_nano.a(lib_a-locale.o)
                                          0x9 (size before relaxing)
 .rodata.str1.1
                0x00000000080116c0        0x2 c:/st/stm32cubeide_1.2.0/stm32cubeide/plugins/com.st.stm32cube.ide.mcu.externaltools.gnu-tools-for-stm32.7-2018-q2-update.win32_1.0.0.201904181610/tools/bin/../lib/gcc/arm-none-eabi/7.3.1/../../../../arm-none-eabi/lib/thumb/v7e-m/fpv5/hard\libc_nano.a(lib_a-locale.o)
 *fill*         0x00000000080116c2        0x6 
 .rodata.__mprec_bigtens
                0x00000000080116c8       0x28 c:/st/stm32cubeide_1.2.0/stm32cubeide/plugins/com.st.stm32cube.ide.mcu.externaltools.gnu-tools-for-stm32.7-2018-q2-update.win32_1.0.0.201904181610/tools/bin/../lib/gcc/arm-none-eabi/7.3.1/../../../../arm-none-eabi/lib/thumb/v7e-m/fpv5/hard\libc_nano.a(lib_a-mprec.o)
                0x00000000080116c8                __mprec_bigtens
 .rodata.__mprec_tens
                0x00000000080116f0       0xc8 c:/st/stm32cubeide_1.2.0/stm32cubeide/plugins/com.st.stm32cube.ide.mcu.externaltools.gnu-tools-for-stm32.7-2018-q2-update.win32_1.0.0.201904181610/tools/bin/../lib/gcc/arm-none-eabi/7.3.1/../../../../arm-none-eabi/lib/thumb/v7e-m/fpv5/hard\libc_nano.a(lib_a-mprec.o)
                0x00000000080116f0                __mprec_tens
 .rodata.p05.7359
                0x00000000080117b8        0xc c:/st/stm32cubeide_1.2.0/stm32cubeide/plugins/com.st.stm32cube.ide.mcu.externaltools.gnu-tools-for-stm32.7-2018-q2-update.win32_1.0.0.201904181610/tools/bin/../lib/gcc/arm-none-eabi/7.3.1/../../../../arm-none-eabi/lib/thumb/v7e-m/fpv5/hard\libc_nano.a(lib_a-mprec.o)
 .rodata._ctype_
                0x00000000080117c4      0x101 c:/st/stm32cubeide_1.2.0/stm32cubeide/plugins/com.st.stm32cube.ide.mcu.externaltools.gnu-tools-for-stm32.7-2018-q2-update.win32_1.0.0.201904181610/tools/bin/../lib/gcc/arm-none-eabi/7.3.1/../../../../arm-none-eabi/lib/thumb/v7e-m/fpv5/hard\libc_nano.a(lib_a-ctype_.o)
                0x00000000080117c4                _ctype_
 .rodata.asin.str1.1
                0x00000000080118c5        0x5 c:/st/stm32cubeide_1.2.0/stm32cubeide/plugins/com.st.stm32cube.ide.mcu.externaltools.gnu-tools-for-stm32.7-2018-q2-update.win32_1.0.0.201904181610/tools/bin/../lib/gcc/arm-none-eabi/7.3.1/../../../../arm-none-eabi/lib/thumb/v7e-m/fpv5/hard\libm.a(lib_a-w_asin.o)
                                          0x6 (size before relaxing)
 .rodata.pow.str1.1
                0x00000000080118ca        0x4 c:/st/stm32cubeide_1.2.0/stm32cubeide/plugins/com.st.stm32cube.ide.mcu.externaltools.gnu-tools-for-stm32.7-2018-q2-update.win32_1.0.0.201904181610/tools/bin/../lib/gcc/arm-none-eabi/7.3.1/../../../../arm-none-eabi/lib/thumb/v7e-m/fpv5/hard\libm.a(lib_a-w_pow.o)
 .rodata.sqrt.str1.1
                0x00000000080118ce        0x5 c:/st/stm32cubeide_1.2.0/stm32cubeide/plugins/com.st.stm32cube.ide.mcu.externaltools.gnu-tools-for-stm32.7-2018-q2-update.win32_1.0.0.201904181610/tools/bin/../lib/gcc/arm-none-eabi/7.3.1/../../../../arm-none-eabi/lib/thumb/v7e-m/fpv5/hard\libm.a(lib_a-w_sqrt.o)
 .rodata.__ieee754_pow.str1.1
                0x00000000080118d3        0x1 c:/st/stm32cubeide_1.2.0/stm32cubeide/plugins/com.st.stm32cube.ide.mcu.externaltools.gnu-tools-for-stm32.7-2018-q2-update.win32_1.0.0.201904181610/tools/bin/../lib/gcc/arm-none-eabi/7.3.1/../../../../arm-none-eabi/lib/thumb/v7e-m/fpv5/hard\libm.a(lib_a-e_pow.o)
 *fill*         0x00000000080118d3        0x5 
 .rodata.bp     0x00000000080118d8       0x10 c:/st/stm32cubeide_1.2.0/stm32cubeide/plugins/com.st.stm32cube.ide.mcu.externaltools.gnu-tools-for-stm32.7-2018-q2-update.win32_1.0.0.201904181610/tools/bin/../lib/gcc/arm-none-eabi/7.3.1/../../../../arm-none-eabi/lib/thumb/v7e-m/fpv5/hard\libm.a(lib_a-e_pow.o)
 .rodata.dp_h   0x00000000080118e8       0x10 c:/st/stm32cubeide_1.2.0/stm32cubeide/plugins/com.st.stm32cube.ide.mcu.externaltools.gnu-tools-for-stm32.7-2018-q2-update.win32_1.0.0.201904181610/tools/bin/../lib/gcc/arm-none-eabi/7.3.1/../../../../arm-none-eabi/lib/thumb/v7e-m/fpv5/hard\libm.a(lib_a-e_pow.o)
 .rodata.dp_l   0x00000000080118f8       0x10 c:/st/stm32cubeide_1.2.0/stm32cubeide/plugins/com.st.stm32cube.ide.mcu.externaltools.gnu-tools-for-stm32.7-2018-q2-update.win32_1.0.0.201904181610/tools/bin/../lib/gcc/arm-none-eabi/7.3.1/../../../../arm-none-eabi/lib/thumb/v7e-m/fpv5/hard\libm.a(lib_a-e_pow.o)
 .rodata.TWO52  0x0000000008011908       0x10 c:/st/stm32cubeide_1.2.0/stm32cubeide/plugins/com.st.stm32cube.ide.mcu.externaltools.gnu-tools-for-stm32.7-2018-q2-update.win32_1.0.0.201904181610/tools/bin/../lib/gcc/arm-none-eabi/7.3.1/../../../../arm-none-eabi/lib/thumb/v7e-m/fpv5/hard\libm.a(lib_a-s_rint.o)
                0x0000000008011918                . = ALIGN (0x4)

.ARM.extab      0x0000000008011918        0x0
                0x0000000008011918                . = ALIGN (0x4)
 *(.ARM.extab* .gnu.linkonce.armextab.*)
                0x0000000008011918                . = ALIGN (0x4)

.ARM            0x0000000008011918        0x8
                0x0000000008011918                . = ALIGN (0x4)
                0x0000000008011918                __exidx_start = .
 *(.ARM.exidx*)
 .ARM.exidx     0x0000000008011918        0x8 c:/st/stm32cubeide_1.2.0/stm32cubeide/plugins/com.st.stm32cube.ide.mcu.externaltools.gnu-tools-for-stm32.7-2018-q2-update.win32_1.0.0.201904181610/tools/bin/../lib/gcc/arm-none-eabi/7.3.1/thumb/v7e-m/fpv5/hard\libgcc.a(_udivmoddi4.o)
                0x0000000008011920                __exidx_end = .
                0x0000000008011920                . = ALIGN (0x4)

.rel.dyn        0x0000000008011920        0x0
 .rel.iplt      0x0000000008011920        0x0 c:/st/stm32cubeide_1.2.0/stm32cubeide/plugins/com.st.stm32cube.ide.mcu.externaltools.gnu-tools-for-stm32.7-2018-q2-update.win32_1.0.0.201904181610/tools/bin/../lib/gcc/arm-none-eabi/7.3.1/thumb/v7e-m/fpv5/hard/crtbegin.o

.preinit_array  0x0000000008011920        0x0
                0x0000000008011920                . = ALIGN (0x4)
                0x0000000008011920                PROVIDE (__preinit_array_start = .)
 *(.preinit_array*)
                0x0000000008011920                PROVIDE (__preinit_array_end = .)
                0x0000000008011920                . = ALIGN (0x4)

.init_array     0x0000000008011920        0x4
                0x0000000008011920                . = ALIGN (0x4)
                0x0000000008011920                PROVIDE (__init_array_start = .)
 *(SORT_BY_NAME(.init_array.*))
 *(.init_array*)
 .init_array    0x0000000008011920        0x4 c:/st/stm32cubeide_1.2.0/stm32cubeide/plugins/com.st.stm32cube.ide.mcu.externaltools.gnu-tools-for-stm32.7-2018-q2-update.win32_1.0.0.201904181610/tools/bin/../lib/gcc/arm-none-eabi/7.3.1/thumb/v7e-m/fpv5/hard/crtbegin.o
                0x0000000008011924                PROVIDE (__init_array_end = .)
                0x0000000008011924                . = ALIGN (0x4)

.fini_array     0x0000000008011924        0x4
                0x0000000008011924                . = ALIGN (0x4)
                [!provide]                        PROVIDE (__fini_array_start = .)
 *(SORT_BY_NAME(.fini_array.*))
 *(.fini_array*)
 .fini_array    0x0000000008011924        0x4 c:/st/stm32cubeide_1.2.0/stm32cubeide/plugins/com.st.stm32cube.ide.mcu.externaltools.gnu-tools-for-stm32.7-2018-q2-update.win32_1.0.0.201904181610/tools/bin/../lib/gcc/arm-none-eabi/7.3.1/thumb/v7e-m/fpv5/hard/crtbegin.o
                [!provide]                        PROVIDE (__fini_array_end = .)
                0x0000000008011928                . = ALIGN (0x4)
                0x0000000008011928                _sidata = LOADADDR (.data)

.data           0x0000000024000000      0x2e4 load address 0x0000000008011928
                0x0000000024000000                . = ALIGN (0x4)
                0x0000000024000000                _sdata = .
 *(.data)
 *(.data*)
 .data.Fcl      0x0000000024000000        0x8 Core/Src/main.o
                0x0000000024000000                Fcl
 .data.data     0x0000000024000008        0x7 Core/Src/main.o
                0x0000000024000008                data
 *fill*         0x000000002400000f        0x1 
 .data.FlagTrayectoM3
                0x0000000024000010        0x8 Core/Src/main.o
                0x0000000024000010                FlagTrayectoM3
 .data.stepRev  0x0000000024000018        0x8 Core/Src/motor.o
                0x0000000024000018                stepRev
 .data.reductor
                0x0000000024000020        0x8 Core/Src/motor.o
                0x0000000024000020                reductor
 .data.SystemCoreClock
                0x0000000024000028        0x4 Core/Src/system_stm32h7xx.o
                0x0000000024000028                SystemCoreClock
 .data.SystemD2Clock
                0x000000002400002c        0x4 Core/Src/system_stm32h7xx.o
                0x000000002400002c                SystemD2Clock
 .data.L1       0x0000000024000030        0x8 Core/Src/trayectoria.o
                0x0000000024000030                L1
 .data.L2       0x0000000024000038        0x8 Core/Src/trayectoria.o
                0x0000000024000038                L2
 .data.R        0x0000000024000040        0x8 Core/Src/trayectoria.o
                0x0000000024000040                R
 .data.r        0x0000000024000048        0x8 Core/Src/trayectoria.o
                0x0000000024000048                r
 .data.F1       0x0000000024000050       0x18 Core/Src/trayectoria.o
                0x0000000024000050                F1
 .data.F2       0x0000000024000068       0x18 Core/Src/trayectoria.o
                0x0000000024000068                F2
 .data.F3       0x0000000024000080       0x18 Core/Src/trayectoria.o
                0x0000000024000080                F3
 .data.SA1      0x0000000024000098       0x18 Core/Src/trayectoria.o
                0x0000000024000098                SA1
 .data.SA2      0x00000000240000b0       0x18 Core/Src/trayectoria.o
                0x00000000240000b0                SA2
 .data.SA3      0x00000000240000c8       0x18 Core/Src/trayectoria.o
                0x00000000240000c8                SA3
 .data.c30      0x00000000240000e0        0x8 Core/Src/trayectoria.o
                0x00000000240000e0                c30
 .data.s30      0x00000000240000e8        0x8 Core/Src/trayectoria.o
                0x00000000240000e8                s30
 .data.c150     0x00000000240000f0        0x8 Core/Src/trayectoria.o
                0x00000000240000f0                c150
 .data.s150     0x00000000240000f8        0x8 Core/Src/trayectoria.o
                0x00000000240000f8                s150
 .data.pi       0x0000000024000100        0x8 Core/Src/trayectoria.o
                0x0000000024000100                pi
 .data.uwTickPrio
                0x0000000024000108        0x4 Drivers/STM32H7xx_HAL_Driver/Src/stm32h7xx_hal.o
                0x0000000024000108                uwTickPrio
 .data.uwTickFreq
                0x000000002400010c        0x1 Drivers/STM32H7xx_HAL_Driver/Src/stm32h7xx_hal.o
                0x000000002400010c                uwTickFreq
 *fill*         0x000000002400010d        0x3 
 .data._impure_ptr
                0x0000000024000110        0x4 c:/st/stm32cubeide_1.2.0/stm32cubeide/plugins/com.st.stm32cube.ide.mcu.externaltools.gnu-tools-for-stm32.7-2018-q2-update.win32_1.0.0.201904181610/tools/bin/../lib/gcc/arm-none-eabi/7.3.1/../../../../arm-none-eabi/lib/thumb/v7e-m/fpv5/hard\libc_nano.a(lib_a-impure.o)
                0x0000000024000110                _impure_ptr
 .data.impure_data
                0x0000000024000114       0x60 c:/st/stm32cubeide_1.2.0/stm32cubeide/plugins/com.st.stm32cube.ide.mcu.externaltools.gnu-tools-for-stm32.7-2018-q2-update.win32_1.0.0.201904181610/tools/bin/../lib/gcc/arm-none-eabi/7.3.1/../../../../arm-none-eabi/lib/thumb/v7e-m/fpv5/hard\libc_nano.a(lib_a-impure.o)
 .data.__global_locale
                0x0000000024000174      0x16c c:/st/stm32cubeide_1.2.0/stm32cubeide/plugins/com.st.stm32cube.ide.mcu.externaltools.gnu-tools-for-stm32.7-2018-q2-update.win32_1.0.0.201904181610/tools/bin/../lib/gcc/arm-none-eabi/7.3.1/../../../../arm-none-eabi/lib/thumb/v7e-m/fpv5/hard\libc_nano.a(lib_a-locale.o)
                0x0000000024000174                __global_locale
 .data.__fdlib_version
                0x00000000240002e0        0x1 c:/st/stm32cubeide_1.2.0/stm32cubeide/plugins/com.st.stm32cube.ide.mcu.externaltools.gnu-tools-for-stm32.7-2018-q2-update.win32_1.0.0.201904181610/tools/bin/../lib/gcc/arm-none-eabi/7.3.1/../../../../arm-none-eabi/lib/thumb/v7e-m/fpv5/hard\libm.a(lib_a-s_lib_ver.o)
                0x00000000240002e0                __fdlib_version
                0x00000000240002e4                . = ALIGN (0x4)
 *fill*         0x00000000240002e1        0x3 
                0x00000000240002e4                _edata = .

.igot.plt       0x00000000240002e4        0x0 load address 0x0000000008011c0c
 .igot.plt      0x00000000240002e4        0x0 c:/st/stm32cubeide_1.2.0/stm32cubeide/plugins/com.st.stm32cube.ide.mcu.externaltools.gnu-tools-for-stm32.7-2018-q2-update.win32_1.0.0.201904181610/tools/bin/../lib/gcc/arm-none-eabi/7.3.1/thumb/v7e-m/fpv5/hard/crtbegin.o
                0x00000000240002e4                . = ALIGN (0x4)

.bss            0x00000000240002e8      0xab4 load address 0x0000000008011c0c
                0x00000000240002e8                _sbss = .
                0x00000000240002e8                __bss_start__ = _sbss
 *(.bss)
 .bss           0x00000000240002e8       0x1c c:/st/stm32cubeide_1.2.0/stm32cubeide/plugins/com.st.stm32cube.ide.mcu.externaltools.gnu-tools-for-stm32.7-2018-q2-update.win32_1.0.0.201904181610/tools/bin/../lib/gcc/arm-none-eabi/7.3.1/thumb/v7e-m/fpv5/hard/crtbegin.o
 *(.bss*)
 .bss.rx_index  0x0000000024000304        0x1 Core/Src/main.o
                0x0000000024000304                rx_index
 *fill*         0x0000000024000305        0x3 
 .bss.X         0x0000000024000308        0x8 Core/Src/main.o
                0x0000000024000308                X
 .bss.DX        0x0000000024000310        0x8 Core/Src/main.o
                0x0000000024000310                DX
 .bss.DDX       0x0000000024000318        0x8 Core/Src/main.o
                0x0000000024000318                DDX
 .bss.FlagButton
                0x0000000024000320        0x8 Core/Src/main.o
                0x0000000024000320                FlagButton
 .bss.flagErrorEndStop
                0x0000000024000328        0x8 Core/Src/main.o
                0x0000000024000328                flagErrorEndStop
 .bss.Start     0x0000000024000330        0x1 Core/Src/main.o
                0x0000000024000330                Start
 *fill*         0x0000000024000331        0x7 
 .bss.mandalemecha
                0x0000000024000338        0x8 Core/Src/main.o
                0x0000000024000338                mandalemecha
 .bss.dRecta3DZ
                0x0000000024000340        0x8 Core/Src/main.o
                0x0000000024000340                dRecta3DZ
 .bss.anguloActual1
                0x0000000024000348        0x8 Core/Src/motor.o
                0x0000000024000348                anguloActual1
 .bss.anguloActual2
                0x0000000024000350        0x8 Core/Src/motor.o
                0x0000000024000350                anguloActual2
 .bss.anguloActual3
                0x0000000024000358        0x8 Core/Src/motor.o
                0x0000000024000358                anguloActual3
 .bss.heap_end.6424
                0x0000000024000360        0x4 Core/Src/sysmem.o
 .bss.__malloc_free_list
                0x0000000024000364        0x4 c:/st/stm32cubeide_1.2.0/stm32cubeide/plugins/com.st.stm32cube.ide.mcu.externaltools.gnu-tools-for-stm32.7-2018-q2-update.win32_1.0.0.201904181610/tools/bin/../lib/gcc/arm-none-eabi/7.3.1/../../../../arm-none-eabi/lib/thumb/v7e-m/fpv5/hard\libc_nano.a(lib_a-nano-mallocr.o)
                0x0000000024000364                __malloc_free_list
 .bss.__malloc_sbrk_start
                0x0000000024000368        0x4 c:/st/stm32cubeide_1.2.0/stm32cubeide/plugins/com.st.stm32cube.ide.mcu.externaltools.gnu-tools-for-stm32.7-2018-q2-update.win32_1.0.0.201904181610/tools/bin/../lib/gcc/arm-none-eabi/7.3.1/../../../../arm-none-eabi/lib/thumb/v7e-m/fpv5/hard\libc_nano.a(lib_a-nano-mallocr.o)
                0x0000000024000368                __malloc_sbrk_start
 *(COMMON)
 *fill*         0x000000002400036c        0x4 
 COMMON         0x0000000024000370       0x10 Core/Src/homing.o
                0x0000000024000370                homeOk
                0x0000000024000378                rpm
 COMMON         0x0000000024000380       0x10 Core/Src/interpretaComando.o
                0x0000000024000380                auxString
                0x000000002400038c                auxM
 COMMON         0x0000000024000390      0x18c Core/Src/main.o
                0x0000000024000390                rpm2
                0x0000000024000398                cm0
                0x00000000240003a0                FlagTrayectoM2
                0x00000000240003a8                omega1
                0x00000000240003b0                pMotor3
                0x00000000240003b4                FlagTiempo
                0x00000000240003b8                periodoM2
                0x00000000240003c0                titha3
                0x00000000240003c8                numStep1
                0x00000000240003cc                Pxfin
                0x00000000240003d0                omega3
                0x00000000240003d8                ErrorPeriodo
                0x00000000240003f0                periodoM1
                0x00000000240003f4                pMotor1
                0x00000000240003f8                rx_buffer
                0x0000000024000418                Pzfin
                0x000000002400041c                periodoM3
                0x0000000024000420                Pyfin
                0x0000000024000424                numStep2
                0x0000000024000428                rpm1
                0x0000000024000430                Recta3D
                0x0000000024000448                Pzini
                0x0000000024000450                titha1
                0x0000000024000458                rx_data
                0x0000000024000460                dRecta3D
                0x0000000024000478                Pyini
                0x0000000024000480                Tiempo
                0x0000000024000488                vDirector
                0x0000000024000494                Pxini
                0x0000000024000498                omega
                0x00000000240004b0                FlagTrayectoM1
                0x00000000240004b8                titha2
                0x00000000240004c0                periodoM
                0x00000000240004d8                rpm3
                0x00000000240004e0                numStep3
                0x00000000240004e8                omega2
                0x00000000240004f0                distancia
                0x00000000240004f8                TiempoTotal
                0x0000000024000500                ErrorAcumuladoPeriodo
                0x0000000024000518                pMotor2
 *fill*         0x000000002400051c        0x4 
 COMMON         0x0000000024000520       0x38 Core/Src/motor.o
                0x0000000024000520                Periodo
                0x0000000024000528                remanente1
                0x0000000024000530                calculoStep1
                0x0000000024000538                remanente3
                0x0000000024000540                calculoStep3
                0x0000000024000548                calculoStep2
                0x0000000024000550                remanente2
 COMMON         0x0000000024000558      0x200 Core/Src/tim.o
                0x0000000024000558                htim4
                0x0000000024000598                htim15
                0x00000000240005d8                htim5
                0x0000000024000618                htim3
                0x0000000024000658                htim13
                0x0000000024000698                htim2
                0x00000000240006d8                htim14
                0x0000000024000718                htim12
 COMMON         0x0000000024000758      0x498 Core/Src/trayectoria.o
                0x0000000024000758                ZJ3_2
                0x0000000024000760                tfHip3
                0x0000000024000768                YJ2_2
                0x0000000024000770                XJ1_1
                0x0000000024000778                cross_P1
                0x0000000024000790                tiHip2
                0x0000000024000798                C1
                0x00000000240007a0                A15
                0x00000000240007a8                a3Hip2
                0x00000000240007b0                tfHip1
                0x00000000240007b8                XJ2_1
                0x00000000240007c0                a1Hip4
                0x00000000240007c8                YJ1_1
                0x00000000240007d0                C3
                0x00000000240007d8                Jci
                0x0000000024000820                a0Hip3
                0x0000000024000828                A3
                0x0000000024000830                YJ3_1
                0x0000000024000838                a2Hip2
                0x0000000024000840                XiHip3
                0x0000000024000848                Jcd
                0x0000000024000890                YJ1_2
                0x0000000024000898                XJ2_2
                0x00000000240008a0                Af
                0x00000000240008a8                A14
                0x00000000240008b0                XJ3_1
                0x00000000240008b8                Ai
                0x00000000240008c0                a3Hip4
                0x00000000240008c8                E2
                0x00000000240008e0                XfHip1
                0x00000000240008e8                ViHip2
                0x00000000240008f0                ZJ3_1
                0x00000000240008f8                a1Hip2
                0x0000000024000900                ZJ1_1
                0x0000000024000908                l2
                0x0000000024000950                Jci_inv
                0x0000000024000998                tfHip4
                0x00000000240009a0                VfHip1
                0x00000000240009a8                cross_P2
                0x00000000240009c0                C2
                0x00000000240009c8                DVHip
                0x00000000240009d0                XfHip2
                0x00000000240009d8                a3Hip1
                0x00000000240009e0                tfHip2