../Core/Src/main.c:130:6:robotInitialization	8	static
../Core/Src/main.c:192:5:main	8	static
../Core/Src/main.c:446:6:SystemClock_Config	120	static
../Core/Src/main.c:502:6:HAL_GPIO_EXTI_Callback	16	static
../Core/Src/main.c:535:6:HAL_UART_RxCpltCallback	24	static
../Core/Src/main.c:574:6:HAL_UART_TxCpltCallback	16	static,ignoring_inline_asm
../Core/Src/main.c:578:6:HAL_TIM_IC_CaptureCallback	16	static
../Core/Src/main.c:634:6:HAL_TIM_PeriodElapsedCallback	16	static
../Core/Src/main.c:652:6:Error_Handler	4	static
