../Core/Src/main.c:128:6:robotInitialization	8	static
../Core/Src/main.c:190:5:main	8	static
../Core/Src/main.c:417:6:SystemClock_Config	120	static
../Core/Src/main.c:473:6:HAL_GPIO_EXTI_Callback	16	static
../Core/Src/main.c:503:6:HAL_UART_RxCpltCallback	24	static
../Core/Src/main.c:542:6:HAL_UART_TxCpltCallback	16	static,ignoring_inline_asm
../Core/Src/main.c:546:6:HAL_TIM_IC_CaptureCallback	16	static
../Core/Src/main.c:604:6:HAL_TIM_PeriodElapsedCallback	16	static
../Core/Src/main.c:622:6:Error_Handler	4	static
